Component: Arm Compiler for Embedded 6.18 Tool: armlink [5e4cc100]

==============================================================================

Section Cross References

    startup_stm32g030xx.o(STACK) refers (Special) to heapauxi.o(.text) for __use_two_region_memory
    startup_stm32g030xx.o(HEAP) refers (Special) to heapauxi.o(.text) for __use_two_region_memory
    startup_stm32g030xx.o(RESET) refers (Special) to heapauxi.o(.text) for __use_two_region_memory
    startup_stm32g030xx.o(RESET) refers to startup_stm32g030xx.o(STACK) for __initial_sp
    startup_stm32g030xx.o(RESET) refers to startup_stm32g030xx.o(.text) for Reset_Handler
    startup_stm32g030xx.o(RESET) refers to stm32g0xx_it.o(.text.NMI_Handler) for NMI_Handler
    startup_stm32g030xx.o(RESET) refers to stm32g0xx_it.o(.text.HardFault_Handler) for HardFault_Handler
    startup_stm32g030xx.o(RESET) refers to stm32g0xx_it.o(.text.SVC_Handler) for SVC_Handler
    startup_stm32g030xx.o(RESET) refers to stm32g0xx_it.o(.text.PendSV_Handler) for PendSV_Handler
    startup_stm32g030xx.o(RESET) refers to stm32g0xx_it.o(.text.SysTick_Handler) for SysTick_Handler
    startup_stm32g030xx.o(.text) refers (Special) to heapauxi.o(.text) for __use_two_region_memory
    startup_stm32g030xx.o(.text) refers to system_stm32g0xx.o(.text.SystemInit) for SystemInit
    startup_stm32g030xx.o(.text) refers to __main.o(!!!main) for __main
    startup_stm32g030xx.o(.text) refers to startup_stm32g030xx.o(HEAP) for Heap_Mem
    startup_stm32g030xx.o(.text) refers to startup_stm32g030xx.o(STACK) for Stack_Mem
    main.o(.text.main) refers to main.o(.text.SystemClock_Config) for SystemClock_Config
    main.o(.text.main) refers to gpio.o(.text.MX_GPIO_Init) for MX_GPIO_Init
    main.o(.text.main) refers to tim.o(.text.MX_TIM1_Init) for MX_TIM1_Init
    main.o(.text.main) refers to spi.o(.text.MX_SPI1_Init) for MX_SPI1_Init
    main.o(.text.main) refers to tim.o(.text.MX_TIM3_Init) for MX_TIM3_Init
    main.o(.text.main) refers to i2c.o(.text.MX_I2C1_Init) for MX_I2C1_Init
    main.o(.text.main) refers to adc.o(.text.MX_ADC1_Init) for MX_ADC1_Init
    main.o(.ARM.exidx.text.main) refers to main.o(.text.main) for [Anonymous Symbol]
    main.o(.text.SystemClock_Config) refers to stm32g0xx_ll_utils.o(.text.LL_Init1msTick) for LL_Init1msTick
    main.o(.text.SystemClock_Config) refers to stm32g0xx_ll_utils.o(.text.LL_SetSystemCoreClock) for LL_SetSystemCoreClock
    main.o(.ARM.exidx.text.SystemClock_Config) refers to main.o(.text.SystemClock_Config) for [Anonymous Symbol]
    main.o(.text.AD9833_WaveSeting) refers to ddiv.o(.text) for __aeabi_ddiv
    main.o(.text.AD9833_WaveSeting) refers to dmul.o(.text) for __aeabi_dmul
    main.o(.text.AD9833_WaveSeting) refers to dfixi.o(.text) for __aeabi_d2iz
    main.o(.ARM.exidx.text.AD9833_WaveSeting) refers to main.o(.text.AD9833_WaveSeting) for [Anonymous Symbol]
    main.o(.ARM.exidx.text.AD9833_Write) refers to main.o(.text.AD9833_Write) for [Anonymous Symbol]
    main.o(.ARM.exidx.text.Error_Handler) refers to main.o(.text.Error_Handler) for [Anonymous Symbol]
    gpio.o(.text.MX_GPIO_Init) refers to stm32g0xx_ll_gpio.o(.text.LL_GPIO_Init) for LL_GPIO_Init
    gpio.o(.ARM.exidx.text.MX_GPIO_Init) refers to gpio.o(.text.MX_GPIO_Init) for [Anonymous Symbol]
    adc.o(.text.MX_ADC1_Init) refers to stm32g0xx_ll_gpio.o(.text.LL_GPIO_Init) for LL_GPIO_Init
    adc.o(.text.MX_ADC1_Init) refers to stm32g0xx_ll_adc.o(.text.LL_ADC_Init) for LL_ADC_Init
    adc.o(.text.MX_ADC1_Init) refers to stm32g0xx_ll_adc.o(.text.LL_ADC_REG_Init) for LL_ADC_REG_Init
    adc.o(.ARM.exidx.text.MX_ADC1_Init) refers to adc.o(.text.MX_ADC1_Init) for [Anonymous Symbol]
    i2c.o(.text.MX_I2C1_Init) refers to stm32g0xx_ll_gpio.o(.text.LL_GPIO_Init) for LL_GPIO_Init
    i2c.o(.text.MX_I2C1_Init) refers to stm32g0xx_ll_i2c.o(.text.LL_I2C_Init) for LL_I2C_Init
    i2c.o(.ARM.exidx.text.MX_I2C1_Init) refers to i2c.o(.text.MX_I2C1_Init) for [Anonymous Symbol]
    spi.o(.text.MX_SPI1_Init) refers to stm32g0xx_ll_gpio.o(.text.LL_GPIO_Init) for LL_GPIO_Init
    spi.o(.text.MX_SPI1_Init) refers to stm32g0xx_ll_spi.o(.text.LL_SPI_Init) for LL_SPI_Init
    spi.o(.ARM.exidx.text.MX_SPI1_Init) refers to spi.o(.text.MX_SPI1_Init) for [Anonymous Symbol]
    tim.o(.text.MX_TIM1_Init) refers to stm32g0xx_ll_tim.o(.text.LL_TIM_Init) for LL_TIM_Init
    tim.o(.text.MX_TIM1_Init) refers to stm32g0xx_ll_tim.o(.text.LL_TIM_OC_Init) for LL_TIM_OC_Init
    tim.o(.text.MX_TIM1_Init) refers to stm32g0xx_ll_tim.o(.text.LL_TIM_BDTR_Init) for LL_TIM_BDTR_Init
    tim.o(.text.MX_TIM1_Init) refers to stm32g0xx_ll_gpio.o(.text.LL_GPIO_Init) for LL_GPIO_Init
    tim.o(.ARM.exidx.text.MX_TIM1_Init) refers to tim.o(.text.MX_TIM1_Init) for [Anonymous Symbol]
    tim.o(.text.MX_TIM3_Init) refers to stm32g0xx_ll_gpio.o(.text.LL_GPIO_Init) for LL_GPIO_Init
    tim.o(.text.MX_TIM3_Init) refers to stm32g0xx_ll_tim.o(.text.LL_TIM_Init) for LL_TIM_Init
    tim.o(.ARM.exidx.text.MX_TIM3_Init) refers to tim.o(.text.MX_TIM3_Init) for [Anonymous Symbol]
    stm32g0xx_it.o(.ARM.exidx.text.NMI_Handler) refers to stm32g0xx_it.o(.text.NMI_Handler) for [Anonymous Symbol]
    stm32g0xx_it.o(.ARM.exidx.text.HardFault_Handler) refers to stm32g0xx_it.o(.text.HardFault_Handler) for [Anonymous Symbol]
    stm32g0xx_it.o(.ARM.exidx.text.SVC_Handler) refers to stm32g0xx_it.o(.text.SVC_Handler) for [Anonymous Symbol]
    stm32g0xx_it.o(.ARM.exidx.text.PendSV_Handler) refers to stm32g0xx_it.o(.text.PendSV_Handler) for [Anonymous Symbol]
    stm32g0xx_it.o(.ARM.exidx.text.SysTick_Handler) refers to stm32g0xx_it.o(.text.SysTick_Handler) for [Anonymous Symbol]
    stm32g0xx_ll_utils.o(.text.LL_Init1msTick) refers to aeabi_sdivfast.o(.text_divfast) for __aeabi_uidiv
    stm32g0xx_ll_utils.o(.ARM.exidx.text.LL_Init1msTick) refers to stm32g0xx_ll_utils.o(.text.LL_Init1msTick) for [Anonymous Symbol]
    stm32g0xx_ll_utils.o(.ARM.exidx.text.LL_mDelay) refers to stm32g0xx_ll_utils.o(.text.LL_mDelay) for [Anonymous Symbol]
    stm32g0xx_ll_utils.o(.text.LL_SetSystemCoreClock) refers to system_stm32g0xx.o(.data.SystemCoreClock) for SystemCoreClock
    stm32g0xx_ll_utils.o(.ARM.exidx.text.LL_SetSystemCoreClock) refers to stm32g0xx_ll_utils.o(.text.LL_SetSystemCoreClock) for [Anonymous Symbol]
    stm32g0xx_ll_utils.o(.text.LL_PLL_ConfigSystemClock_HSI) refers to aeabi_sdivfast.o(.text_divfast) for __aeabi_uidiv
    stm32g0xx_ll_utils.o(.text.LL_PLL_ConfigSystemClock_HSI) refers to stm32g0xx_ll_utils.o(.text.UTILS_EnablePLLAndSwitchSystem) for UTILS_EnablePLLAndSwitchSystem
    stm32g0xx_ll_utils.o(.ARM.exidx.text.LL_PLL_ConfigSystemClock_HSI) refers to stm32g0xx_ll_utils.o(.text.LL_PLL_ConfigSystemClock_HSI) for [Anonymous Symbol]
    stm32g0xx_ll_utils.o(.text.UTILS_EnablePLLAndSwitchSystem) refers to system_stm32g0xx.o(.rodata.AHBPrescTable) for AHBPrescTable
    stm32g0xx_ll_utils.o(.text.UTILS_EnablePLLAndSwitchSystem) refers to system_stm32g0xx.o(.data.SystemCoreClock) for SystemCoreClock
    stm32g0xx_ll_utils.o(.ARM.exidx.text.UTILS_EnablePLLAndSwitchSystem) refers to stm32g0xx_ll_utils.o(.text.UTILS_EnablePLLAndSwitchSystem) for [Anonymous Symbol]
    stm32g0xx_ll_utils.o(.text.LL_PLL_ConfigSystemClock_HSE) refers to aeabi_sdivfast.o(.text_divfast) for __aeabi_uidiv
    stm32g0xx_ll_utils.o(.text.LL_PLL_ConfigSystemClock_HSE) refers to stm32g0xx_ll_utils.o(.text.UTILS_EnablePLLAndSwitchSystem) for UTILS_EnablePLLAndSwitchSystem
    stm32g0xx_ll_utils.o(.ARM.exidx.text.LL_PLL_ConfigSystemClock_HSE) refers to stm32g0xx_ll_utils.o(.text.LL_PLL_ConfigSystemClock_HSE) for [Anonymous Symbol]
    stm32g0xx_ll_utils.o(.ARM.exidx.text.LL_SetFlashLatency) refers to stm32g0xx_ll_utils.o(.text.LL_SetFlashLatency) for [Anonymous Symbol]
    stm32g0xx_ll_exti.o(.ARM.exidx.text.LL_EXTI_DeInit) refers to stm32g0xx_ll_exti.o(.text.LL_EXTI_DeInit) for [Anonymous Symbol]
    stm32g0xx_ll_exti.o(.ARM.exidx.text.LL_EXTI_Init) refers to stm32g0xx_ll_exti.o(.text.LL_EXTI_Init) for [Anonymous Symbol]
    stm32g0xx_ll_exti.o(.ARM.exidx.text.LL_EXTI_StructInit) refers to stm32g0xx_ll_exti.o(.text.LL_EXTI_StructInit) for [Anonymous Symbol]
    stm32g0xx_ll_gpio.o(.ARM.exidx.text.LL_GPIO_DeInit) refers to stm32g0xx_ll_gpio.o(.text.LL_GPIO_DeInit) for [Anonymous Symbol]
    stm32g0xx_ll_gpio.o(.ARM.exidx.text.LL_GPIO_Init) refers to stm32g0xx_ll_gpio.o(.text.LL_GPIO_Init) for [Anonymous Symbol]
    stm32g0xx_ll_gpio.o(.ARM.exidx.text.LL_GPIO_StructInit) refers to stm32g0xx_ll_gpio.o(.text.LL_GPIO_StructInit) for [Anonymous Symbol]
    stm32g0xx_ll_adc.o(.ARM.exidx.text.LL_ADC_CommonDeInit) refers to stm32g0xx_ll_adc.o(.text.LL_ADC_CommonDeInit) for [Anonymous Symbol]
    stm32g0xx_ll_adc.o(.ARM.exidx.text.LL_ADC_CommonInit) refers to stm32g0xx_ll_adc.o(.text.LL_ADC_CommonInit) for [Anonymous Symbol]
    stm32g0xx_ll_adc.o(.ARM.exidx.text.LL_ADC_CommonStructInit) refers to stm32g0xx_ll_adc.o(.text.LL_ADC_CommonStructInit) for [Anonymous Symbol]
    stm32g0xx_ll_adc.o(.ARM.exidx.text.LL_ADC_DeInit) refers to stm32g0xx_ll_adc.o(.text.LL_ADC_DeInit) for [Anonymous Symbol]
    stm32g0xx_ll_adc.o(.ARM.exidx.text.LL_ADC_Init) refers to stm32g0xx_ll_adc.o(.text.LL_ADC_Init) for [Anonymous Symbol]
    stm32g0xx_ll_adc.o(.ARM.exidx.text.LL_ADC_StructInit) refers to stm32g0xx_ll_adc.o(.text.LL_ADC_StructInit) for [Anonymous Symbol]
    stm32g0xx_ll_adc.o(.ARM.exidx.text.LL_ADC_REG_Init) refers to stm32g0xx_ll_adc.o(.text.LL_ADC_REG_Init) for [Anonymous Symbol]
    stm32g0xx_ll_adc.o(.ARM.exidx.text.LL_ADC_REG_StructInit) refers to stm32g0xx_ll_adc.o(.text.LL_ADC_REG_StructInit) for [Anonymous Symbol]
    stm32g0xx_ll_dma.o(.ARM.exidx.text.LL_DMA_DeInit) refers to stm32g0xx_ll_dma.o(.text.LL_DMA_DeInit) for [Anonymous Symbol]
    stm32g0xx_ll_dma.o(.ARM.exidx.text.LL_DMA_Init) refers to stm32g0xx_ll_dma.o(.text.LL_DMA_Init) for [Anonymous Symbol]
    stm32g0xx_ll_dma.o(.text.LL_DMA_StructInit) refers to rt_memclr.o(.text) for __aeabi_memclr4
    stm32g0xx_ll_dma.o(.ARM.exidx.text.LL_DMA_StructInit) refers to stm32g0xx_ll_dma.o(.text.LL_DMA_StructInit) for [Anonymous Symbol]
    stm32g0xx_ll_rcc.o(.ARM.exidx.text.LL_RCC_DeInit) refers to stm32g0xx_ll_rcc.o(.text.LL_RCC_DeInit) for [Anonymous Symbol]
    stm32g0xx_ll_rcc.o(.text.LL_RCC_GetSystemClocksFreq) refers to aeabi_sdivfast.o(.text_divfast) for __aeabi_uidiv
    stm32g0xx_ll_rcc.o(.text.LL_RCC_GetSystemClocksFreq) refers to system_stm32g0xx.o(.rodata.AHBPrescTable) for AHBPrescTable
    stm32g0xx_ll_rcc.o(.text.LL_RCC_GetSystemClocksFreq) refers to system_stm32g0xx.o(.rodata.APBPrescTable) for APBPrescTable
    stm32g0xx_ll_rcc.o(.ARM.exidx.text.LL_RCC_GetSystemClocksFreq) refers to stm32g0xx_ll_rcc.o(.text.LL_RCC_GetSystemClocksFreq) for [Anonymous Symbol]
    stm32g0xx_ll_rcc.o(.text.LL_RCC_GetUSARTClockFreq) refers to aeabi_sdivfast.o(.text_divfast) for __aeabi_uidiv
    stm32g0xx_ll_rcc.o(.text.LL_RCC_GetUSARTClockFreq) refers to system_stm32g0xx.o(.rodata.APBPrescTable) for APBPrescTable
    stm32g0xx_ll_rcc.o(.text.LL_RCC_GetUSARTClockFreq) refers to system_stm32g0xx.o(.rodata.AHBPrescTable) for AHBPrescTable
    stm32g0xx_ll_rcc.o(.ARM.exidx.text.LL_RCC_GetUSARTClockFreq) refers to stm32g0xx_ll_rcc.o(.text.LL_RCC_GetUSARTClockFreq) for [Anonymous Symbol]
    stm32g0xx_ll_rcc.o(.text.LL_RCC_GetI2CClockFreq) refers to aeabi_sdivfast.o(.text_divfast) for __aeabi_uidiv
    stm32g0xx_ll_rcc.o(.text.LL_RCC_GetI2CClockFreq) refers to system_stm32g0xx.o(.rodata.APBPrescTable) for APBPrescTable
    stm32g0xx_ll_rcc.o(.text.LL_RCC_GetI2CClockFreq) refers to system_stm32g0xx.o(.rodata.AHBPrescTable) for AHBPrescTable
    stm32g0xx_ll_rcc.o(.ARM.exidx.text.LL_RCC_GetI2CClockFreq) refers to stm32g0xx_ll_rcc.o(.text.LL_RCC_GetI2CClockFreq) for [Anonymous Symbol]
    stm32g0xx_ll_rcc.o(.text.LL_RCC_GetI2SClockFreq) refers to aeabi_sdivfast.o(.text_divfast) for __aeabi_uidiv
    stm32g0xx_ll_rcc.o(.ARM.exidx.text.LL_RCC_GetI2SClockFreq) refers to stm32g0xx_ll_rcc.o(.text.LL_RCC_GetI2SClockFreq) for [Anonymous Symbol]
    stm32g0xx_ll_rcc.o(.text.LL_RCC_GetADCClockFreq) refers to aeabi_sdivfast.o(.text_divfast) for __aeabi_uidiv
    stm32g0xx_ll_rcc.o(.ARM.exidx.text.LL_RCC_GetADCClockFreq) refers to stm32g0xx_ll_rcc.o(.text.LL_RCC_GetADCClockFreq) for [Anonymous Symbol]
    stm32g0xx_ll_rcc.o(.ARM.exidx.text.LL_RCC_GetRTCClockFreq) refers to stm32g0xx_ll_rcc.o(.text.LL_RCC_GetRTCClockFreq) for [Anonymous Symbol]
    stm32g0xx_ll_i2c.o(.ARM.exidx.text.LL_I2C_DeInit) refers to stm32g0xx_ll_i2c.o(.text.LL_I2C_DeInit) for [Anonymous Symbol]
    stm32g0xx_ll_i2c.o(.ARM.exidx.text.LL_I2C_Init) refers to stm32g0xx_ll_i2c.o(.text.LL_I2C_Init) for [Anonymous Symbol]
    stm32g0xx_ll_i2c.o(.ARM.exidx.text.LL_I2C_StructInit) refers to stm32g0xx_ll_i2c.o(.text.LL_I2C_StructInit) for [Anonymous Symbol]
    stm32g0xx_ll_spi.o(.ARM.exidx.text.LL_SPI_DeInit) refers to stm32g0xx_ll_spi.o(.text.LL_SPI_DeInit) for [Anonymous Symbol]
    stm32g0xx_ll_spi.o(.ARM.exidx.text.LL_SPI_Init) refers to stm32g0xx_ll_spi.o(.text.LL_SPI_Init) for [Anonymous Symbol]
    stm32g0xx_ll_spi.o(.ARM.exidx.text.LL_SPI_StructInit) refers to stm32g0xx_ll_spi.o(.text.LL_SPI_StructInit) for [Anonymous Symbol]
    stm32g0xx_ll_spi.o(.ARM.exidx.text.LL_I2S_DeInit) refers to stm32g0xx_ll_spi.o(.text.LL_I2S_DeInit) for [Anonymous Symbol]
    stm32g0xx_ll_spi.o(.text.LL_I2S_Init) refers to stm32g0xx_ll_rcc.o(.text.LL_RCC_GetSystemClocksFreq) for LL_RCC_GetSystemClocksFreq
    stm32g0xx_ll_spi.o(.text.LL_I2S_Init) refers to aeabi_sdivfast.o(.text_divfast) for __aeabi_uidiv
    stm32g0xx_ll_spi.o(.ARM.exidx.text.LL_I2S_Init) refers to stm32g0xx_ll_spi.o(.text.LL_I2S_Init) for [Anonymous Symbol]
    stm32g0xx_ll_spi.o(.ARM.exidx.text.LL_I2S_StructInit) refers to stm32g0xx_ll_spi.o(.text.LL_I2S_StructInit) for [Anonymous Symbol]
    stm32g0xx_ll_spi.o(.ARM.exidx.text.LL_I2S_ConfigPrescaler) refers to stm32g0xx_ll_spi.o(.text.LL_I2S_ConfigPrescaler) for [Anonymous Symbol]
    stm32g0xx_ll_pwr.o(.ARM.exidx.text.LL_PWR_DeInit) refers to stm32g0xx_ll_pwr.o(.text.LL_PWR_DeInit) for [Anonymous Symbol]
    stm32g0xx_ll_tim.o(.ARM.exidx.text.LL_TIM_DeInit) refers to stm32g0xx_ll_tim.o(.text.LL_TIM_DeInit) for [Anonymous Symbol]
    stm32g0xx_ll_tim.o(.ARM.exidx.text.LL_TIM_StructInit) refers to stm32g0xx_ll_tim.o(.text.LL_TIM_StructInit) for [Anonymous Symbol]
    stm32g0xx_ll_tim.o(.ARM.exidx.text.LL_TIM_Init) refers to stm32g0xx_ll_tim.o(.text.LL_TIM_Init) for [Anonymous Symbol]
    stm32g0xx_ll_tim.o(.ARM.exidx.text.LL_TIM_OC_StructInit) refers to stm32g0xx_ll_tim.o(.text.LL_TIM_OC_StructInit) for [Anonymous Symbol]
    stm32g0xx_ll_tim.o(.ARM.exidx.text.LL_TIM_OC_Init) refers to stm32g0xx_ll_tim.o(.text.LL_TIM_OC_Init) for [Anonymous Symbol]
    stm32g0xx_ll_tim.o(.ARM.exidx.text.LL_TIM_IC_StructInit) refers to stm32g0xx_ll_tim.o(.text.LL_TIM_IC_StructInit) for [Anonymous Symbol]
    stm32g0xx_ll_tim.o(.ARM.exidx.text.LL_TIM_IC_Init) refers to stm32g0xx_ll_tim.o(.text.LL_TIM_IC_Init) for [Anonymous Symbol]
    stm32g0xx_ll_tim.o(.ARM.exidx.text.LL_TIM_ENCODER_StructInit) refers to stm32g0xx_ll_tim.o(.text.LL_TIM_ENCODER_StructInit) for [Anonymous Symbol]
    stm32g0xx_ll_tim.o(.ARM.exidx.text.LL_TIM_ENCODER_Init) refers to stm32g0xx_ll_tim.o(.text.LL_TIM_ENCODER_Init) for [Anonymous Symbol]
    stm32g0xx_ll_tim.o(.ARM.exidx.text.LL_TIM_HALLSENSOR_StructInit) refers to stm32g0xx_ll_tim.o(.text.LL_TIM_HALLSENSOR_StructInit) for [Anonymous Symbol]
    stm32g0xx_ll_tim.o(.ARM.exidx.text.LL_TIM_HALLSENSOR_Init) refers to stm32g0xx_ll_tim.o(.text.LL_TIM_HALLSENSOR_Init) for [Anonymous Symbol]
    stm32g0xx_ll_tim.o(.text.LL_TIM_BDTR_StructInit) refers to rt_memclr.o(.text) for __aeabi_memclr
    stm32g0xx_ll_tim.o(.ARM.exidx.text.LL_TIM_BDTR_StructInit) refers to stm32g0xx_ll_tim.o(.text.LL_TIM_BDTR_StructInit) for [Anonymous Symbol]
    stm32g0xx_ll_tim.o(.ARM.exidx.text.LL_TIM_BDTR_Init) refers to stm32g0xx_ll_tim.o(.text.LL_TIM_BDTR_Init) for [Anonymous Symbol]
    system_stm32g0xx.o(.ARM.exidx.text.SystemInit) refers to system_stm32g0xx.o(.text.SystemInit) for [Anonymous Symbol]
    system_stm32g0xx.o(.text.SystemCoreClockUpdate) refers to aeabi_sdivfast.o(.text_divfast) for __aeabi_uidiv
    system_stm32g0xx.o(.text.SystemCoreClockUpdate) refers to system_stm32g0xx.o(.data.SystemCoreClock) for SystemCoreClock
    system_stm32g0xx.o(.text.SystemCoreClockUpdate) refers to system_stm32g0xx.o(.rodata.AHBPrescTable) for AHBPrescTable
    system_stm32g0xx.o(.ARM.exidx.text.SystemCoreClockUpdate) refers to system_stm32g0xx.o(.text.SystemCoreClockUpdate) for [Anonymous Symbol]
    __main.o(!!!main) refers to __rtentry.o(.ARM.Collect$$rtentry$$00000000) for __rt_entry
    ddiv.o(.text) refers (Special) to usenofp.o(x$fpl$usenofp) for __I$use$fp
    ddiv.o(.text) refers to ddiv.o(.constdata) for .constdata
    ddiv.o(.constdata) refers (Special) to usenofp.o(x$fpl$usenofp) for __I$use$fp
    dfixi.o(.text) refers (Special) to usenofp.o(x$fpl$usenofp) for __I$use$fp
    dmul.o(.text) refers (Special) to usenofp.o(x$fpl$usenofp) for __I$use$fp
    __rtentry.o(.ARM.Collect$$rtentry$$00000000) refers (Special) to __rtentry2.o(.ARM.Collect$$rtentry$$0000000A) for __rt_entry_li
    __rtentry.o(.ARM.Collect$$rtentry$$00000000) refers (Special) to __rtentry2.o(.ARM.Collect$$rtentry$$0000000D) for __rt_entry_main
    __rtentry.o(.ARM.Collect$$rtentry$$00000000) refers (Special) to __rtentry2.o(.ARM.Collect$$rtentry$$0000000C) for __rt_entry_postli_1
    __rtentry.o(.ARM.Collect$$rtentry$$00000000) refers (Special) to __rtentry2.o(.ARM.Collect$$rtentry$$00000009) for __rt_entry_postsh_1
    __rtentry.o(.ARM.Collect$$rtentry$$00000000) refers (Special) to __rtentry2.o(.ARM.Collect$$rtentry$$00000002) for __rt_entry_presh_1
    __rtentry.o(.ARM.Collect$$rtentry$$00000000) refers (Special) to __rtentry4.o(.ARM.Collect$$rtentry$$00000004) for __rt_entry_sh
    aeabi_idiv0_sigfpe.o(.text) refers to rt_div0.o(.text) for __rt_div0
    __rtentry2.o(.ARM.Collect$$rtentry$$00000008) refers to boardinit2.o(.text) for _platform_post_stackheap_init
    __rtentry2.o(.ARM.Collect$$rtentry$$0000000A) refers to libinit.o(.ARM.Collect$$libinit$$00000000) for __rt_lib_init
    __rtentry2.o(.ARM.Collect$$rtentry$$0000000B) refers to boardinit3.o(.text) for _platform_post_lib_init
    __rtentry2.o(.ARM.Collect$$rtentry$$0000000D) refers to main.o(.text.main) for main
    __rtentry2.o(.ARM.Collect$$rtentry$$0000000D) refers to exit.o(.text) for exit
    __rtentry2.o(.ARM.exidx) refers to __rtentry2.o(.ARM.Collect$$rtentry$$00000001) for .ARM.Collect$$rtentry$$00000001
    __rtentry2.o(.ARM.exidx) refers to __rtentry2.o(.ARM.Collect$$rtentry$$00000008) for .ARM.Collect$$rtentry$$00000008
    __rtentry2.o(.ARM.exidx) refers to __rtentry2.o(.ARM.Collect$$rtentry$$0000000A) for .ARM.Collect$$rtentry$$0000000A
    __rtentry2.o(.ARM.exidx) refers to __rtentry2.o(.ARM.Collect$$rtentry$$0000000B) for .ARM.Collect$$rtentry$$0000000B
    __rtentry2.o(.ARM.exidx) refers to __rtentry2.o(.ARM.Collect$$rtentry$$0000000D) for .ARM.Collect$$rtentry$$0000000D
    __rtentry4.o(.ARM.Collect$$rtentry$$00000004) refers to sys_stackheap_outer.o(.text) for __user_setup_stackheap
    __rtentry4.o(.ARM.exidx) refers to __rtentry4.o(.ARM.Collect$$rtentry$$00000004) for .ARM.Collect$$rtentry$$00000004
    rt_div0.o(.text) refers to defsig_fpe_outer.o(.text) for __rt_SIGFPE
    sys_stackheap_outer.o(.text) refers to libspace.o(.text) for __user_perproc_libspace
    sys_stackheap_outer.o(.text) refers to startup_stm32g030xx.o(.text) for __user_initial_stackheap
    sys_stackheap_outer.o(__vectab_stack_and_reset_area) refers to tempstk.o(.text) for __temporary_stack_top
    sys_stackheap_outer.o(__vectab_stack_and_reset_area) refers to __main.o(!!!main) for __main
    exit.o(.text) refers to rtexit.o(.ARM.Collect$$rtexit$$00000000) for __rt_exit
    defsig_fpe_outer.o(.text) refers to defsig_fpe_inner.o(.text) for __rt_SIGFPE_inner
    defsig_fpe_outer.o(.text) refers to defsig_exit.o(.text) for __sig_exit
    defsig_fpe_formal.o(.text) refers to rt_raise.o(.text) for __rt_raise
    libinit.o(.ARM.Collect$$libinit$$00000000) refers (Special) to libinit2.o(.ARM.Collect$$libinit$$00000030) for __rt_lib_init_alloca_1
    libinit.o(.ARM.Collect$$libinit$$00000000) refers (Special) to libinit2.o(.ARM.Collect$$libinit$$0000002E) for __rt_lib_init_argv_1
    libinit.o(.ARM.Collect$$libinit$$00000000) refers (Special) to libinit2.o(.ARM.Collect$$libinit$$0000001D) for __rt_lib_init_atexit_1
    libinit.o(.ARM.Collect$$libinit$$00000000) refers (Special) to libinit2.o(.ARM.Collect$$libinit$$00000023) for __rt_lib_init_clock_1
    libinit.o(.ARM.Collect$$libinit$$00000000) refers (Special) to libinit2.o(.ARM.Collect$$libinit$$00000034) for __rt_lib_init_cpp_1
    libinit.o(.ARM.Collect$$libinit$$00000000) refers (Special) to libinit2.o(.ARM.Collect$$libinit$$00000032) for __rt_lib_init_exceptions_1
    libinit.o(.ARM.Collect$$libinit$$00000000) refers (Special) to libinit2.o(.ARM.Collect$$libinit$$00000002) for __rt_lib_init_fp_1
    libinit.o(.ARM.Collect$$libinit$$00000000) refers (Special) to libinit2.o(.ARM.Collect$$libinit$$00000021) for __rt_lib_init_fp_trap_1
    libinit.o(.ARM.Collect$$libinit$$00000000) refers (Special) to libinit2.o(.ARM.Collect$$libinit$$00000025) for __rt_lib_init_getenv_1
    libinit.o(.ARM.Collect$$libinit$$00000000) refers (Special) to libinit2.o(.ARM.Collect$$libinit$$0000000C) for __rt_lib_init_heap_1
    libinit.o(.ARM.Collect$$libinit$$00000000) refers (Special) to libinit2.o(.ARM.Collect$$libinit$$00000013) for __rt_lib_init_lc_collate_1
    libinit.o(.ARM.Collect$$libinit$$00000000) refers (Special) to libinit2.o(.ARM.Collect$$libinit$$00000015) for __rt_lib_init_lc_ctype_1
    libinit.o(.ARM.Collect$$libinit$$00000000) refers (Special) to libinit2.o(.ARM.Collect$$libinit$$00000017) for __rt_lib_init_lc_monetary_1
    libinit.o(.ARM.Collect$$libinit$$00000000) refers (Special) to libinit2.o(.ARM.Collect$$libinit$$00000019) for __rt_lib_init_lc_numeric_1
    libinit.o(.ARM.Collect$$libinit$$00000000) refers (Special) to libinit2.o(.ARM.Collect$$libinit$$0000001B) for __rt_lib_init_lc_time_1
    libinit.o(.ARM.Collect$$libinit$$00000000) refers (Special) to libinit2.o(.ARM.Collect$$libinit$$00000006) for __rt_lib_init_preinit_1
    libinit.o(.ARM.Collect$$libinit$$00000000) refers (Special) to libinit2.o(.ARM.Collect$$libinit$$00000010) for __rt_lib_init_rand_1
    libinit.o(.ARM.Collect$$libinit$$00000000) refers (Special) to libinit2.o(.ARM.Collect$$libinit$$00000004) for __rt_lib_init_relocate_pie_1
    libinit.o(.ARM.Collect$$libinit$$00000000) refers (Special) to libinit2.o(.ARM.Collect$$libinit$$00000035) for __rt_lib_init_return
    libinit.o(.ARM.Collect$$libinit$$00000000) refers (Special) to libinit2.o(.ARM.Collect$$libinit$$0000001F) for __rt_lib_init_signal_1
    libinit.o(.ARM.Collect$$libinit$$00000000) refers (Special) to libinit2.o(.ARM.Collect$$libinit$$00000027) for __rt_lib_init_stdio_1
    libinit.o(.ARM.Collect$$libinit$$00000000) refers (Special) to libinit2.o(.ARM.Collect$$libinit$$0000000E) for __rt_lib_init_user_alloc_1
    libspace.o(.text) refers to libspace.o(.bss) for __libspace_start
    rtexit.o(.ARM.Collect$$rtexit$$00000000) refers (Special) to rtexit2.o(.ARM.Collect$$rtexit$$00000004) for __rt_exit_exit
    rtexit.o(.ARM.Collect$$rtexit$$00000000) refers (Special) to rtexit2.o(.ARM.Collect$$rtexit$$00000003) for __rt_exit_ls
    rtexit.o(.ARM.Collect$$rtexit$$00000000) refers (Special) to rtexit2.o(.ARM.Collect$$rtexit$$00000002) for __rt_exit_prels_1
    rtexit.o(.ARM.exidx) refers (Special) to rtexit2.o(.ARM.Collect$$rtexit$$00000004) for __rt_exit_exit
    rtexit.o(.ARM.exidx) refers (Special) to rtexit2.o(.ARM.Collect$$rtexit$$00000003) for __rt_exit_ls
    rtexit.o(.ARM.exidx) refers (Special) to rtexit2.o(.ARM.Collect$$rtexit$$00000002) for __rt_exit_prels_1
    rtexit.o(.ARM.exidx) refers to rtexit.o(.ARM.Collect$$rtexit$$00000000) for .ARM.Collect$$rtexit$$00000000
    rt_raise.o(.text) refers to __raise.o(.text) for __raise
    rt_raise.o(.text) refers to sys_exit.o(.text) for _sys_exit
    defsig_exit.o(.text) refers to sys_exit.o(.text) for _sys_exit
    defsig_fpe_inner.o(.text) refers to defsig_general.o(.text) for __default_signal_display
    libinit2.o(.ARM.Collect$$libinit$$00000012) refers to libinit2.o(.ARM.Collect$$libinit$$00000011) for .ARM.Collect$$libinit$$00000011
    libinit2.o(.ARM.Collect$$libinit$$00000014) refers to libinit2.o(.ARM.Collect$$libinit$$00000011) for .ARM.Collect$$libinit$$00000011
    libinit2.o(.ARM.Collect$$libinit$$00000016) refers to libinit2.o(.ARM.Collect$$libinit$$00000011) for .ARM.Collect$$libinit$$00000011
    libinit2.o(.ARM.Collect$$libinit$$00000018) refers to libinit2.o(.ARM.Collect$$libinit$$00000011) for .ARM.Collect$$libinit$$00000011
    libinit2.o(.ARM.Collect$$libinit$$0000001A) refers to libinit2.o(.ARM.Collect$$libinit$$00000011) for .ARM.Collect$$libinit$$00000011
    libinit2.o(.ARM.Collect$$libinit$$00000028) refers to argv_veneer.o(.text) for __ARM_argv_veneer
    libinit2.o(.ARM.Collect$$libinit$$00000029) refers to argv_veneer.o(.text) for __ARM_argv_veneer
    sys_exit.o(.text) refers (Special) to use_no_semi.o(.text) for __I$use$semihosting
    sys_exit.o(.text) refers (Special) to indicate_semi.o(.text) for __semihosting_library_function
    sys_exit_hlt.o(.text) refers (Special) to use_no_semi.o(.text) for __I$use$semihosting
    sys_exit_hlt.o(.text) refers (Special) to indicate_semi.o(.text) for __semihosting_library_function
    rtexit2.o(.ARM.Collect$$rtexit$$00000003) refers to libshutdown.o(.ARM.Collect$$libshutdown$$00000000) for __rt_lib_shutdown
    rtexit2.o(.ARM.Collect$$rtexit$$00000004) refers to sys_exit.o(.text) for _sys_exit
    rtexit2.o(.ARM.exidx) refers to rtexit2.o(.ARM.Collect$$rtexit$$00000001) for .ARM.Collect$$rtexit$$00000001
    rtexit2.o(.ARM.exidx) refers to rtexit2.o(.ARM.Collect$$rtexit$$00000003) for .ARM.Collect$$rtexit$$00000003
    rtexit2.o(.ARM.exidx) refers to rtexit2.o(.ARM.Collect$$rtexit$$00000004) for .ARM.Collect$$rtexit$$00000004
    __raise.o(.text) refers to defsig.o(CL$$defsig) for __default_signal_handler
    defsig_general.o(.text) refers to sys_wrch.o(.text) for _ttywrch
    sys_wrch.o(.text) refers (Special) to use_no_semi.o(.text) for __I$use$semihosting
    sys_wrch.o(.text) refers (Special) to indicate_semi.o(.text) for __semihosting_library_function
    sys_wrch_hlt.o(.text) refers (Special) to use_no_semi.o(.text) for __I$use$semihosting
    sys_wrch_hlt.o(.text) refers (Special) to indicate_semi.o(.text) for __semihosting_library_function
    defsig.o(CL$$defsig) refers to defsig_fpe_inner.o(.text) for __rt_SIGFPE_inner
    defsig.o(CL$$defsig) refers to defsig_rtmem_inner.o(.text) for __rt_SIGRTMEM_inner
    _get_argv_nomalloc.o(.text) refers (Special) to hrguard.o(.text) for __heap_region$guard
    _get_argv_nomalloc.o(.text) refers to defsig_rtmem_outer.o(.text) for __rt_SIGRTMEM
    _get_argv_nomalloc.o(.text) refers to sys_command.o(.text) for _sys_command_string
    libshutdown.o(.ARM.Collect$$libshutdown$$00000000) refers (Special) to libshutdown2.o(.ARM.Collect$$libshutdown$$00000002) for __rt_lib_shutdown_cpp_1
    libshutdown.o(.ARM.Collect$$libshutdown$$00000000) refers (Special) to libshutdown2.o(.ARM.Collect$$libshutdown$$00000007) for __rt_lib_shutdown_fp_trap_1
    libshutdown.o(.ARM.Collect$$libshutdown$$00000000) refers (Special) to libshutdown2.o(.ARM.Collect$$libshutdown$$0000000F) for __rt_lib_shutdown_heap_1
    libshutdown.o(.ARM.Collect$$libshutdown$$00000000) refers (Special) to libshutdown2.o(.ARM.Collect$$libshutdown$$00000010) for __rt_lib_shutdown_return
    libshutdown.o(.ARM.Collect$$libshutdown$$00000000) refers (Special) to libshutdown2.o(.ARM.Collect$$libshutdown$$0000000A) for __rt_lib_shutdown_signal_1
    libshutdown.o(.ARM.Collect$$libshutdown$$00000000) refers (Special) to libshutdown2.o(.ARM.Collect$$libshutdown$$00000004) for __rt_lib_shutdown_stdio_1
    libshutdown.o(.ARM.Collect$$libshutdown$$00000000) refers (Special) to libshutdown2.o(.ARM.Collect$$libshutdown$$0000000C) for __rt_lib_shutdown_user_alloc_1
    sys_command.o(.text) refers (Special) to use_no_semi.o(.text) for __I$use$semihosting
    sys_command.o(.text) refers (Special) to indicate_semi.o(.text) for __semihosting_library_function
    sys_command_hlt.o(.text) refers (Special) to use_no_semi.o(.text) for __I$use$semihosting
    sys_command_hlt.o(.text) refers (Special) to indicate_semi.o(.text) for __semihosting_library_function
    defsig_abrt_inner.o(.text) refers to defsig_general.o(.text) for __default_signal_display
    defsig_rtred_inner.o(.text) refers to defsig_general.o(.text) for __default_signal_display
    defsig_rtmem_inner.o(.text) refers to defsig_general.o(.text) for __default_signal_display
    defsig_rtmem_outer.o(.text) refers to defsig_rtmem_inner.o(.text) for __rt_SIGRTMEM_inner
    defsig_rtmem_outer.o(.text) refers to defsig_exit.o(.text) for __sig_exit
    defsig_rtmem_formal.o(.text) refers to rt_raise.o(.text) for __rt_raise
    defsig_stak_inner.o(.text) refers to defsig_general.o(.text) for __default_signal_display
    defsig_pvfn_inner.o(.text) refers to defsig_general.o(.text) for __default_signal_display
    defsig_cppl_inner.o(.text) refers to defsig_general.o(.text) for __default_signal_display
    defsig_segv_inner.o(.text) refers to defsig_general.o(.text) for __default_signal_display
    defsig_other.o(.text) refers to defsig_general.o(.text) for __default_signal_display


==============================================================================

Removing Unused input sections from the image.

    Removing main.o(.text), (0 bytes).
    Removing main.o(.ARM.exidx.text.main), (8 bytes).
    Removing main.o(.ARM.exidx.text.SystemClock_Config), (8 bytes).
    Removing main.o(.text.AD9833_WaveSeting), (500 bytes).
    Removing main.o(.ARM.exidx.text.AD9833_WaveSeting), (8 bytes).
    Removing main.o(.text.AD9833_Write), (48 bytes).
    Removing main.o(.ARM.exidx.text.AD9833_Write), (8 bytes).
    Removing main.o(.text.Error_Handler), (8 bytes).
    Removing main.o(.ARM.exidx.text.Error_Handler), (8 bytes).
    Removing main.o(.ARM.use_no_argv), (4 bytes).
    Removing gpio.o(.text), (0 bytes).
    Removing gpio.o(.ARM.exidx.text.MX_GPIO_Init), (8 bytes).
    Removing adc.o(.text), (0 bytes).
    Removing adc.o(.ARM.exidx.text.MX_ADC1_Init), (8 bytes).
    Removing i2c.o(.text), (0 bytes).
    Removing i2c.o(.ARM.exidx.text.MX_I2C1_Init), (8 bytes).
    Removing spi.o(.text), (0 bytes).
    Removing spi.o(.ARM.exidx.text.MX_SPI1_Init), (8 bytes).
    Removing tim.o(.text), (0 bytes).
    Removing tim.o(.ARM.exidx.text.MX_TIM1_Init), (8 bytes).
    Removing tim.o(.ARM.exidx.text.MX_TIM3_Init), (8 bytes).
    Removing stm32g0xx_it.o(.text), (0 bytes).
    Removing stm32g0xx_it.o(.ARM.exidx.text.NMI_Handler), (8 bytes).
    Removing stm32g0xx_it.o(.ARM.exidx.text.HardFault_Handler), (8 bytes).
    Removing stm32g0xx_it.o(.ARM.exidx.text.SVC_Handler), (8 bytes).
    Removing stm32g0xx_it.o(.ARM.exidx.text.PendSV_Handler), (8 bytes).
    Removing stm32g0xx_it.o(.ARM.exidx.text.SysTick_Handler), (8 bytes).
    Removing stm32g0xx_ll_utils.o(.text), (0 bytes).
    Removing stm32g0xx_ll_utils.o(.ARM.exidx.text.LL_Init1msTick), (8 bytes).
    Removing stm32g0xx_ll_utils.o(.text.LL_mDelay), (68 bytes).
    Removing stm32g0xx_ll_utils.o(.ARM.exidx.text.LL_mDelay), (8 bytes).
    Removing stm32g0xx_ll_utils.o(.ARM.exidx.text.LL_SetSystemCoreClock), (8 bytes).
    Removing stm32g0xx_ll_utils.o(.text.LL_PLL_ConfigSystemClock_HSI), (136 bytes).
    Removing stm32g0xx_ll_utils.o(.ARM.exidx.text.LL_PLL_ConfigSystemClock_HSI), (8 bytes).
    Removing stm32g0xx_ll_utils.o(.text.UTILS_EnablePLLAndSwitchSystem), (348 bytes).
    Removing stm32g0xx_ll_utils.o(.ARM.exidx.text.UTILS_EnablePLLAndSwitchSystem), (8 bytes).
    Removing stm32g0xx_ll_utils.o(.text.LL_PLL_ConfigSystemClock_HSE), (164 bytes).
    Removing stm32g0xx_ll_utils.o(.ARM.exidx.text.LL_PLL_ConfigSystemClock_HSE), (8 bytes).
    Removing stm32g0xx_ll_utils.o(.text.LL_SetFlashLatency), (92 bytes).
    Removing stm32g0xx_ll_utils.o(.ARM.exidx.text.LL_SetFlashLatency), (8 bytes).
    Removing stm32g0xx_ll_exti.o(.text), (0 bytes).
    Removing stm32g0xx_ll_exti.o(.text.LL_EXTI_DeInit), (44 bytes).
    Removing stm32g0xx_ll_exti.o(.ARM.exidx.text.LL_EXTI_DeInit), (8 bytes).
    Removing stm32g0xx_ll_exti.o(.text.LL_EXTI_Init), (168 bytes).
    Removing stm32g0xx_ll_exti.o(.ARM.exidx.text.LL_EXTI_Init), (8 bytes).
    Removing stm32g0xx_ll_exti.o(.text.LL_EXTI_StructInit), (12 bytes).
    Removing stm32g0xx_ll_exti.o(.ARM.exidx.text.LL_EXTI_StructInit), (8 bytes).
    Removing stm32g0xx_ll_gpio.o(.text), (0 bytes).
    Removing stm32g0xx_ll_gpio.o(.text.LL_GPIO_DeInit), (108 bytes).
    Removing stm32g0xx_ll_gpio.o(.ARM.exidx.text.LL_GPIO_DeInit), (8 bytes).
    Removing stm32g0xx_ll_gpio.o(.ARM.exidx.text.LL_GPIO_Init), (8 bytes).
    Removing stm32g0xx_ll_gpio.o(.text.LL_GPIO_StructInit), (24 bytes).
    Removing stm32g0xx_ll_gpio.o(.ARM.exidx.text.LL_GPIO_StructInit), (8 bytes).
    Removing stm32g0xx_ll_adc.o(.text), (0 bytes).
    Removing stm32g0xx_ll_adc.o(.text.LL_ADC_CommonDeInit), (28 bytes).
    Removing stm32g0xx_ll_adc.o(.ARM.exidx.text.LL_ADC_CommonDeInit), (8 bytes).
    Removing stm32g0xx_ll_adc.o(.text.LL_ADC_CommonInit), (36 bytes).
    Removing stm32g0xx_ll_adc.o(.ARM.exidx.text.LL_ADC_CommonInit), (8 bytes).
    Removing stm32g0xx_ll_adc.o(.text.LL_ADC_CommonStructInit), (8 bytes).
    Removing stm32g0xx_ll_adc.o(.ARM.exidx.text.LL_ADC_CommonStructInit), (8 bytes).
    Removing stm32g0xx_ll_adc.o(.text.LL_ADC_DeInit), (432 bytes).
    Removing stm32g0xx_ll_adc.o(.ARM.exidx.text.LL_ADC_DeInit), (8 bytes).
    Removing stm32g0xx_ll_adc.o(.ARM.exidx.text.LL_ADC_Init), (8 bytes).
    Removing stm32g0xx_ll_adc.o(.text.LL_ADC_StructInit), (16 bytes).
    Removing stm32g0xx_ll_adc.o(.ARM.exidx.text.LL_ADC_StructInit), (8 bytes).
    Removing stm32g0xx_ll_adc.o(.ARM.exidx.text.LL_ADC_REG_Init), (8 bytes).
    Removing stm32g0xx_ll_adc.o(.text.LL_ADC_REG_StructInit), (20 bytes).
    Removing stm32g0xx_ll_adc.o(.ARM.exidx.text.LL_ADC_REG_StructInit), (8 bytes).
    Removing stm32g0xx_ll_dma.o(.text), (0 bytes).
    Removing stm32g0xx_ll_dma.o(.text.LL_DMA_DeInit), (212 bytes).
    Removing stm32g0xx_ll_dma.o(.ARM.exidx.text.LL_DMA_DeInit), (8 bytes).
    Removing stm32g0xx_ll_dma.o(.text.LL_DMA_Init), (120 bytes).
    Removing stm32g0xx_ll_dma.o(.ARM.exidx.text.LL_DMA_Init), (8 bytes).
    Removing stm32g0xx_ll_dma.o(.text.LL_DMA_StructInit), (10 bytes).
    Removing stm32g0xx_ll_dma.o(.ARM.exidx.text.LL_DMA_StructInit), (8 bytes).
    Removing stm32g0xx_ll_rcc.o(.text), (0 bytes).
    Removing stm32g0xx_ll_rcc.o(.text.LL_RCC_DeInit), (132 bytes).
    Removing stm32g0xx_ll_rcc.o(.ARM.exidx.text.LL_RCC_DeInit), (8 bytes).
    Removing stm32g0xx_ll_rcc.o(.text.LL_RCC_GetSystemClocksFreq), (152 bytes).
    Removing stm32g0xx_ll_rcc.o(.ARM.exidx.text.LL_RCC_GetSystemClocksFreq), (8 bytes).
    Removing stm32g0xx_ll_rcc.o(.text.LL_RCC_GetUSARTClockFreq), (296 bytes).
    Removing stm32g0xx_ll_rcc.o(.ARM.exidx.text.LL_RCC_GetUSARTClockFreq), (8 bytes).
    Removing stm32g0xx_ll_rcc.o(.text.LL_RCC_GetI2CClockFreq), (276 bytes).
    Removing stm32g0xx_ll_rcc.o(.ARM.exidx.text.LL_RCC_GetI2CClockFreq), (8 bytes).
    Removing stm32g0xx_ll_rcc.o(.text.LL_RCC_GetI2SClockFreq), (196 bytes).
    Removing stm32g0xx_ll_rcc.o(.ARM.exidx.text.LL_RCC_GetI2SClockFreq), (8 bytes).
    Removing stm32g0xx_ll_rcc.o(.text.LL_RCC_GetADCClockFreq), (192 bytes).
    Removing stm32g0xx_ll_rcc.o(.ARM.exidx.text.LL_RCC_GetADCClockFreq), (8 bytes).
    Removing stm32g0xx_ll_rcc.o(.text.LL_RCC_GetRTCClockFreq), (64 bytes).
    Removing stm32g0xx_ll_rcc.o(.ARM.exidx.text.LL_RCC_GetRTCClockFreq), (8 bytes).
    Removing stm32g0xx_ll_i2c.o(.text), (0 bytes).
    Removing stm32g0xx_ll_i2c.o(.text.LL_I2C_DeInit), (68 bytes).
    Removing stm32g0xx_ll_i2c.o(.ARM.exidx.text.LL_I2C_DeInit), (8 bytes).
    Removing stm32g0xx_ll_i2c.o(.ARM.exidx.text.LL_I2C_Init), (8 bytes).
    Removing stm32g0xx_ll_i2c.o(.text.LL_I2C_StructInit), (22 bytes).
    Removing stm32g0xx_ll_i2c.o(.ARM.exidx.text.LL_I2C_StructInit), (8 bytes).
    Removing stm32g0xx_ll_spi.o(.text), (0 bytes).
    Removing stm32g0xx_ll_spi.o(.text.LL_SPI_DeInit), (72 bytes).
    Removing stm32g0xx_ll_spi.o(.ARM.exidx.text.LL_SPI_DeInit), (8 bytes).
    Removing stm32g0xx_ll_spi.o(.ARM.exidx.text.LL_SPI_Init), (8 bytes).
    Removing stm32g0xx_ll_spi.o(.text.LL_SPI_StructInit), (28 bytes).
    Removing stm32g0xx_ll_spi.o(.ARM.exidx.text.LL_SPI_StructInit), (8 bytes).
    Removing stm32g0xx_ll_spi.o(.text.LL_I2S_DeInit), (72 bytes).
    Removing stm32g0xx_ll_spi.o(.ARM.exidx.text.LL_I2S_DeInit), (8 bytes).
    Removing stm32g0xx_ll_spi.o(.text.LL_I2S_Init), (160 bytes).
    Removing stm32g0xx_ll_spi.o(.ARM.exidx.text.LL_I2S_Init), (8 bytes).
    Removing stm32g0xx_ll_spi.o(.text.LL_I2S_StructInit), (18 bytes).
    Removing stm32g0xx_ll_spi.o(.ARM.exidx.text.LL_I2S_StructInit), (8 bytes).
    Removing stm32g0xx_ll_spi.o(.text.LL_I2S_ConfigPrescaler), (24 bytes).
    Removing stm32g0xx_ll_spi.o(.ARM.exidx.text.LL_I2S_ConfigPrescaler), (8 bytes).
    Removing stm32g0xx_ll_pwr.o(.text), (0 bytes).
    Removing stm32g0xx_ll_pwr.o(.text.LL_PWR_DeInit), (28 bytes).
    Removing stm32g0xx_ll_pwr.o(.ARM.exidx.text.LL_PWR_DeInit), (8 bytes).
    Removing stm32g0xx_ll_tim.o(.text), (0 bytes).
    Removing stm32g0xx_ll_tim.o(.text.LL_TIM_DeInit), (148 bytes).
    Removing stm32g0xx_ll_tim.o(.ARM.exidx.text.LL_TIM_DeInit), (8 bytes).
    Removing stm32g0xx_ll_tim.o(.text.LL_TIM_StructInit), (16 bytes).
    Removing stm32g0xx_ll_tim.o(.ARM.exidx.text.LL_TIM_StructInit), (8 bytes).
    Removing stm32g0xx_ll_tim.o(.ARM.exidx.text.LL_TIM_Init), (8 bytes).
    Removing stm32g0xx_ll_tim.o(.text.LL_TIM_OC_StructInit), (20 bytes).
    Removing stm32g0xx_ll_tim.o(.ARM.exidx.text.LL_TIM_OC_StructInit), (8 bytes).
    Removing stm32g0xx_ll_tim.o(.ARM.exidx.text.LL_TIM_OC_Init), (8 bytes).
    Removing stm32g0xx_ll_tim.o(.text.LL_TIM_IC_StructInit), (14 bytes).
    Removing stm32g0xx_ll_tim.o(.ARM.exidx.text.LL_TIM_IC_StructInit), (8 bytes).
    Removing stm32g0xx_ll_tim.o(.text.LL_TIM_IC_Init), (226 bytes).
    Removing stm32g0xx_ll_tim.o(.ARM.exidx.text.LL_TIM_IC_Init), (8 bytes).
    Removing stm32g0xx_ll_tim.o(.text.LL_TIM_ENCODER_StructInit), (26 bytes).
    Removing stm32g0xx_ll_tim.o(.ARM.exidx.text.LL_TIM_ENCODER_StructInit), (8 bytes).
    Removing stm32g0xx_ll_tim.o(.text.LL_TIM_ENCODER_Init), (96 bytes).
    Removing stm32g0xx_ll_tim.o(.ARM.exidx.text.LL_TIM_ENCODER_Init), (8 bytes).
    Removing stm32g0xx_ll_tim.o(.text.LL_TIM_HALLSENSOR_StructInit), (12 bytes).
    Removing stm32g0xx_ll_tim.o(.ARM.exidx.text.LL_TIM_HALLSENSOR_StructInit), (8 bytes).
    Removing stm32g0xx_ll_tim.o(.text.LL_TIM_HALLSENSOR_Init), (88 bytes).
    Removing stm32g0xx_ll_tim.o(.ARM.exidx.text.LL_TIM_HALLSENSOR_Init), (8 bytes).
    Removing stm32g0xx_ll_tim.o(.text.LL_TIM_BDTR_StructInit), (22 bytes).
    Removing stm32g0xx_ll_tim.o(.ARM.exidx.text.LL_TIM_BDTR_StructInit), (8 bytes).
    Removing stm32g0xx_ll_tim.o(.ARM.exidx.text.LL_TIM_BDTR_Init), (8 bytes).
    Removing system_stm32g0xx.o(.text), (0 bytes).
    Removing system_stm32g0xx.o(.ARM.exidx.text.SystemInit), (8 bytes).
    Removing system_stm32g0xx.o(.text.SystemCoreClockUpdate), (144 bytes).
    Removing system_stm32g0xx.o(.ARM.exidx.text.SystemCoreClockUpdate), (8 bytes).
    Removing system_stm32g0xx.o(.rodata.AHBPrescTable), (64 bytes).
    Removing system_stm32g0xx.o(.rodata.APBPrescTable), (32 bytes).

143 unused section(s) (total 5898 bytes) removed from the image.

==============================================================================

Image Symbol Table

    Local Symbols

    Symbol Name                              Value     Ov Type        Size  Object(Section)

    ../clib/angel/boardlib.s                 0x00000000   Number         0  boardinit1.o ABSOLUTE
    ../clib/angel/boardlib.s                 0x00000000   Number         0  boardinit2.o ABSOLUTE
    ../clib/angel/boardlib.s                 0x00000000   Number         0  boardinit3.o ABSOLUTE
    ../clib/angel/boardlib.s                 0x00000000   Number         0  boardshut.o ABSOLUTE
    ../clib/angel/handlers.s                 0x00000000   Number         0  __scatter_copy.o ABSOLUTE
    ../clib/angel/handlers.s                 0x00000000   Number         0  __scatter_zi.o ABSOLUTE
    ../clib/angel/kernel.s                   0x00000000   Number         0  __rtentry.o ABSOLUTE
    ../clib/angel/kernel.s                   0x00000000   Number         0  __rtentry2.o ABSOLUTE
    ../clib/angel/kernel.s                   0x00000000   Number         0  __rtentry4.o ABSOLUTE
    ../clib/angel/kernel.s                   0x00000000   Number         0  rtexit.o ABSOLUTE
    ../clib/angel/kernel.s                   0x00000000   Number         0  rtexit2.o ABSOLUTE
    ../clib/angel/rt.s                       0x00000000   Number         0  aeabi_idiv0.o ABSOLUTE
    ../clib/angel/rt.s                       0x00000000   Number         0  aeabi_idiv0_sigfpe.o ABSOLUTE
    ../clib/angel/rt.s                       0x00000000   Number         0  rt_div0.o ABSOLUTE
    ../clib/angel/rt.s                       0x00000000   Number         0  rt_raise.o ABSOLUTE
    ../clib/angel/scatterp.s                 0x00000000   Number         0  __scatter.o ABSOLUTE
    ../clib/angel/startup.s                  0x00000000   Number         0  __main.o ABSOLUTE
    ../clib/angel/sys.s                      0x00000000   Number         0  sys_stackheap_outer.o ABSOLUTE
    ../clib/angel/sys.s                      0x00000000   Number         0  libspace.o ABSOLUTE
    ../clib/angel/sys.s                      0x00000000   Number         0  tempstk.o ABSOLUTE
    ../clib/angel/sys.s                      0x00000000   Number         0  use_no_semi.o ABSOLUTE
    ../clib/angel/sys.s                      0x00000000   Number         0  indicate_semi.o ABSOLUTE
    ../clib/angel/sysapp.c                   0x00000000   Number         0  sys_exit.o ABSOLUTE
    ../clib/angel/sysapp.c                   0x00000000   Number         0  sys_exit_hlt.o ABSOLUTE
    ../clib/angel/sysapp.c                   0x00000000   Number         0  sys_wrch.o ABSOLUTE
    ../clib/angel/sysapp.c                   0x00000000   Number         0  sys_wrch_hlt.o ABSOLUTE
    ../clib/angel/sysapp.c                   0x00000000   Number         0  sys_command.o ABSOLUTE
    ../clib/angel/sysapp.c                   0x00000000   Number         0  sys_command_hlt.o ABSOLUTE
    ../clib/armsys.c                         0x00000000   Number         0  argv_veneer.o ABSOLUTE
    ../clib/armsys.c                         0x00000000   Number         0  _get_argv_nomalloc.o ABSOLUTE
    ../clib/armsys.c                         0x00000000   Number         0  no_argv.o ABSOLUTE
    ../clib/division.s                       0x00000000   Number         0  aeabi_sdivfast.o ABSOLUTE
    ../clib/division.s                       0x00000000   Number         0  aeabi_sdivfast_div0.o ABSOLUTE
    ../clib/heapalloc.c                      0x00000000   Number         0  hrguard.o ABSOLUTE
    ../clib/heapaux.c                        0x00000000   Number         0  heapauxi.o ABSOLUTE
    ../clib/libinit.s                        0x00000000   Number         0  libinit.o ABSOLUTE
    ../clib/libinit.s                        0x00000000   Number         0  libinit2.o ABSOLUTE
    ../clib/libinit.s                        0x00000000   Number         0  libshutdown.o ABSOLUTE
    ../clib/libinit.s                        0x00000000   Number         0  libshutdown2.o ABSOLUTE
    ../clib/memcpset.c                       0x00000000   Number         0  rt_memclr.o ABSOLUTE
    ../clib/signal.c                         0x00000000   Number         0  defsig_fpe_outer.o ABSOLUTE
    ../clib/signal.c                         0x00000000   Number         0  defsig_fpe_formal.o ABSOLUTE
    ../clib/signal.c                         0x00000000   Number         0  defsig_exit.o ABSOLUTE
    ../clib/signal.c                         0x00000000   Number         0  defsig_fpe_inner.o ABSOLUTE
    ../clib/signal.c                         0x00000000   Number         0  __raise.o ABSOLUTE
    ../clib/signal.c                         0x00000000   Number         0  defsig_general.o ABSOLUTE
    ../clib/signal.c                         0x00000000   Number         0  defsig_abrt_inner.o ABSOLUTE
    ../clib/signal.c                         0x00000000   Number         0  defsig_rtred_inner.o ABSOLUTE
    ../clib/signal.c                         0x00000000   Number         0  defsig_rtmem_inner.o ABSOLUTE
    ../clib/signal.c                         0x00000000   Number         0  defsig_rtmem_outer.o ABSOLUTE
    ../clib/signal.c                         0x00000000   Number         0  defsig_rtmem_formal.o ABSOLUTE
    ../clib/signal.c                         0x00000000   Number         0  defsig_stak_inner.o ABSOLUTE
    ../clib/signal.c                         0x00000000   Number         0  defsig_pvfn_inner.o ABSOLUTE
    ../clib/signal.c                         0x00000000   Number         0  defsig_cppl_inner.o ABSOLUTE
    ../clib/signal.c                         0x00000000   Number         0  defsig_segv_inner.o ABSOLUTE
    ../clib/signal.c                         0x00000000   Number         0  defsig_other.o ABSOLUTE
    ../clib/signal.s                         0x00000000   Number         0  defsig.o ABSOLUTE
    ../clib/stdlib.c                         0x00000000   Number         0  exit.o ABSOLUTE
    ../fplib/cfplib/ddiv.c                   0x00000000   Number         0  ddiv.o ABSOLUTE
    ../fplib/cfplib/dmul.c                   0x00000000   Number         0  dmul.o ABSOLUTE
    ../fplib/cfplib/ffix.c                   0x00000000   Number         0  dfixi.o ABSOLUTE
    ../fplib/cfplib/fpinit.c                 0x00000000   Number         0  fpinit.o ABSOLUTE
    ../fplib/usenofp.s                       0x00000000   Number         0  usenofp.o ABSOLUTE
    adc.c                                    0x00000000   Number         0  adc.o ABSOLUTE
    dc.s                                     0x00000000   Number         0  dc.o ABSOLUTE
    gpio.c                                   0x00000000   Number         0  gpio.o ABSOLUTE
    i2c.c                                    0x00000000   Number         0  i2c.o ABSOLUTE
    main.c                                   0x00000000   Number         0  main.o ABSOLUTE
    spi.c                                    0x00000000   Number         0  spi.o ABSOLUTE
    startup_stm32g030xx.s                    0x00000000   Number         0  startup_stm32g030xx.o ABSOLUTE
    stm32g0xx_it.c                           0x00000000   Number         0  stm32g0xx_it.o ABSOLUTE
    stm32g0xx_ll_adc.c                       0x00000000   Number         0  stm32g0xx_ll_adc.o ABSOLUTE
    stm32g0xx_ll_dma.c                       0x00000000   Number         0  stm32g0xx_ll_dma.o ABSOLUTE
    stm32g0xx_ll_exti.c                      0x00000000   Number         0  stm32g0xx_ll_exti.o ABSOLUTE
    stm32g0xx_ll_gpio.c                      0x00000000   Number         0  stm32g0xx_ll_gpio.o ABSOLUTE
    stm32g0xx_ll_i2c.c                       0x00000000   Number         0  stm32g0xx_ll_i2c.o ABSOLUTE
    stm32g0xx_ll_pwr.c                       0x00000000   Number         0  stm32g0xx_ll_pwr.o ABSOLUTE
    stm32g0xx_ll_rcc.c                       0x00000000   Number         0  stm32g0xx_ll_rcc.o ABSOLUTE
    stm32g0xx_ll_spi.c                       0x00000000   Number         0  stm32g0xx_ll_spi.o ABSOLUTE
    stm32g0xx_ll_tim.c                       0x00000000   Number         0  stm32g0xx_ll_tim.o ABSOLUTE
    stm32g0xx_ll_utils.c                     0x00000000   Number         0  stm32g0xx_ll_utils.o ABSOLUTE
    system_stm32g0xx.c                       0x00000000   Number         0  system_stm32g0xx.o ABSOLUTE
    tim.c                                    0x00000000   Number         0  tim.o ABSOLUTE
    RESET                                    0x08000000   Section      192  startup_stm32g030xx.o(RESET)
    !!!main                                  0x080000c0   Section        8  __main.o(!!!main)
    !!!scatter                               0x080000c8   Section       60  __scatter.o(!!!scatter)
    !!handler_copy                           0x08000104   Section       26  __scatter_copy.o(!!handler_copy)
    !!handler_zi                             0x08000120   Section       28  __scatter_zi.o(!!handler_zi)
    .ARM.Collect$$libinit$$00000000          0x0800013c   Section        2  libinit.o(.ARM.Collect$$libinit$$00000000)
    .ARM.Collect$$libinit$$00000002          0x0800013e   Section        0  libinit2.o(.ARM.Collect$$libinit$$00000002)
    .ARM.Collect$$libinit$$00000004          0x0800013e   Section        0  libinit2.o(.ARM.Collect$$libinit$$00000004)
    .ARM.Collect$$libinit$$00000006          0x0800013e   Section        0  libinit2.o(.ARM.Collect$$libinit$$00000006)
    .ARM.Collect$$libinit$$0000000C          0x0800013e   Section        0  libinit2.o(.ARM.Collect$$libinit$$0000000C)
    .ARM.Collect$$libinit$$0000000E          0x0800013e   Section        0  libinit2.o(.ARM.Collect$$libinit$$0000000E)
    .ARM.Collect$$libinit$$00000010          0x0800013e   Section        0  libinit2.o(.ARM.Collect$$libinit$$00000010)
    .ARM.Collect$$libinit$$00000013          0x0800013e   Section        0  libinit2.o(.ARM.Collect$$libinit$$00000013)
    .ARM.Collect$$libinit$$00000015          0x0800013e   Section        0  libinit2.o(.ARM.Collect$$libinit$$00000015)
    .ARM.Collect$$libinit$$00000017          0x0800013e   Section        0  libinit2.o(.ARM.Collect$$libinit$$00000017)
    .ARM.Collect$$libinit$$00000019          0x0800013e   Section        0  libinit2.o(.ARM.Collect$$libinit$$00000019)
    .ARM.Collect$$libinit$$0000001B          0x0800013e   Section        0  libinit2.o(.ARM.Collect$$libinit$$0000001B)
    .ARM.Collect$$libinit$$0000001D          0x0800013e   Section        0  libinit2.o(.ARM.Collect$$libinit$$0000001D)
    .ARM.Collect$$libinit$$0000001F          0x0800013e   Section        0  libinit2.o(.ARM.Collect$$libinit$$0000001F)
    .ARM.Collect$$libinit$$00000021          0x0800013e   Section        0  libinit2.o(.ARM.Collect$$libinit$$00000021)
    .ARM.Collect$$libinit$$00000023          0x0800013e   Section        0  libinit2.o(.ARM.Collect$$libinit$$00000023)
    .ARM.Collect$$libinit$$00000025          0x0800013e   Section        0  libinit2.o(.ARM.Collect$$libinit$$00000025)
    .ARM.Collect$$libinit$$00000027          0x0800013e   Section        0  libinit2.o(.ARM.Collect$$libinit$$00000027)
    .ARM.Collect$$libinit$$0000002E          0x0800013e   Section        0  libinit2.o(.ARM.Collect$$libinit$$0000002E)
    .ARM.Collect$$libinit$$00000030          0x0800013e   Section        0  libinit2.o(.ARM.Collect$$libinit$$00000030)
    .ARM.Collect$$libinit$$00000032          0x0800013e   Section        0  libinit2.o(.ARM.Collect$$libinit$$00000032)
    .ARM.Collect$$libinit$$00000034          0x0800013e   Section        0  libinit2.o(.ARM.Collect$$libinit$$00000034)
    .ARM.Collect$$libinit$$00000035          0x0800013e   Section        2  libinit2.o(.ARM.Collect$$libinit$$00000035)
    .ARM.Collect$$libshutdown$$00000000      0x08000140   Section        2  libshutdown.o(.ARM.Collect$$libshutdown$$00000000)
    .ARM.Collect$$libshutdown$$00000002      0x08000142   Section        0  libshutdown2.o(.ARM.Collect$$libshutdown$$00000002)
    .ARM.Collect$$libshutdown$$00000004      0x08000142   Section        0  libshutdown2.o(.ARM.Collect$$libshutdown$$00000004)
    .ARM.Collect$$libshutdown$$00000007      0x08000142   Section        0  libshutdown2.o(.ARM.Collect$$libshutdown$$00000007)
    .ARM.Collect$$libshutdown$$0000000A      0x08000142   Section        0  libshutdown2.o(.ARM.Collect$$libshutdown$$0000000A)
    .ARM.Collect$$libshutdown$$0000000C      0x08000142   Section        0  libshutdown2.o(.ARM.Collect$$libshutdown$$0000000C)
    .ARM.Collect$$libshutdown$$0000000F      0x08000142   Section        0  libshutdown2.o(.ARM.Collect$$libshutdown$$0000000F)
    .ARM.Collect$$libshutdown$$00000010      0x08000142   Section        2  libshutdown2.o(.ARM.Collect$$libshutdown$$00000010)
    .ARM.Collect$$rtentry$$00000000          0x08000144   Section        0  __rtentry.o(.ARM.Collect$$rtentry$$00000000)
    .ARM.Collect$$rtentry$$00000002          0x08000144   Section        0  __rtentry2.o(.ARM.Collect$$rtentry$$00000002)
    .ARM.Collect$$rtentry$$00000004          0x08000144   Section        6  __rtentry4.o(.ARM.Collect$$rtentry$$00000004)
    .ARM.Collect$$rtentry$$00000009          0x0800014a   Section        0  __rtentry2.o(.ARM.Collect$$rtentry$$00000009)
    .ARM.Collect$$rtentry$$0000000A          0x0800014a   Section        4  __rtentry2.o(.ARM.Collect$$rtentry$$0000000A)
    .ARM.Collect$$rtentry$$0000000C          0x0800014e   Section        0  __rtentry2.o(.ARM.Collect$$rtentry$$0000000C)
    .ARM.Collect$$rtentry$$0000000D          0x0800014e   Section        8  __rtentry2.o(.ARM.Collect$$rtentry$$0000000D)
    .ARM.Collect$$rtexit$$00000000           0x08000156   Section        2  rtexit.o(.ARM.Collect$$rtexit$$00000000)
    .ARM.Collect$$rtexit$$00000002           0x08000158   Section        0  rtexit2.o(.ARM.Collect$$rtexit$$00000002)
    .ARM.Collect$$rtexit$$00000003           0x08000158   Section        4  rtexit2.o(.ARM.Collect$$rtexit$$00000003)
    .ARM.Collect$$rtexit$$00000004           0x0800015c   Section        6  rtexit2.o(.ARM.Collect$$rtexit$$00000004)
    .text                                    0x08000164   Section       56  startup_stm32g030xx.o(.text)
    .text                                    0x0800019c   Section        0  heapauxi.o(.text)
    .text                                    0x080001a2   Section       62  sys_stackheap_outer.o(.text)
    .text                                    0x080001e0   Section        0  exit.o(.text)
    .text                                    0x080001f0   Section        8  libspace.o(.text)
    .text                                    0x080001f8   Section        0  sys_exit.o(.text)
    .text                                    0x08000204   Section        2  use_no_semi.o(.text)
    [Anonymous Symbol]                       0x08000206   Section        0  stm32g0xx_it.o(.text.HardFault_Handler)
    .text                                    0x08000206   Section        0  indicate_semi.o(.text)
    [Anonymous Symbol]                       0x08000208   Section        0  stm32g0xx_ll_adc.o(.text.LL_ADC_Init)
    __arm_cp.4_0                             0x08000238   Number         4  stm32g0xx_ll_adc.o(.text.LL_ADC_Init)
    [Anonymous Symbol]                       0x0800023c   Section        0  stm32g0xx_ll_adc.o(.text.LL_ADC_REG_Init)
    __arm_cp.6_0                             0x080002a0   Number         4  stm32g0xx_ll_adc.o(.text.LL_ADC_REG_Init)
    [Anonymous Symbol]                       0x080002a4   Section        0  stm32g0xx_ll_gpio.o(.text.LL_GPIO_Init)
    [Anonymous Symbol]                       0x0800036c   Section        0  stm32g0xx_ll_i2c.o(.text.LL_I2C_Init)
    __arm_cp.1_0                             0x080003d4   Number         4  stm32g0xx_ll_i2c.o(.text.LL_I2C_Init)
    __arm_cp.1_1                             0x080003d8   Number         4  stm32g0xx_ll_i2c.o(.text.LL_I2C_Init)
    [Anonymous Symbol]                       0x080003dc   Section        0  stm32g0xx_ll_utils.o(.text.LL_Init1msTick)
    __arm_cp.0_0                             0x080003f8   Number         4  stm32g0xx_ll_utils.o(.text.LL_Init1msTick)
    [Anonymous Symbol]                       0x080003fc   Section        0  stm32g0xx_ll_spi.o(.text.LL_SPI_Init)
    __arm_cp.1_0                             0x08000468   Number         4  stm32g0xx_ll_spi.o(.text.LL_SPI_Init)
    __arm_cp.1_1                             0x0800046c   Number         4  stm32g0xx_ll_spi.o(.text.LL_SPI_Init)
    [Anonymous Symbol]                       0x08000470   Section        0  stm32g0xx_ll_utils.o(.text.LL_SetSystemCoreClock)
    __arm_cp.2_0                             0x08000478   Number         4  stm32g0xx_ll_utils.o(.text.LL_SetSystemCoreClock)
    [Anonymous Symbol]                       0x0800047c   Section        0  stm32g0xx_ll_tim.o(.text.LL_TIM_BDTR_Init)
    __arm_cp.12_0                            0x080004f0   Number         4  stm32g0xx_ll_tim.o(.text.LL_TIM_BDTR_Init)
    __arm_cp.12_1                            0x080004f4   Number         4  stm32g0xx_ll_tim.o(.text.LL_TIM_BDTR_Init)
    __arm_cp.12_2                            0x080004f8   Number         4  stm32g0xx_ll_tim.o(.text.LL_TIM_BDTR_Init)
    __arm_cp.12_3                            0x080004fc   Number         4  stm32g0xx_ll_tim.o(.text.LL_TIM_BDTR_Init)
    __arm_cp.12_4                            0x08000500   Number         4  stm32g0xx_ll_tim.o(.text.LL_TIM_BDTR_Init)
    __arm_cp.12_5                            0x08000504   Number         4  stm32g0xx_ll_tim.o(.text.LL_TIM_BDTR_Init)
    __arm_cp.12_7                            0x08000508   Number         4  stm32g0xx_ll_tim.o(.text.LL_TIM_BDTR_Init)
    [Anonymous Symbol]                       0x0800050c   Section        0  stm32g0xx_ll_tim.o(.text.LL_TIM_Init)
    __arm_cp.2_1                             0x08000584   Number         4  stm32g0xx_ll_tim.o(.text.LL_TIM_Init)
    __arm_cp.2_2                             0x08000588   Number         4  stm32g0xx_ll_tim.o(.text.LL_TIM_Init)
    __arm_cp.2_5                             0x0800058c   Number         4  stm32g0xx_ll_tim.o(.text.LL_TIM_Init)
    [Anonymous Symbol]                       0x08000590   Section        0  stm32g0xx_ll_tim.o(.text.LL_TIM_OC_Init)
    __arm_cp.4_0                             0x0800085c   Number         4  stm32g0xx_ll_tim.o(.text.LL_TIM_OC_Init)
    __arm_cp.4_1                             0x08000860   Number         4  stm32g0xx_ll_tim.o(.text.LL_TIM_OC_Init)
    __arm_cp.4_2                             0x08000864   Number         4  stm32g0xx_ll_tim.o(.text.LL_TIM_OC_Init)
    __arm_cp.4_3                             0x08000868   Number         4  stm32g0xx_ll_tim.o(.text.LL_TIM_OC_Init)
    __arm_cp.4_4                             0x0800086c   Number         4  stm32g0xx_ll_tim.o(.text.LL_TIM_OC_Init)
    __arm_cp.4_5                             0x08000870   Number         4  stm32g0xx_ll_tim.o(.text.LL_TIM_OC_Init)
    __arm_cp.4_6                             0x08000874   Number         4  stm32g0xx_ll_tim.o(.text.LL_TIM_OC_Init)
    __arm_cp.4_7                             0x08000878   Number         4  stm32g0xx_ll_tim.o(.text.LL_TIM_OC_Init)
    __arm_cp.4_8                             0x0800087c   Number         4  stm32g0xx_ll_tim.o(.text.LL_TIM_OC_Init)
    __arm_cp.4_9                             0x08000880   Number         4  stm32g0xx_ll_tim.o(.text.LL_TIM_OC_Init)
    [Anonymous Symbol]                       0x08000884   Section        0  adc.o(.text.MX_ADC1_Init)
    __arm_cp.0_1                             0x080009a4   Number         4  adc.o(.text.MX_ADC1_Init)
    __arm_cp.0_2                             0x080009a8   Number         4  adc.o(.text.MX_ADC1_Init)
    [Anonymous Symbol]                       0x080009ac   Section        0  gpio.o(.text.MX_GPIO_Init)
    [Anonymous Symbol]                       0x080009f4   Section        0  i2c.o(.text.MX_I2C1_Init)
    __arm_cp.0_2                             0x08000aa4   Number         4  i2c.o(.text.MX_I2C1_Init)
    __arm_cp.0_3                             0x08000aa8   Number         4  i2c.o(.text.MX_I2C1_Init)
    __arm_cp.0_4                             0x08000aac   Number         4  i2c.o(.text.MX_I2C1_Init)
    [Anonymous Symbol]                       0x08000ab0   Section        0  spi.o(.text.MX_SPI1_Init)
    __arm_cp.0_1                             0x08000b58   Number         4  spi.o(.text.MX_SPI1_Init)
    [Anonymous Symbol]                       0x08000b5c   Section        0  tim.o(.text.MX_TIM1_Init)
    __arm_cp.0_0                             0x08000c3c   Number         4  tim.o(.text.MX_TIM1_Init)
    __arm_cp.0_1                             0x08000c40   Number         4  tim.o(.text.MX_TIM1_Init)
    [Anonymous Symbol]                       0x08000c44   Section        0  tim.o(.text.MX_TIM3_Init)
    __arm_cp.1_0                             0x08000d50   Number         4  tim.o(.text.MX_TIM3_Init)
    __arm_cp.1_1                             0x08000d54   Number         4  tim.o(.text.MX_TIM3_Init)
    __arm_cp.1_2                             0x08000d58   Number         4  tim.o(.text.MX_TIM3_Init)
    __arm_cp.1_3                             0x08000d5c   Number         4  tim.o(.text.MX_TIM3_Init)
    __arm_cp.1_4                             0x08000d60   Number         4  tim.o(.text.MX_TIM3_Init)
    __arm_cp.1_5                             0x08000d64   Number         4  tim.o(.text.MX_TIM3_Init)
    __arm_cp.1_6                             0x08000d68   Number         4  tim.o(.text.MX_TIM3_Init)
    [Anonymous Symbol]                       0x08000d6c   Section        0  stm32g0xx_it.o(.text.NMI_Handler)
    [Anonymous Symbol]                       0x08000d6e   Section        0  stm32g0xx_it.o(.text.PendSV_Handler)
    [Anonymous Symbol]                       0x08000d70   Section        0  stm32g0xx_it.o(.text.SVC_Handler)
    [Anonymous Symbol]                       0x08000d72   Section        0  stm32g0xx_it.o(.text.SysTick_Handler)
    [Anonymous Symbol]                       0x08000d74   Section        0  main.o(.text.SystemClock_Config)
    __arm_cp.1_0                             0x08000e50   Number         4  main.o(.text.SystemClock_Config)
    __arm_cp.1_1                             0x08000e54   Number         4  main.o(.text.SystemClock_Config)
    __arm_cp.1_2                             0x08000e58   Number         4  main.o(.text.SystemClock_Config)
    __arm_cp.1_3                             0x08000e5c   Number         4  main.o(.text.SystemClock_Config)
    __arm_cp.1_4                             0x08000e60   Number         4  main.o(.text.SystemClock_Config)
    [Anonymous Symbol]                       0x08000e64   Section        0  system_stm32g0xx.o(.text.SystemInit)
    [Anonymous Symbol]                       0x08000e68   Section        0  main.o(.text.main)
    __arm_cp.0_0                             0x08000fa8   Number         4  main.o(.text.main)
    __arm_cp.0_1                             0x08000fac   Number         4  main.o(.text.main)
    __arm_cp.0_2                             0x08000fb0   Number         4  main.o(.text.main)
    __arm_cp.0_3                             0x08000fb4   Number         4  main.o(.text.main)
    __arm_cp.0_4                             0x08000fb8   Number         4  main.o(.text.main)
    __arm_cp.0_5                             0x08000fbc   Number         4  main.o(.text.main)
    __arm_cp.0_6                             0x08000fc0   Number         4  main.o(.text.main)
    __arm_cp.0_7                             0x08000fc4   Number         4  main.o(.text.main)
    .text_divfast                            0x08000fc8   Section      502  aeabi_sdivfast.o(.text_divfast)
    .bss                                     0x20000008   Section       96  libspace.o(.bss)
    Heap_Mem                                 0x20000068   Data         512  startup_stm32g030xx.o(HEAP)
    HEAP                                     0x20000068   Section      512  startup_stm32g030xx.o(HEAP)
    Stack_Mem                                0x20000268   Data        1024  startup_stm32g030xx.o(STACK)
    STACK                                    0x20000268   Section     1024  startup_stm32g030xx.o(STACK)
    __initial_sp                             0x20000668   Data           0  startup_stm32g030xx.o(STACK)

    Global Symbols

    Symbol Name                              Value     Ov Type        Size  Object(Section)

    BuildAttributes$$THM_ISAv3M$S$PE$A:L22$X:L11$S22$IEEE1$IW$~IW$USESV6$~STKCKD$USESV7$~SHL$OTIME$ROPI$EBA8$UX$STANDARDLIB$REQ8$PRES8$EABIv2 0x00000000   Number         0  anon$$obj.o ABSOLUTE
    __ARM_exceptions_init                     - Undefined Weak Reference
    __alloca_initialize                       - Undefined Weak Reference
    __arm_preinit_                            - Undefined Weak Reference
    __arm_relocate_pie_                       - Undefined Weak Reference
    __cpp_initialize__aeabi_                  - Undefined Weak Reference
    __cxa_finalize                            - Undefined Weak Reference
    __rt_locale                               - Undefined Weak Reference
    __sigvec_lookup                           - Undefined Weak Reference
    _atexit_init                              - Undefined Weak Reference
    _call_atexit_fns                          - Undefined Weak Reference
    _clock_init                               - Undefined Weak Reference
    _fp_trap_init                             - Undefined Weak Reference
    _fp_trap_shutdown                         - Undefined Weak Reference
    _get_lc_collate                           - Undefined Weak Reference
    _get_lc_ctype                             - Undefined Weak Reference
    _get_lc_monetary                          - Undefined Weak Reference
    _get_lc_numeric                           - Undefined Weak Reference
    _get_lc_time                              - Undefined Weak Reference
    _getenv_init                              - Undefined Weak Reference
    _handle_redirection                       - Undefined Weak Reference
    _init_alloc                               - Undefined Weak Reference
    _init_user_alloc                          - Undefined Weak Reference
    _initio                                   - Undefined Weak Reference
    _rand_init                                - Undefined Weak Reference
    _signal_finish                            - Undefined Weak Reference
    _signal_init                              - Undefined Weak Reference
    _terminate_alloc                          - Undefined Weak Reference
    _terminate_user_alloc                     - Undefined Weak Reference
    _terminateio                              - Undefined Weak Reference
    __Vectors_Size                           0x000000c0   Number         0  startup_stm32g030xx.o ABSOLUTE
    __Vectors                                0x08000000   Data           4  startup_stm32g030xx.o(RESET)
    __Vectors_End                            0x080000c0   Data           0  startup_stm32g030xx.o(RESET)
    __main                                   0x080000c1   Thumb Code     8  __main.o(!!!main)
    __scatterload                            0x080000c9   Thumb Code     0  __scatter.o(!!!scatter)
    __scatterload_rt2                        0x080000c9   Thumb Code    52  __scatter.o(!!!scatter)
    __scatterload_rt2_thumb_only             0x080000c9   Thumb Code     0  __scatter.o(!!!scatter)
    __scatterload_null                       0x080000d9   Thumb Code     0  __scatter.o(!!!scatter)
    __scatterload_copy                       0x08000105   Thumb Code    26  __scatter_copy.o(!!handler_copy)
    __scatterload_zeroinit                   0x08000121   Thumb Code    28  __scatter_zi.o(!!handler_zi)
    __rt_lib_init                            0x0800013d   Thumb Code     0  libinit.o(.ARM.Collect$$libinit$$00000000)
    __rt_lib_init_alloca_1                   0x0800013f   Thumb Code     0  libinit2.o(.ARM.Collect$$libinit$$00000030)
    __rt_lib_init_argv_1                     0x0800013f   Thumb Code     0  libinit2.o(.ARM.Collect$$libinit$$0000002E)
    __rt_lib_init_atexit_1                   0x0800013f   Thumb Code     0  libinit2.o(.ARM.Collect$$libinit$$0000001D)
    __rt_lib_init_clock_1                    0x0800013f   Thumb Code     0  libinit2.o(.ARM.Collect$$libinit$$00000023)
    __rt_lib_init_cpp_1                      0x0800013f   Thumb Code     0  libinit2.o(.ARM.Collect$$libinit$$00000034)
    __rt_lib_init_exceptions_1               0x0800013f   Thumb Code     0  libinit2.o(.ARM.Collect$$libinit$$00000032)
    __rt_lib_init_fp_1                       0x0800013f   Thumb Code     0  libinit2.o(.ARM.Collect$$libinit$$00000002)
    __rt_lib_init_fp_trap_1                  0x0800013f   Thumb Code     0  libinit2.o(.ARM.Collect$$libinit$$00000021)
    __rt_lib_init_getenv_1                   0x0800013f   Thumb Code     0  libinit2.o(.ARM.Collect$$libinit$$00000025)
    __rt_lib_init_heap_1                     0x0800013f   Thumb Code     0  libinit2.o(.ARM.Collect$$libinit$$0000000C)
    __rt_lib_init_lc_collate_1               0x0800013f   Thumb Code     0  libinit2.o(.ARM.Collect$$libinit$$00000013)
    __rt_lib_init_lc_ctype_1                 0x0800013f   Thumb Code     0  libinit2.o(.ARM.Collect$$libinit$$00000015)
    __rt_lib_init_lc_monetary_1              0x0800013f   Thumb Code     0  libinit2.o(.ARM.Collect$$libinit$$00000017)
    __rt_lib_init_lc_numeric_1               0x0800013f   Thumb Code     0  libinit2.o(.ARM.Collect$$libinit$$00000019)
    __rt_lib_init_lc_time_1                  0x0800013f   Thumb Code     0  libinit2.o(.ARM.Collect$$libinit$$0000001B)
    __rt_lib_init_preinit_1                  0x0800013f   Thumb Code     0  libinit2.o(.ARM.Collect$$libinit$$00000006)
    __rt_lib_init_rand_1                     0x0800013f   Thumb Code     0  libinit2.o(.ARM.Collect$$libinit$$00000010)
    __rt_lib_init_relocate_pie_1             0x0800013f   Thumb Code     0  libinit2.o(.ARM.Collect$$libinit$$00000004)
    __rt_lib_init_return                     0x0800013f   Thumb Code     0  libinit2.o(.ARM.Collect$$libinit$$00000035)
    __rt_lib_init_signal_1                   0x0800013f   Thumb Code     0  libinit2.o(.ARM.Collect$$libinit$$0000001F)
    __rt_lib_init_stdio_1                    0x0800013f   Thumb Code     0  libinit2.o(.ARM.Collect$$libinit$$00000027)
    __rt_lib_init_user_alloc_1               0x0800013f   Thumb Code     0  libinit2.o(.ARM.Collect$$libinit$$0000000E)
    __rt_lib_shutdown                        0x08000141   Thumb Code     0  libshutdown.o(.ARM.Collect$$libshutdown$$00000000)
    __rt_lib_shutdown_cpp_1                  0x08000143   Thumb Code     0  libshutdown2.o(.ARM.Collect$$libshutdown$$00000002)
    __rt_lib_shutdown_fp_trap_1              0x08000143   Thumb Code     0  libshutdown2.o(.ARM.Collect$$libshutdown$$00000007)
    __rt_lib_shutdown_heap_1                 0x08000143   Thumb Code     0  libshutdown2.o(.ARM.Collect$$libshutdown$$0000000F)
    __rt_lib_shutdown_return                 0x08000143   Thumb Code     0  libshutdown2.o(.ARM.Collect$$libshutdown$$00000010)
    __rt_lib_shutdown_signal_1               0x08000143   Thumb Code     0  libshutdown2.o(.ARM.Collect$$libshutdown$$0000000A)
    __rt_lib_shutdown_stdio_1                0x08000143   Thumb Code     0  libshutdown2.o(.ARM.Collect$$libshutdown$$00000004)
    __rt_lib_shutdown_user_alloc_1           0x08000143   Thumb Code     0  libshutdown2.o(.ARM.Collect$$libshutdown$$0000000C)
    __rt_entry                               0x08000145   Thumb Code     0  __rtentry.o(.ARM.Collect$$rtentry$$00000000)
    __rt_entry_presh_1                       0x08000145   Thumb Code     0  __rtentry2.o(.ARM.Collect$$rtentry$$00000002)
    __rt_entry_sh                            0x08000145   Thumb Code     0  __rtentry4.o(.ARM.Collect$$rtentry$$00000004)
    __rt_entry_li                            0x0800014b   Thumb Code     0  __rtentry2.o(.ARM.Collect$$rtentry$$0000000A)
    __rt_entry_postsh_1                      0x0800014b   Thumb Code     0  __rtentry2.o(.ARM.Collect$$rtentry$$00000009)
    __rt_entry_main                          0x0800014f   Thumb Code     0  __rtentry2.o(.ARM.Collect$$rtentry$$0000000D)
    __rt_entry_postli_1                      0x0800014f   Thumb Code     0  __rtentry2.o(.ARM.Collect$$rtentry$$0000000C)
    __rt_exit                                0x08000157   Thumb Code     0  rtexit.o(.ARM.Collect$$rtexit$$00000000)
    __rt_exit_ls                             0x08000159   Thumb Code     0  rtexit2.o(.ARM.Collect$$rtexit$$00000003)
    __rt_exit_prels_1                        0x08000159   Thumb Code     0  rtexit2.o(.ARM.Collect$$rtexit$$00000002)
    __rt_exit_exit                           0x0800015d   Thumb Code     0  rtexit2.o(.ARM.Collect$$rtexit$$00000004)
    Reset_Handler                            0x08000165   Thumb Code     8  startup_stm32g030xx.o(.text)
    ADC1_IRQHandler                          0x08000177   Thumb Code     0  startup_stm32g030xx.o(.text)
    DMA1_Ch4_5_DMAMUX1_OVR_IRQHandler        0x08000177   Thumb Code     0  startup_stm32g030xx.o(.text)
    DMA1_Channel1_IRQHandler                 0x08000177   Thumb Code     0  startup_stm32g030xx.o(.text)
    DMA1_Channel2_3_IRQHandler               0x08000177   Thumb Code     0  startup_stm32g030xx.o(.text)
    EXTI0_1_IRQHandler                       0x08000177   Thumb Code     0  startup_stm32g030xx.o(.text)
    EXTI2_3_IRQHandler                       0x08000177   Thumb Code     0  startup_stm32g030xx.o(.text)
    EXTI4_15_IRQHandler                      0x08000177   Thumb Code     0  startup_stm32g030xx.o(.text)
    FLASH_IRQHandler                         0x08000177   Thumb Code     0  startup_stm32g030xx.o(.text)
    I2C1_IRQHandler                          0x08000177   Thumb Code     0  startup_stm32g030xx.o(.text)
    I2C2_IRQHandler                          0x08000177   Thumb Code     0  startup_stm32g030xx.o(.text)
    RCC_IRQHandler                           0x08000177   Thumb Code     0  startup_stm32g030xx.o(.text)
    RTC_TAMP_IRQHandler                      0x08000177   Thumb Code     0  startup_stm32g030xx.o(.text)
    SPI1_IRQHandler                          0x08000177   Thumb Code     0  startup_stm32g030xx.o(.text)
    SPI2_IRQHandler                          0x08000177   Thumb Code     0  startup_stm32g030xx.o(.text)
    TIM14_IRQHandler                         0x08000177   Thumb Code     0  startup_stm32g030xx.o(.text)
    TIM16_IRQHandler                         0x08000177   Thumb Code     0  startup_stm32g030xx.o(.text)
    TIM17_IRQHandler                         0x08000177   Thumb Code     0  startup_stm32g030xx.o(.text)
    TIM1_BRK_UP_TRG_COM_IRQHandler           0x08000177   Thumb Code     0  startup_stm32g030xx.o(.text)
    TIM1_CC_IRQHandler                       0x08000177   Thumb Code     0  startup_stm32g030xx.o(.text)
    TIM3_IRQHandler                          0x08000177   Thumb Code     0  startup_stm32g030xx.o(.text)
    USART1_IRQHandler                        0x08000177   Thumb Code     0  startup_stm32g030xx.o(.text)
    USART2_IRQHandler                        0x08000177   Thumb Code     0  startup_stm32g030xx.o(.text)
    WWDG_IRQHandler                          0x08000177   Thumb Code     0  startup_stm32g030xx.o(.text)
    __user_initial_stackheap                 0x08000179   Thumb Code     0  startup_stm32g030xx.o(.text)
    __use_two_region_memory                  0x0800019d   Thumb Code     2  heapauxi.o(.text)
    __rt_heap_escrow$2region                 0x0800019f   Thumb Code     2  heapauxi.o(.text)
    __rt_heap_expand$2region                 0x080001a1   Thumb Code     2  heapauxi.o(.text)
    __user_setup_stackheap                   0x080001a3   Thumb Code    62  sys_stackheap_outer.o(.text)
    exit                                     0x080001e1   Thumb Code    16  exit.o(.text)
    __user_libspace                          0x080001f1   Thumb Code     8  libspace.o(.text)
    __user_perproc_libspace                  0x080001f1   Thumb Code     0  libspace.o(.text)
    __user_perthread_libspace                0x080001f1   Thumb Code     0  libspace.o(.text)
    _sys_exit                                0x080001f9   Thumb Code     8  sys_exit.o(.text)
    __I$use$semihosting                      0x08000205   Thumb Code     0  use_no_semi.o(.text)
    __use_no_semihosting_swi                 0x08000205   Thumb Code     2  use_no_semi.o(.text)
    HardFault_Handler                        0x08000207   Thumb Code     2  stm32g0xx_it.o(.text.HardFault_Handler)
    __semihosting_library_function           0x08000207   Thumb Code     0  indicate_semi.o(.text)
    LL_ADC_Init                              0x08000209   Thumb Code    48  stm32g0xx_ll_adc.o(.text.LL_ADC_Init)
    LL_ADC_REG_Init                          0x0800023d   Thumb Code   100  stm32g0xx_ll_adc.o(.text.LL_ADC_REG_Init)
    LL_GPIO_Init                             0x080002a5   Thumb Code   198  stm32g0xx_ll_gpio.o(.text.LL_GPIO_Init)
    LL_I2C_Init                              0x0800036d   Thumb Code   104  stm32g0xx_ll_i2c.o(.text.LL_I2C_Init)
    LL_Init1msTick                           0x080003dd   Thumb Code    28  stm32g0xx_ll_utils.o(.text.LL_Init1msTick)
    LL_SPI_Init                              0x080003fd   Thumb Code   108  stm32g0xx_ll_spi.o(.text.LL_SPI_Init)
    LL_SetSystemCoreClock                    0x08000471   Thumb Code     8  stm32g0xx_ll_utils.o(.text.LL_SetSystemCoreClock)
    LL_TIM_BDTR_Init                         0x0800047d   Thumb Code   116  stm32g0xx_ll_tim.o(.text.LL_TIM_BDTR_Init)
    LL_TIM_Init                              0x0800050d   Thumb Code   120  stm32g0xx_ll_tim.o(.text.LL_TIM_Init)
    LL_TIM_OC_Init                           0x08000591   Thumb Code   716  stm32g0xx_ll_tim.o(.text.LL_TIM_OC_Init)
    MX_ADC1_Init                             0x08000885   Thumb Code   288  adc.o(.text.MX_ADC1_Init)
    MX_GPIO_Init                             0x080009ad   Thumb Code    72  gpio.o(.text.MX_GPIO_Init)
    MX_I2C1_Init                             0x080009f5   Thumb Code   176  i2c.o(.text.MX_I2C1_Init)
    MX_SPI1_Init                             0x08000ab1   Thumb Code   168  spi.o(.text.MX_SPI1_Init)
    MX_TIM1_Init                             0x08000b5d   Thumb Code   224  tim.o(.text.MX_TIM1_Init)
    MX_TIM3_Init                             0x08000c45   Thumb Code   268  tim.o(.text.MX_TIM3_Init)
    NMI_Handler                              0x08000d6d   Thumb Code     2  stm32g0xx_it.o(.text.NMI_Handler)
    PendSV_Handler                           0x08000d6f   Thumb Code     2  stm32g0xx_it.o(.text.PendSV_Handler)
    SVC_Handler                              0x08000d71   Thumb Code     2  stm32g0xx_it.o(.text.SVC_Handler)
    SysTick_Handler                          0x08000d73   Thumb Code     2  stm32g0xx_it.o(.text.SysTick_Handler)
    SystemClock_Config                       0x08000d75   Thumb Code   220  main.o(.text.SystemClock_Config)
    SystemInit                               0x08000e65   Thumb Code     2  system_stm32g0xx.o(.text.SystemInit)
    main                                     0x08000e69   Thumb Code   320  main.o(.text.main)
    __aeabi_uidiv                            0x08000fc9   Thumb Code    68  aeabi_sdivfast.o(.text_divfast)
    __aeabi_idiv                             0x0800100d   Thumb Code   434  aeabi_sdivfast.o(.text_divfast)
    Region$$Table$$Base                      0x080011c0   Number         0  anon$$obj.o(Region$$Table)
    Region$$Table$$Limit                     0x080011e0   Number         0  anon$$obj.o(Region$$Table)
    SystemCoreClock                          0x20000000   Data           4  system_stm32g0xx.o(.data.SystemCoreClock)
    __libspace_start                         0x20000008   Data          96  libspace.o(.bss)
    __temporary_stack_top$libspace           0x20000068   Data           0  libspace.o(.bss)



==============================================================================

Memory Map of the image

  Image Entry point : 0x080000c1

  Load Region LR_IROM1 (Base: 0x08000000, Size: 0x000011e8, Max: 0x00008000, ABSOLUTE)

    Execution Region ER_IROM1 (Exec base: 0x08000000, Load base: 0x08000000, Size: 0x000011e0, Max: 0x00008000, ABSOLUTE)

    Exec Addr    Load Addr    Size         Type   Attr      Idx    E Section Name        Object

    0x08000000   0x08000000   0x000000c0   Data   RO            3    RESET               startup_stm32g030xx.o
    0x080000c0   0x080000c0   0x00000008   Code   RO          309  * !!!main             c_p.l(__main.o)
    0x080000c8   0x080000c8   0x0000003c   Code   RO          494    !!!scatter          c_p.l(__scatter.o)
    0x08000104   0x08000104   0x0000001a   Code   RO          496    !!handler_copy      c_p.l(__scatter_copy.o)
    0x0800011e   0x0800011e   0x00000002   PAD
    0x08000120   0x08000120   0x0000001c   Code   RO          498    !!handler_zi        c_p.l(__scatter_zi.o)
    0x0800013c   0x0800013c   0x00000002   Code   RO          355    .ARM.Collect$$libinit$$00000000  c_p.l(libinit.o)
    0x0800013e   0x0800013e   0x00000000   Code   RO          369    .ARM.Collect$$libinit$$00000002  c_p.l(libinit2.o)
    0x0800013e   0x0800013e   0x00000000   Code   RO          371    .ARM.Collect$$libinit$$00000004  c_p.l(libinit2.o)
    0x0800013e   0x0800013e   0x00000000   Code   RO          373    .ARM.Collect$$libinit$$00000006  c_p.l(libinit2.o)
    0x0800013e   0x0800013e   0x00000000   Code   RO          376    .ARM.Collect$$libinit$$0000000C  c_p.l(libinit2.o)
    0x0800013e   0x0800013e   0x00000000   Code   RO          378    .ARM.Collect$$libinit$$0000000E  c_p.l(libinit2.o)
    0x0800013e   0x0800013e   0x00000000   Code   RO          380    .ARM.Collect$$libinit$$00000010  c_p.l(libinit2.o)
    0x0800013e   0x0800013e   0x00000000   Code   RO          383    .ARM.Collect$$libinit$$00000013  c_p.l(libinit2.o)
    0x0800013e   0x0800013e   0x00000000   Code   RO          385    .ARM.Collect$$libinit$$00000015  c_p.l(libinit2.o)
    0x0800013e   0x0800013e   0x00000000   Code   RO          387    .ARM.Collect$$libinit$$00000017  c_p.l(libinit2.o)
    0x0800013e   0x0800013e   0x00000000   Code   RO          389    .ARM.Collect$$libinit$$00000019  c_p.l(libinit2.o)
    0x0800013e   0x0800013e   0x00000000   Code   RO          391    .ARM.Collect$$libinit$$0000001B  c_p.l(libinit2.o)
    0x0800013e   0x0800013e   0x00000000   Code   RO          393    .ARM.Collect$$libinit$$0000001D  c_p.l(libinit2.o)
    0x0800013e   0x0800013e   0x00000000   Code   RO          395    .ARM.Collect$$libinit$$0000001F  c_p.l(libinit2.o)
    0x0800013e   0x0800013e   0x00000000   Code   RO          397    .ARM.Collect$$libinit$$00000021  c_p.l(libinit2.o)
    0x0800013e   0x0800013e   0x00000000   Code   RO          399    .ARM.Collect$$libinit$$00000023  c_p.l(libinit2.o)
    0x0800013e   0x0800013e   0x00000000   Code   RO          401    .ARM.Collect$$libinit$$00000025  c_p.l(libinit2.o)
    0x0800013e   0x0800013e   0x00000000   Code   RO          403    .ARM.Collect$$libinit$$00000027  c_p.l(libinit2.o)
    0x0800013e   0x0800013e   0x00000000   Code   RO          407    .ARM.Collect$$libinit$$0000002E  c_p.l(libinit2.o)
    0x0800013e   0x0800013e   0x00000000   Code   RO          409    .ARM.Collect$$libinit$$00000030  c_p.l(libinit2.o)
    0x0800013e   0x0800013e   0x00000000   Code   RO          411    .ARM.Collect$$libinit$$00000032  c_p.l(libinit2.o)
    0x0800013e   0x0800013e   0x00000000   Code   RO          413    .ARM.Collect$$libinit$$00000034  c_p.l(libinit2.o)
    0x0800013e   0x0800013e   0x00000002   Code   RO          414    .ARM.Collect$$libinit$$00000035  c_p.l(libinit2.o)
    0x08000140   0x08000140   0x00000002   Code   RO          449    .ARM.Collect$$libshutdown$$00000000  c_p.l(libshutdown.o)
    0x08000142   0x08000142   0x00000000   Code   RO          477    .ARM.Collect$$libshutdown$$00000002  c_p.l(libshutdown2.o)
    0x08000142   0x08000142   0x00000000   Code   RO          479    .ARM.Collect$$libshutdown$$00000004  c_p.l(libshutdown2.o)
    0x08000142   0x08000142   0x00000000   Code   RO          482    .ARM.Collect$$libshutdown$$00000007  c_p.l(libshutdown2.o)
    0x08000142   0x08000142   0x00000000   Code   RO          485    .ARM.Collect$$libshutdown$$0000000A  c_p.l(libshutdown2.o)
    0x08000142   0x08000142   0x00000000   Code   RO          487    .ARM.Collect$$libshutdown$$0000000C  c_p.l(libshutdown2.o)
    0x08000142   0x08000142   0x00000000   Code   RO          490    .ARM.Collect$$libshutdown$$0000000F  c_p.l(libshutdown2.o)
    0x08000142   0x08000142   0x00000002   Code   RO          491    .ARM.Collect$$libshutdown$$00000010  c_p.l(libshutdown2.o)
    0x08000144   0x08000144   0x00000000   Code   RO          318    .ARM.Collect$$rtentry$$00000000  c_p.l(__rtentry.o)
    0x08000144   0x08000144   0x00000000   Code   RO          325    .ARM.Collect$$rtentry$$00000002  c_p.l(__rtentry2.o)
    0x08000144   0x08000144   0x00000006   Code   RO          337    .ARM.Collect$$rtentry$$00000004  c_p.l(__rtentry4.o)
    0x0800014a   0x0800014a   0x00000000   Code   RO          327    .ARM.Collect$$rtentry$$00000009  c_p.l(__rtentry2.o)
    0x0800014a   0x0800014a   0x00000004   Code   RO          328    .ARM.Collect$$rtentry$$0000000A  c_p.l(__rtentry2.o)
    0x0800014e   0x0800014e   0x00000000   Code   RO          330    .ARM.Collect$$rtentry$$0000000C  c_p.l(__rtentry2.o)
    0x0800014e   0x0800014e   0x00000008   Code   RO          331    .ARM.Collect$$rtentry$$0000000D  c_p.l(__rtentry2.o)
    0x08000156   0x08000156   0x00000002   Code   RO          360    .ARM.Collect$$rtexit$$00000000  c_p.l(rtexit.o)
    0x08000158   0x08000158   0x00000000   Code   RO          420    .ARM.Collect$$rtexit$$00000002  c_p.l(rtexit2.o)
    0x08000158   0x08000158   0x00000004   Code   RO          421    .ARM.Collect$$rtexit$$00000003  c_p.l(rtexit2.o)
    0x0800015c   0x0800015c   0x00000006   Code   RO          422    .ARM.Collect$$rtexit$$00000004  c_p.l(rtexit2.o)
    0x08000162   0x08000162   0x00000002   PAD
    0x08000164   0x08000164   0x00000038   Code   RO            4    .text               startup_stm32g030xx.o
    0x0800019c   0x0800019c   0x00000006   Code   RO          307    .text               c_p.l(heapauxi.o)
    0x080001a2   0x080001a2   0x0000003e   Code   RO          341    .text               c_p.l(sys_stackheap_outer.o)
    0x080001e0   0x080001e0   0x00000010   Code   RO          344    .text               c_p.l(exit.o)
    0x080001f0   0x080001f0   0x00000008   Code   RO          356    .text               c_p.l(libspace.o)
    0x080001f8   0x080001f8   0x0000000c   Code   RO          415    .text               c_p.l(sys_exit.o)
    0x08000204   0x08000204   0x00000002   Code   RO          438    .text               c_p.l(use_no_semi.o)
    0x08000206   0x08000206   0x00000000   Code   RO          440    .text               c_p.l(indicate_semi.o)
    0x08000206   0x08000206   0x00000002   Code   RO           78    .text.HardFault_Handler  stm32g0xx_it.o
    0x08000208   0x08000208   0x00000034   Code   RO          151    .text.LL_ADC_Init   stm32g0xx_ll_adc.o
    0x0800023c   0x0800023c   0x00000068   Code   RO          155    .text.LL_ADC_REG_Init  stm32g0xx_ll_adc.o
    0x080002a4   0x080002a4   0x000000c6   Code   RO          131    .text.LL_GPIO_Init  stm32g0xx_ll_gpio.o
    0x0800036a   0x0800036a   0x00000002   PAD
    0x0800036c   0x0800036c   0x00000070   Code   RO          205    .text.LL_I2C_Init   stm32g0xx_ll_i2c.o
    0x080003dc   0x080003dc   0x00000020   Code   RO           93    .text.LL_Init1msTick  stm32g0xx_ll_utils.o
    0x080003fc   0x080003fc   0x00000074   Code   RO          219    .text.LL_SPI_Init   stm32g0xx_ll_spi.o
    0x08000470   0x08000470   0x0000000c   Code   RO           97    .text.LL_SetSystemCoreClock  stm32g0xx_ll_utils.o
    0x0800047c   0x0800047c   0x00000090   Code   RO          271    .text.LL_TIM_BDTR_Init  stm32g0xx_ll_tim.o
    0x0800050c   0x0800050c   0x00000084   Code   RO          251    .text.LL_TIM_Init   stm32g0xx_ll_tim.o
    0x08000590   0x08000590   0x000002f4   Code   RO          255    .text.LL_TIM_OC_Init  stm32g0xx_ll_tim.o
    0x08000884   0x08000884   0x00000128   Code   RO           38    .text.MX_ADC1_Init  adc.o
    0x080009ac   0x080009ac   0x00000048   Code   RO           30    .text.MX_GPIO_Init  gpio.o
    0x080009f4   0x080009f4   0x000000bc   Code   RO           47    .text.MX_I2C1_Init  i2c.o
    0x08000ab0   0x08000ab0   0x000000ac   Code   RO           56    .text.MX_SPI1_Init  spi.o
    0x08000b5c   0x08000b5c   0x000000e8   Code   RO           65    .text.MX_TIM1_Init  tim.o
    0x08000c44   0x08000c44   0x00000128   Code   RO           67    .text.MX_TIM3_Init  tim.o
    0x08000d6c   0x08000d6c   0x00000002   Code   RO           76    .text.NMI_Handler   stm32g0xx_it.o
    0x08000d6e   0x08000d6e   0x00000002   Code   RO           82    .text.PendSV_Handler  stm32g0xx_it.o
    0x08000d70   0x08000d70   0x00000002   Code   RO           80    .text.SVC_Handler   stm32g0xx_it.o
    0x08000d72   0x08000d72   0x00000002   Code   RO           84    .text.SysTick_Handler  stm32g0xx_it.o
    0x08000d74   0x08000d74   0x000000f0   Code   RO           13    .text.SystemClock_Config  main.o
    0x08000e64   0x08000e64   0x00000002   Code   RO          281    .text.SystemInit    system_stm32g0xx.o
    0x08000e66   0x08000e66   0x00000002   PAD
    0x08000e68   0x08000e68   0x00000160   Code   RO           11    .text.main          main.o
    0x08000fc8   0x08000fc8   0x000001f6   Code   RO          300    .text_divfast       c_p.l(aeabi_sdivfast.o)
    0x080011be   0x080011be   0x00000002   PAD
    0x080011c0   0x080011c0   0x00000020   Data   RO          493    Region$$Table       anon$$obj.o


    Execution Region RW_IRAM1 (Exec base: 0x20000000, Load base: 0x080011e0, Size: 0x00000668, Max: 0x00002000, ABSOLUTE)

    Exec Addr    Load Addr    Size         Type   Attr      Idx    E Section Name        Object

    0x20000000   0x080011e0   0x00000004   Data   RW          285    .data.SystemCoreClock  system_stm32g0xx.o
    0x20000004   0x080011e4   0x00000004   PAD
    0x20000008        -       0x00000060   Zero   RW          357    .bss                c_p.l(libspace.o)
    0x20000068        -       0x00000200   Zero   RW            2    HEAP                startup_stm32g030xx.o
    0x20000268        -       0x00000400   Zero   RW            1    STACK               startup_stm32g030xx.o


==============================================================================

Image component sizes


      Code (inc. data)   RO Data    RW Data    ZI Data      Debug   Object Name

       296          8          0          0          0       4510   adc.o
        72          0          0          0          0       2214   gpio.o
       188         12          0          0          0       3327   i2c.o
       592         52          0          0          0      12304   main.o
       172          4          0          0          0       3001   spi.o
        56         26        192          0       1536        616   startup_stm32g030xx.o
        10          0          0          0          0        690   stm32g0xx_it.o
       156          8          0          0          0       6424   stm32g0xx_ll_adc.o
       198          0          0          0          0       3782   stm32g0xx_ll_gpio.o
       112          8          0          0          0       3646   stm32g0xx_ll_i2c.o
       116          8          0          0          0       5618   stm32g0xx_ll_spi.o
      1032         80          0          0          0      13384   stm32g0xx_ll_tim.o
        44          8          0          0          0       8308   stm32g0xx_ll_utils.o
         2          0          0          4          0       1953   system_stm32g0xx.o
       528         36          0          0          0       6247   tim.o

    ----------------------------------------------------------------------
      3578        250        224          4       1540      76024   Object Totals
         0          0         32          0          0          0   (incl. Generated)
         4          0          0          0          4          0   (incl. Padding)

    ----------------------------------------------------------------------

      Code (inc. data)   RO Data    RW Data    ZI Data      Debug   Library Member Name

         8          0          0          0          0         68   __main.o
         0          0          0          0          0          0   __rtentry.o
        12          0          0          0          0          0   __rtentry2.o
         6          0          0          0          0          0   __rtentry4.o
        60          8          0          0          0          0   __scatter.o
        26          0          0          0          0          0   __scatter_copy.o
        28          0          0          0          0          0   __scatter_zi.o
       502          0          0          0          0         92   aeabi_sdivfast.o
        16          0          0          0          0         68   exit.o
         6          0          0          0          0        136   heapauxi.o
         0          0          0          0          0          0   indicate_semi.o
         2          0          0          0          0          0   libinit.o
         2          0          0          0          0          0   libinit2.o
         2          0          0          0          0          0   libshutdown.o
         2          0          0          0          0          0   libshutdown2.o
         8          4          0          0         96         68   libspace.o
         2          0          0          0          0          0   rtexit.o
        10          0          0          0          0          0   rtexit2.o
        12          4          0          0          0         60   sys_exit.o
        62          0          0          0          0         80   sys_stackheap_outer.o
         2          0          0          0          0         68   use_no_semi.o

    ----------------------------------------------------------------------
       774         16          0          0         96        640   Library Totals
         6          0          0          0          0          0   (incl. Padding)

    ----------------------------------------------------------------------

      Code (inc. data)   RO Data    RW Data    ZI Data      Debug   Library Name

       768         16          0          0         96        640   c_p.l

    ----------------------------------------------------------------------
       774         16          0          0         96        640   Library Totals

    ----------------------------------------------------------------------

==============================================================================


      Code (inc. data)   RO Data    RW Data    ZI Data      Debug   

      4352        266        224          4       1636      76260   Grand Totals
      4352        266        224          4       1636      76260   ELF Image Totals
      4352        266        224          4          0          0   ROM Totals

==============================================================================

    Total RO  Size (Code + RO Data)                 4576 (   4.47kB)
    Total RW  Size (RW Data + ZI Data)              1640 (   1.60kB)
    Total ROM Size (Code + RO Data + RW Data)       4580 (   4.47kB)

==============================================================================

