Component: Arm Compiler for Embedded 6.18 Tool: armlink [5e4cc100]

==============================================================================

Section Cross References

    startup_stm32g030xx.o(STACK) refers (Special) to heapauxi.o(.text) for __use_two_region_memory
    startup_stm32g030xx.o(HEAP) refers (Special) to heapauxi.o(.text) for __use_two_region_memory
    startup_stm32g030xx.o(RESET) refers (Special) to heapauxi.o(.text) for __use_two_region_memory
    startup_stm32g030xx.o(RESET) refers to startup_stm32g030xx.o(STACK) for __initial_sp
    startup_stm32g030xx.o(RESET) refers to startup_stm32g030xx.o(.text) for Reset_Handler
    startup_stm32g030xx.o(RESET) refers to stm32g0xx_it.o(.text.NMI_Handler) for NMI_Handler
    startup_stm32g030xx.o(RESET) refers to stm32g0xx_it.o(.text.HardFault_Handler) for HardFault_Handler
    startup_stm32g030xx.o(RESET) refers to stm32g0xx_it.o(.text.SVC_Handler) for SVC_Handler
    startup_stm32g030xx.o(RESET) refers to stm32g0xx_it.o(.text.PendSV_Handler) for PendSV_Handler
    startup_stm32g030xx.o(RESET) refers to stm32g0xx_it.o(.text.SysTick_Handler) for SysTick_Handler
    startup_stm32g030xx.o(.text) refers (Special) to heapauxi.o(.text) for __use_two_region_memory
    startup_stm32g030xx.o(.text) refers to system_stm32g0xx.o(.text.SystemInit) for SystemInit
    startup_stm32g030xx.o(.text) refers to __main.o(!!!main) for __main
    startup_stm32g030xx.o(.text) refers to startup_stm32g030xx.o(HEAP) for Heap_Mem
    startup_stm32g030xx.o(.text) refers to startup_stm32g030xx.o(STACK) for Stack_Mem
    oled_driver.o(.text.u8x8_gpio_and_delay_hw) refers to stm32g0xx_ll_utils.o(.text.LL_mDelay) for LL_mDelay
    oled_driver.o(.ARM.exidx.text.u8x8_gpio_and_delay_hw) refers to oled_driver.o(.text.u8x8_gpio_and_delay_hw) for [Anonymous Symbol]
    oled_driver.o(.text.u8x8_byte_hw_i2c) refers to stm32g0xx_hal_i2c.o(.text.HAL_I2C_Master_Transmit) for HAL_I2C_Master_Transmit
    oled_driver.o(.text.u8x8_byte_hw_i2c) refers to oled_driver.o(.bss.u8x8_byte_hw_i2c.buf_idx) for [Anonymous Symbol]
    oled_driver.o(.text.u8x8_byte_hw_i2c) refers to i2c.o(.bss.hi2c1) for hi2c1
    oled_driver.o(.text.u8x8_byte_hw_i2c) refers to oled_driver.o(.bss.u8x8_byte_hw_i2c.buffer) for [Anonymous Symbol]
    oled_driver.o(.ARM.exidx.text.u8x8_byte_hw_i2c) refers to oled_driver.o(.text.u8x8_byte_hw_i2c) for [Anonymous Symbol]
    oled_driver.o(.text.draw) refers to u8g2_font.o(.text.u8g2_SetFontMode) for u8g2_SetFontMode
    oled_driver.o(.text.draw) refers to u8g2_font.o(.text.u8g2_SetFontDirection) for u8g2_SetFontDirection
    oled_driver.o(.text.draw) refers to u8g2_font.o(.text.u8g2_SetFont) for u8g2_SetFont
    oled_driver.o(.text.draw) refers to u8g2_font.o(.text.u8g2_DrawStr) for u8g2_DrawStr
    oled_driver.o(.text.draw) refers to u8g2_hvline.o(.text.u8g2_DrawHLine) for u8g2_DrawHLine
    oled_driver.o(.text.draw) refers to u8g2_hvline.o(.text.u8g2_DrawVLine) for u8g2_DrawVLine
    oled_driver.o(.text.draw) refers to u8g2_fonts.o(.rodata.u8g2_font_inb24_mf) for u8g2_font_inb24_mf
    oled_driver.o(.text.draw) refers to u8g2_fonts.o(.rodata.u8g2_font_inb30_mn) for u8g2_font_inb30_mn
    oled_driver.o(.text.draw) refers to u8g2_fonts.o(.rodata.u8g2_font_4x6_tr) for u8g2_font_4x6_tr
    oled_driver.o(.ARM.exidx.text.draw) refers to oled_driver.o(.text.draw) for [Anonymous Symbol]
    main.o(.text.main) refers to stm32g0xx_hal.o(.text.HAL_Init) for HAL_Init
    main.o(.text.main) refers to main.o(.text.SystemClock_Config) for SystemClock_Config
    main.o(.text.main) refers to gpio.o(.text.MX_GPIO_Init) for MX_GPIO_Init
    main.o(.text.main) refers to tim.o(.text.MX_TIM1_Init) for MX_TIM1_Init
    main.o(.text.main) refers to spi.o(.text.MX_SPI1_Init) for MX_SPI1_Init
    main.o(.text.main) refers to tim.o(.text.MX_TIM3_Init) for MX_TIM3_Init
    main.o(.text.main) refers to i2c.o(.text.MX_I2C1_Init) for MX_I2C1_Init
    main.o(.text.main) refers to adc.o(.text.MX_ADC1_Init) for MX_ADC1_Init
    main.o(.text.main) refers to u8g2_d_setup.o(.text.u8g2_Setup_ssd1306_i2c_128x64_noname_f) for u8g2_Setup_ssd1306_i2c_128x64_noname_f
    main.o(.text.main) refers to u8x8_display.o(.text.u8x8_InitDisplay) for u8x8_InitDisplay
    main.o(.text.main) refers to u8x8_display.o(.text.u8x8_SetPowerSave) for u8x8_SetPowerSave
    main.o(.text.main) refers to u8g2_buffer.o(.text.u8g2_FirstPage) for u8g2_FirstPage
    main.o(.text.main) refers to oled_driver.o(.text.draw) for draw
    main.o(.text.main) refers to u8g2_buffer.o(.text.u8g2_NextPage) for u8g2_NextPage
    main.o(.text.main) refers to main.o(.bss.u8g2) for [Anonymous Symbol]
    main.o(.text.main) refers to u8g2_setup.o(.rodata.u8g2_cb_r0) for u8g2_cb_r0
    main.o(.text.main) refers to oled_driver.o(.text.u8x8_byte_hw_i2c) for u8x8_byte_hw_i2c
    main.o(.text.main) refers to oled_driver.o(.text.u8x8_gpio_and_delay_hw) for u8x8_gpio_and_delay_hw
    main.o(.ARM.exidx.text.main) refers to main.o(.text.main) for [Anonymous Symbol]
[...]
    ../fplib/cfplib/dmul.c                   0x00000000   Number         0  dmul.o ABSOLUTE
    ../fplib/cfplib/ffix.c                   0x00000000   Number         0  dfixi.o ABSOLUTE
    ../fplib/cfplib/fpinit.c                 0x00000000   Number         0  fpinit.o ABSOLUTE
    ../fplib/usenofp.s                       0x00000000   Number         0  usenofp.o ABSOLUTE
    adc.c                                    0x00000000   Number         0  adc.o ABSOLUTE
    dc.s                                     0x00000000   Number         0  dc.o ABSOLUTE
    gpio.c                                   0x00000000   Number         0  gpio.o ABSOLUTE
    i2c.c                                    0x00000000   Number         0  i2c.o ABSOLUTE
    main.c                                   0x00000000   Number         0  main.o ABSOLUTE
    mui.c                                    0x00000000   Number         0  mui.o ABSOLUTE
    mui_u8g2.c                               0x00000000   Number         0  mui_u8g2.o ABSOLUTE
    oled_driver.c                            0x00000000   Number         0  oled_driver.o ABSOLUTE
    spi.c                                    0x00000000   Number         0  spi.o ABSOLUTE
    startup_stm32g030xx.s                    0x00000000   Number         0  startup_stm32g030xx.o ABSOLUTE
    stm32g0xx_hal.c                          0x00000000   Number         0  stm32g0xx_hal.o ABSOLUTE
    stm32g0xx_hal_cortex.c                   0x00000000   Number         0  stm32g0xx_hal_cortex.o ABSOLUTE
    stm32g0xx_hal_dma.c                      0x00000000   Number         0  stm32g0xx_hal_dma.o ABSOLUTE
    stm32g0xx_hal_dma_ex.c                   0x00000000   Number         0  stm32g0xx_hal_dma_ex.o ABSOLUTE
    stm32g0xx_hal_exti.c                     0x00000000   Number         0  stm32g0xx_hal_exti.o ABSOLUTE
    stm32g0xx_hal_flash.c                    0x00000000   Number         0  stm32g0xx_hal_flash.o ABSOLUTE
    stm32g0xx_hal_flash_ex.c                 0x00000000   Number         0  stm32g0xx_hal_flash_ex.o ABSOLUTE
    stm32g0xx_hal_gpio.c                     0x00000000   Number         0  stm32g0xx_hal_gpio.o ABSOLUTE
    stm32g0xx_hal_i2c.c                      0x00000000   Number         0  stm32g0xx_hal_i2c.o ABSOLUTE
    stm32g0xx_hal_i2c_ex.c                   0x00000000   Number         0  stm32g0xx_hal_i2c_ex.o ABSOLUTE
    stm32g0xx_hal_msp.c                      0x00000000   Number         0  stm32g0xx_hal_msp.o ABSOLUTE
    stm32g0xx_hal_pwr.c                      0x00000000   Number         0  stm32g0xx_hal_pwr.o ABSOLUTE
    stm32g0xx_hal_pwr_ex.c                   0x00000000   Number         0  stm32g0xx_hal_pwr_ex.o ABSOLUTE
    stm32g0xx_hal_rcc.c                      0x00000000   Number         0  stm32g0xx_hal_rcc.o ABSOLUTE
    stm32g0xx_hal_rcc_ex.c                   0x00000000   Number         0  stm32g0xx_hal_rcc_ex.o ABSOLUTE
    stm32g0xx_hal_tim.c                      0x00000000   Number         0  stm32g0xx_hal_tim.o ABSOLUTE
    stm32g0xx_hal_tim_ex.c                   0x00000000   Number         0  stm32g0xx_hal_tim_ex.o ABSOLUTE
    stm32g0xx_it.c                           0x00000000   Number         0  stm32g0xx_it.o ABSOLUTE
    stm32g0xx_ll_adc.c                       0x00000000   Number         0  stm32g0xx_ll_adc.o ABSOLUTE
    stm32g0xx_ll_dma.c                       0x00000000   Number         0  stm32g0xx_ll_dma.o ABSOLUTE
    stm32g0xx_ll_exti.c                      0x00000000   Number         0  stm32g0xx_ll_exti.o ABSOLUTE
    stm32g0xx_ll_gpio.c                      0x00000000   Number         0  stm32g0xx_ll_gpio.o ABSOLUTE
    stm32g0xx_ll_rcc.c                       0x00000000   Number         0  stm32g0xx_ll_rcc.o ABSOLUTE
    stm32g0xx_ll_spi.c                       0x00000000   Number         0  stm32g0xx_ll_spi.o ABSOLUTE
    stm32g0xx_ll_tim.c                       0x00000000   Number         0  stm32g0xx_ll_tim.o ABSOLUTE
    stm32g0xx_ll_utils.c                     0x00000000   Number         0  stm32g0xx_ll_utils.o ABSOLUTE
    system_stm32g0xx.c                       0x00000000   Number         0  system_stm32g0xx.o ABSOLUTE
    tim.c                                    0x00000000   Number         0  tim.o ABSOLUTE
    u8g2_arc.c                               0x00000000   Number         0  u8g2_arc.o ABSOLUTE
    u8g2_bitmap.c                            0x00000000   Number         0  u8g2_bitmap.o ABSOLUTE
    u8g2_box.c                               0x00000000   Number         0  u8g2_box.o ABSOLUTE
    u8g2_buffer.c                            0x00000000   Number         0  u8g2_buffer.o ABSOLUTE
    u8g2_button.c                            0x00000000   Number         0  u8g2_button.o ABSOLUTE
    u8g2_circle.c                            0x00000000   Number         0  u8g2_circle.o ABSOLUTE
    u8g2_cleardisplay.c                      0x00000000   Number         0  u8g2_cleardisplay.o ABSOLUTE
    u8g2_d_memory.c                          0x00000000   Number         0  u8g2_d_memory.o ABSOLUTE
    u8g2_d_setup.c                           0x00000000   Number         0  u8g2_d_setup.o ABSOLUTE
    u8g2_font.c                              0x00000000   Number         0  u8g2_font.o ABSOLUTE
    u8g2_fonts.c                             0x00000000   Number         0  u8g2_fonts.o ABSOLUTE
    u8g2_hvline.c                            0x00000000   Number         0  u8g2_hvline.o ABSOLUTE
    u8g2_input_value.c                       0x00000000   Number         0  u8g2_input_value.o ABSOLUTE
    u8g2_intersection.c                      0x00000000   Number         0  u8g2_intersection.o ABSOLUTE
    u8g2_kerning.c                           0x00000000   Number         0  u8g2_kerning.o ABSOLUTE
    u8g2_line.c                              0x00000000   Number         0  u8g2_line.o ABSOLUTE
    u8g2_ll_hvline.c                         0x00000000   Number         0  u8g2_ll_hvline.o ABSOLUTE
    u8g2_message.c                           0x00000000   Number         0  u8g2_message.o ABSOLUTE
    u8g2_polygon.c                           0x00000000   Number         0  u8g2_polygon.o ABSOLUTE
    u8g2_selection_list.c                    0x00000000   Number         0  u8g2_selection_list.o ABSOLUTE
    u8g2_setup.c                             0x00000000   Number         0  u8g2_setup.o ABSOLUTE
    u8log.c                                  0x00000000   Number         0  u8log.o ABSOLUTE
    u8log_u8g2.c                             0x00000000   Number         0  u8log_u8g2.o ABSOLUTE
    u8log_u8x8.c                             0x00000000   Number         0  u8log_u8x8.o ABSOLUTE
    u8x8_8x8.c                               0x00000000   Number         0  u8x8_8x8.o ABSOLUTE
    u8x8_byte.c                              0x00000000   Number         0  u8x8_byte.o ABSOLUTE
    u8x8_cad.c                               0x00000000   Number         0  u8x8_cad.o ABSOLUTE
    u8x8_capture.c                           0x00000000   Number         0  u8x8_capture.o ABSOLUTE
    u8x8_d_ssd1306_128x64_noname.c           0x00000000   Number         0  u8x8_d_ssd1306_128x64_noname.o ABSOLUTE
    u8x8_debounce.c                          0x00000000   Number         0  u8x8_debounce.o ABSOLUTE
    u8x8_display.c                           0x00000000   Number         0  u8x8_display.o ABSOLUTE
    u8x8_fonts.c                             0x00000000   Number         0  u8x8_fonts.o ABSOLUTE
    u8x8_gpio.c                              0x00000000   Number         0  u8x8_gpio.o ABSOLUTE
    u8x8_input_value.c                       0x00000000   Number         0  u8x8_input_value.o ABSOLUTE
    u8x8_message.c                           0x00000000   Number         0  u8x8_message.o ABSOLUTE
    u8x8_selection_list.c                    0x00000000   Number         0  u8x8_selection_list.o ABSOLUTE
    u8x8_setup.c                             0x00000000   Number         0  u8x8_setup.o ABSOLUTE
    u8x8_string.c                            0x00000000   Number         0  u8x8_string.o ABSOLUTE
    u8x8_u16toa.c                            0x00000000   Number         0  u8x8_u16toa.o ABSOLUTE
    u8x8_u8toa.c                             0x00000000   Number         0  u8x8_u8toa.o ABSOLUTE
    RESET                                    0x08000000   Section      192  startup_stm32g030xx.o(RESET)
    !!!main                                  0x080000c0   Section        8  __main.o(!!!main)
    !!!scatter                               0x080000c8   Section       60  __scatter.o(!!!scatter)
    !!handler_copy                           0x08000104   Section       26  __scatter_copy.o(!!handler_copy)
    !!handler_zi                             0x08000120   Section       28  __scatter_zi.o(!!handler_zi)
    .ARM.Collect$$libinit$$00000000          0x0800013c   Section        2  libinit.o(.ARM.Collect$$libinit$$00000000)
    .ARM.Collect$$libinit$$00000002          0x0800013e   Section        0  libinit2.o(.ARM.Collect$$libinit$$00000002)
    .ARM.Collect$$libinit$$00000004          0x0800013e   Section        0  libinit2.o(.ARM.Collect$$libinit$$00000004)
    .ARM.Collect$$libinit$$00000006          0x0800013e   Section        0  libinit2.o(.ARM.Collect$$libinit$$00000006)
    .ARM.Collect$$libinit$$0000000C          0x0800013e   Section        0  libinit2.o(.ARM.Collect$$libinit$$0000000C)
    .ARM.Collect$$libinit$$0000000E          0x0800013e   Section        0  libinit2.o(.ARM.Collect$$libinit$$0000000E)
    .ARM.Collect$$libinit$$00000010          0x0800013e   Section        0  libinit2.o(.ARM.Collect$$libinit$$00000010)
    .ARM.Collect$$libinit$$00000013          0x0800013e   Section        0  libinit2.o(.ARM.Collect$$libinit$$00000013)
    .ARM.Collect$$libinit$$00000015          0x0800013e   Section        0  libinit2.o(.ARM.Collect$$libinit$$00000015)
    .ARM.Collect$$libinit$$00000017          0x0800013e   Section        0  libinit2.o(.ARM.Collect$$libinit$$00000017)
    .ARM.Collect$$libinit$$00000019          0x0800013e   Section        0  libinit2.o(.ARM.Collect$$libinit$$00000019)
    .ARM.Collect$$libinit$$0000001B          0x0800013e   Section        0  libinit2.o(.ARM.Collect$$libinit$$0000001B)
    .ARM.Collect$$libinit$$0000001D          0x0800013e   Section        0  libinit2.o(.ARM.Collect$$libinit$$0000001D)
    .ARM.Collect$$libinit$$0000001F          0x0800013e   Section        0  libinit2.o(.ARM.Collect$$libinit$$0000001F)
    .ARM.Collect$$libinit$$00000021          0x0800013e   Section        0  libinit2.o(.ARM.Collect$$libinit$$00000021)
    .ARM.Collect$$libinit$$00000023          0x0800013e   Section        0  libinit2.o(.ARM.Collect$$libinit$$00000023)
    .ARM.Collect$$libinit$$00000025          0x0800013e   Section        0  libinit2.o(.ARM.Collect$$libinit$$00000025)
    .ARM.Collect$$libinit$$00000027          0x0800013e   Section        0  libinit2.o(.ARM.Collect$$libinit$$00000027)
    .ARM.Collect$$libinit$$0000002E          0x0800013e   Section        0  libinit2.o(.ARM.Collect$$libinit$$0000002E)
    .ARM.Collect$$libinit$$00000030          0x0800013e   Section        0  libinit2.o(.ARM.Collect$$libinit$$00000030)
    .ARM.Collect$$libinit$$00000032          0x0800013e   Section        0  libinit2.o(.ARM.Collect$$libinit$$00000032)
    .ARM.Collect$$libinit$$00000034          0x0800013e   Section        0  libinit2.o(.ARM.Collect$$libinit$$00000034)
    .ARM.Collect$$libinit$$00000035          0x0800013e   Section        2  libinit2.o(.ARM.Collect$$libinit$$00000035)
    .ARM.Collect$$libshutdown$$00000000      0x08000140   Section        2  libshutdown.o(.ARM.Collect$$libshutdown$$00000000)
    .ARM.Collect$$libshutdown$$00000002      0x08000142   Section        0  libshutdown2.o(.ARM.Collect$$libshutdown$$00000002)
    .ARM.Collect$$libshutdown$$00000004      0x08000142   Section        0  libshutdown2.o(.ARM.Collect$$libshutdown$$00000004)
    .ARM.Collect$$libshutdown$$00000007      0x08000142   Section        0  libshutdown2.o(.ARM.Collect$$libshutdown$$00000007)
    .ARM.Collect$$libshutdown$$0000000A      0x08000142   Section        0  libshutdown2.o(.ARM.Collect$$libshutdown$$0000000A)
    .ARM.Collect$$libshutdown$$0000000C      0x08000142   Section        0  libshutdown2.o(.ARM.Collect$$libshutdown$$0000000C)
    .ARM.Collect$$libshutdown$$0000000F      0x08000142   Section        0  libshutdown2.o(.ARM.Collect$$libshutdown$$0000000F)
    .ARM.Collect$$libshutdown$$00000010      0x08000142   Section        2  libshutdown2.o(.ARM.Collect$$libshutdown$$00000010)
    .ARM.Collect$$rtentry$$00000000          0x08000144   Section        0  __rtentry.o(.ARM.Collect$$rtentry$$00000000)
    .ARM.Collect$$rtentry$$00000002          0x08000144   Section        0  __rtentry2.o(.ARM.Collect$$rtentry$$00000002)
    .ARM.Collect$$rtentry$$00000004          0x08000144   Section        6  __rtentry4.o(.ARM.Collect$$rtentry$$00000004)
    .ARM.Collect$$rtentry$$00000009          0x0800014a   Section        0  __rtentry2.o(.ARM.Collect$$rtentry$$00000009)
    .ARM.Collect$$rtentry$$0000000A          0x0800014a   Section        4  __rtentry2.o(.ARM.Collect$$rtentry$$0000000A)
    .ARM.Collect$$rtentry$$0000000C          0x0800014e   Section        0  __rtentry2.o(.ARM.Collect$$rtentry$$0000000C)
    .ARM.Collect$$rtentry$$0000000D          0x0800014e   Section        8  __rtentry2.o(.ARM.Collect$$rtentry$$0000000D)
    .ARM.Collect$$rtexit$$00000000           0x08000156   Section        2  rtexit.o(.ARM.Collect$$rtexit$$00000000)
    .ARM.Collect$$rtexit$$00000002           0x08000158   Section        0  rtexit2.o(.ARM.Collect$$rtexit$$00000002)
    .ARM.Collect$$rtexit$$00000003           0x08000158   Section        4  rtexit2.o(.ARM.Collect$$rtexit$$00000003)
    .ARM.Collect$$rtexit$$00000004           0x0800015c   Section        6  rtexit2.o(.ARM.Collect$$rtexit$$00000004)
    .text                                    0x08000164   Section       56  startup_stm32g030xx.o(.text)
    .text                                    0x0800019c   Section        0  rt_memclr.o(.text)
    .text                                    0x080001dc   Section        0  heapauxi.o(.text)
    .text                                    0x080001e2   Section       62  sys_stackheap_outer.o(.text)
    .text                                    0x08000220   Section        0  exit.o(.text)
    .text                                    0x08000230   Section        8  libspace.o(.text)
    .text                                    0x08000238   Section        0  sys_exit.o(.text)
    .text                                    0x08000244   Section        2  use_no_semi.o(.text)
    [Anonymous Symbol]                       0x08000246   Section        0  main.o(.text.Error_Handler)
    .text                                    0x08000246   Section        0  indicate_semi.o(.text)
    [Anonymous Symbol]                       0x08000250   Section        0  stm32g0xx_hal_gpio.o(.text.HAL_GPIO_Init)
    __arm_cp.0_0                             0x08000400   Number         4  stm32g0xx_hal_gpio.o(.text.HAL_GPIO_Init)
    __arm_cp.0_1                             0x08000404   Number         4  stm32g0xx_hal_gpio.o(.text.HAL_GPIO_Init)
    __arm_cp.0_2                             0x08000408   Number         4  stm32g0xx_hal_gpio.o(.text.HAL_GPIO_Init)
    __arm_cp.0_3                             0x0800040c   Number         4  stm32g0xx_hal_gpio.o(.text.HAL_GPIO_Init)
    __arm_cp.0_4                             0x08000410   Number         4  stm32g0xx_hal_gpio.o(.text.HAL_GPIO_Init)
    [Anonymous Symbol]                       0x08000414   Section        0  stm32g0xx_hal.o(.text.HAL_GetTick)
    [Anonymous Symbol]                       0x0800041c   Section        0  stm32g0xx_hal_i2c_ex.o(.text.HAL_I2CEx_ConfigAnalogFilter)
    [Anonymous Symbol]                       0x08000460   Section        0  stm32g0xx_hal_i2c_ex.o(.text.HAL_I2CEx_ConfigDigitalFilter)
    [Anonymous Symbol]                       0x080004a4   Section        0  stm32g0xx_hal_i2c.o(.text.HAL_I2C_Init)
    __arm_cp.0_0                             0x08000550   Number         4  stm32g0xx_hal_i2c.o(.text.HAL_I2C_Init)
    __arm_cp.0_1                             0x08000554   Number         4  stm32g0xx_hal_i2c.o(.text.HAL_I2C_Init)
    [Anonymous Symbol]                       0x08000558   Section        0  stm32g0xx_hal_i2c.o(.text.HAL_I2C_Master_Transmit)
    __arm_cp.4_0                             0x08000768   Number         4  stm32g0xx_hal_i2c.o(.text.HAL_I2C_Master_Transmit)
    __arm_cp.4_1                             0x0800076c   Number         4  stm32g0xx_hal_i2c.o(.text.HAL_I2C_Master_Transmit)
    __arm_cp.4_2                             0x08000770   Number         4  stm32g0xx_hal_i2c.o(.text.HAL_I2C_Master_Transmit)
    __arm_cp.4_3                             0x08000774   Number         4  stm32g0xx_hal_i2c.o(.text.HAL_I2C_Master_Transmit)
    [Anonymous Symbol]                       0x08000778   Section        0  i2c.o(.text.HAL_I2C_MspInit)
    __arm_cp.1_0                             0x080007d4   Number         4  i2c.o(.text.HAL_I2C_MspInit)
    __arm_cp.1_1                             0x080007d8   Number         4  i2c.o(.text.HAL_I2C_MspInit)
    __arm_cp.1_2                             0x080007dc   Number         4  i2c.o(.text.HAL_I2C_MspInit)
    [Anonymous Symbol]                       0x080007e0   Section        0  stm32g0xx_hal.o(.text.HAL_IncTick)
    __arm_cp.5_1                             0x080007f0   Number         4  stm32g0xx_hal.o(.text.HAL_IncTick)
    [Anonymous Symbol]                       0x080007f4   Section        0  stm32g0xx_hal.o(.text.HAL_Init)
    __arm_cp.0_0                             0x0800081c   Number         4  stm32g0xx_hal.o(.text.HAL_Init)
    [Anonymous Symbol]                       0x08000820   Section        0  stm32g0xx_hal.o(.text.HAL_InitTick)
    __arm_cp.1_0                             0x08000860   Number         4  stm32g0xx_hal.o(.text.HAL_InitTick)
    __arm_cp.1_2                             0x08000864   Number         4  stm32g0xx_hal.o(.text.HAL_InitTick)
    [Anonymous Symbol]                       0x08000868   Section        0  stm32g0xx_hal_msp.o(.text.HAL_MspInit)
    __arm_cp.0_0                             0x08000890   Number         4  stm32g0xx_hal_msp.o(.text.HAL_MspInit)
    [Anonymous Symbol]                       0x08000894   Section        0  stm32g0xx_hal_cortex.o(.text.HAL_NVIC_SetPriority)
    __arm_cp.0_0                             0x080008cc   Number         4  stm32g0xx_hal_cortex.o(.text.HAL_NVIC_SetPriority)
    __arm_cp.0_1                             0x080008d0   Number         4  stm32g0xx_hal_cortex.o(.text.HAL_NVIC_SetPriority)
    [Anonymous Symbol]                       0x080008d4   Section        0  stm32g0xx_hal_cortex.o(.text.HAL_SYSTICK_Config)
    __arm_cp.4_0                             0x080008fc   Number         4  stm32g0xx_hal_cortex.o(.text.HAL_SYSTICK_Config)
    __arm_cp.4_1                             0x08000900   Number         4  stm32g0xx_hal_cortex.o(.text.HAL_SYSTICK_Config)
    __arm_cp.4_2                             0x08000904   Number         4  stm32g0xx_hal_cortex.o(.text.HAL_SYSTICK_Config)
    [Anonymous Symbol]                       0x08000908   Section        0  stm32g0xx_it.o(.text.HardFault_Handler)
    I2C_IsErrorOccurred                      0x0800090d   Thumb Code   256  stm32g0xx_hal_i2c.o(.text.I2C_IsErrorOccurred)
    [Anonymous Symbol]                       0x0800090c   Section        0  stm32g0xx_hal_i2c.o(.text.I2C_IsErrorOccurred)
    __arm_cp.71_0                            0x08000a0c   Number         4  stm32g0xx_hal_i2c.o(.text.I2C_IsErrorOccurred)
    [Anonymous Symbol]                       0x08000a10   Section        0  stm32g0xx_ll_adc.o(.text.LL_ADC_Init)
    __arm_cp.4_0                             0x08000a40   Number         4  stm32g0xx_ll_adc.o(.text.LL_ADC_Init)
    [Anonymous Symbol]                       0x08000a44   Section        0  stm32g0xx_ll_adc.o(.text.LL_ADC_REG_Init)
    __arm_cp.6_0                             0x08000aa8   Number         4  stm32g0xx_ll_adc.o(.text.LL_ADC_REG_Init)
    [Anonymous Symbol]                       0x08000aac   Section        0  stm32g0xx_ll_gpio.o(.text.LL_GPIO_Init)
    [Anonymous Symbol]                       0x08000b74   Section        0  stm32g0xx_ll_spi.o(.text.LL_SPI_Init)
    __arm_cp.1_0                             0x08000be0   Number         4  stm32g0xx_ll_spi.o(.text.LL_SPI_Init)
    __arm_cp.1_1                             0x08000be4   Number         4  stm32g0xx_ll_spi.o(.text.LL_SPI_Init)
    [Anonymous Symbol]                       0x08000be8   Section        0  stm32g0xx_ll_utils.o(.text.LL_SetSystemCoreClock)
    __arm_cp.2_0                             0x08000bf0   Number         4  stm32g0xx_ll_utils.o(.text.LL_SetSystemCoreClock)
    [Anonymous Symbol]                       0x08000bf4   Section        0  stm32g0xx_ll_tim.o(.text.LL_TIM_BDTR_Init)
    __arm_cp.12_0                            0x08000c68   Number         4  stm32g0xx_ll_tim.o(.text.LL_TIM_BDTR_Init)
    __arm_cp.12_1                            0x08000c6c   Number         4  stm32g0xx_ll_tim.o(.text.LL_TIM_BDTR_Init)
    __arm_cp.12_2                            0x08000c70   Number         4  stm32g0xx_ll_tim.o(.text.LL_TIM_BDTR_Init)
    __arm_cp.12_3                            0x08000c74   Number         4  stm32g0xx_ll_tim.o(.text.LL_TIM_BDTR_Init)
    __arm_cp.12_4                            0x08000c78   Number         4  stm32g0xx_ll_tim.o(.text.LL_TIM_BDTR_Init)
    __arm_cp.12_5                            0x08000c7c   Number         4  stm32g0xx_ll_tim.o(.text.LL_TIM_BDTR_Init)
    __arm_cp.12_7                            0x08000c80   Number         4  stm32g0xx_ll_tim.o(.text.LL_TIM_BDTR_Init)
    [Anonymous Symbol]                       0x08000c84   Section        0  stm32g0xx_ll_tim.o(.text.LL_TIM_Init)
    __arm_cp.2_1                             0x08000cfc   Number         4  stm32g0xx_ll_tim.o(.text.LL_TIM_Init)
    __arm_cp.2_2                             0x08000d00   Number         4  stm32g0xx_ll_tim.o(.text.LL_TIM_Init)
    __arm_cp.2_5                             0x08000d04   Number         4  stm32g0xx_ll_tim.o(.text.LL_TIM_Init)
    [Anonymous Symbol]                       0x08000d08   Section        0  stm32g0xx_ll_tim.o(.text.LL_TIM_OC_Init)
    __arm_cp.4_0                             0x08000fd4   Number         4  stm32g0xx_ll_tim.o(.text.LL_TIM_OC_Init)
    __arm_cp.4_1                             0x08000fd8   Number         4  stm32g0xx_ll_tim.o(.text.LL_TIM_OC_Init)
    __arm_cp.4_2                             0x08000fdc   Number         4  stm32g0xx_ll_tim.o(.text.LL_TIM_OC_Init)
    __arm_cp.4_3                             0x08000fe0   Number         4  stm32g0xx_ll_tim.o(.text.LL_TIM_OC_Init)
    __arm_cp.4_4                             0x08000fe4   Number         4  stm32g0xx_ll_tim.o(.text.LL_TIM_OC_Init)
    __arm_cp.4_5                             0x08000fe8   Number         4  stm32g0xx_ll_tim.o(.text.LL_TIM_OC_Init)
    __arm_cp.4_6                             0x08000fec   Number         4  stm32g0xx_ll_tim.o(.text.LL_TIM_OC_Init)
    __arm_cp.4_7                             0x08000ff0   Number         4  stm32g0xx_ll_tim.o(.text.LL_TIM_OC_Init)
    __arm_cp.4_8                             0x08000ff4   Number         4  stm32g0xx_ll_tim.o(.text.LL_TIM_OC_Init)
    __arm_cp.4_9                             0x08000ff8   Number         4  stm32g0xx_ll_tim.o(.text.LL_TIM_OC_Init)
    [Anonymous Symbol]                       0x08000ffc   Section        0  stm32g0xx_ll_utils.o(.text.LL_mDelay)
    __arm_cp.1_0                             0x0800103c   Number         4  stm32g0xx_ll_utils.o(.text.LL_mDelay)
    [Anonymous Symbol]                       0x08001040   Section        0  adc.o(.text.MX_ADC1_Init)
    __arm_cp.0_1                             0x08001160   Number         4  adc.o(.text.MX_ADC1_Init)
    __arm_cp.0_2                             0x08001164   Number         4  adc.o(.text.MX_ADC1_Init)
    [Anonymous Symbol]                       0x08001168   Section        0  gpio.o(.text.MX_GPIO_Init)
    [Anonymous Symbol]                       0x080011b0   Section        0  i2c.o(.text.MX_I2C1_Init)
    __arm_cp.0_0                             0x080011fc   Number         4  i2c.o(.text.MX_I2C1_Init)
    __arm_cp.0_1                             0x08001200   Number         4  i2c.o(.text.MX_I2C1_Init)
    __arm_cp.0_2                             0x08001204   Number         4  i2c.o(.text.MX_I2C1_Init)
    [Anonymous Symbol]                       0x08001208   Section        0  spi.o(.text.MX_SPI1_Init)
    __arm_cp.0_1                             0x080012b0   Number         4  spi.o(.text.MX_SPI1_Init)
    [Anonymous Symbol]                       0x080012b4   Section        0  tim.o(.text.MX_TIM1_Init)
    __arm_cp.0_0                             0x08001394   Number         4  tim.o(.text.MX_TIM1_Init)
    __arm_cp.0_1                             0x08001398   Number         4  tim.o(.text.MX_TIM1_Init)
    [Anonymous Symbol]                       0x0800139c   Section        0  tim.o(.text.MX_TIM3_Init)
    __arm_cp.1_0                             0x080014a8   Number         4  tim.o(.text.MX_TIM3_Init)
    __arm_cp.1_1                             0x080014ac   Number         4  tim.o(.text.MX_TIM3_Init)
    __arm_cp.1_2                             0x080014b0   Number         4  tim.o(.text.MX_TIM3_Init)
    __arm_cp.1_3                             0x080014b4   Number         4  tim.o(.text.MX_TIM3_Init)
    __arm_cp.1_4                             0x080014b8   Number         4  tim.o(.text.MX_TIM3_Init)
    __arm_cp.1_5                             0x080014bc   Number         4  tim.o(.text.MX_TIM3_Init)
    __arm_cp.1_6                             0x080014c0   Number         4  tim.o(.text.MX_TIM3_Init)
    [Anonymous Symbol]                       0x080014c4   Section        0  stm32g0xx_it.o(.text.NMI_Handler)
    [Anonymous Symbol]                       0x080014c6   Section        0  stm32g0xx_it.o(.text.PendSV_Handler)
    [Anonymous Symbol]                       0x080014c8   Section        0  stm32g0xx_it.o(.text.SVC_Handler)
    [Anonymous Symbol]                       0x080014ca   Section        0  stm32g0xx_it.o(.text.SysTick_Handler)
    [Anonymous Symbol]                       0x080014d4   Section        0  main.o(.text.SystemClock_Config)
    __arm_cp.1_0                             0x080015b8   Number         4  main.o(.text.SystemClock_Config)
    __arm_cp.1_1                             0x080015bc   Number         4  main.o(.text.SystemClock_Config)
    __arm_cp.1_2                             0x080015c0   Number         4  main.o(.text.SystemClock_Config)
    __arm_cp.1_3                             0x080015c4   Number         4  main.o(.text.SystemClock_Config)
    __arm_cp.1_4                             0x080015c8   Number         4  main.o(.text.SystemClock_Config)
    [Anonymous Symbol]                       0x080015cc   Section        0  system_stm32g0xx.o(.text.SystemInit)
    [Anonymous Symbol]                       0x080015d0   Section        0  oled_driver.o(.text.draw)
    __arm_cp.2_0                             0x08001690   Number         4  oled_driver.o(.text.draw)
    __arm_cp.2_2                             0x08001698   Number         4  oled_driver.o(.text.draw)
    __arm_cp.2_6                             0x080016a8   Number         4  oled_driver.o(.text.draw)
    [Anonymous Symbol]                       0x080016c8   Section        0  main.o(.text.main)
    __arm_cp.0_0                             0x0800180c   Number         4  main.o(.text.main)
    __arm_cp.0_1                             0x08001810   Number         4  main.o(.text.main)
    __arm_cp.0_2                             0x08001814   Number         4  main.o(.text.main)
    __arm_cp.0_3                             0x08001818   Number         4  main.o(.text.main)
    __arm_cp.0_4                             0x0800181c   Number         4  main.o(.text.main)
    __arm_cp.0_5                             0x08001820   Number         4  main.o(.text.main)
    __arm_cp.0_6                             0x08001824   Number         4  main.o(.text.main)
    __arm_cp.0_7                             0x08001828   Number         4  main.o(.text.main)
    __arm_cp.0_8                             0x0800182c   Number         4  main.o(.text.main)
    __arm_cp.0_9                             0x08001830   Number         4  main.o(.text.main)
    [Anonymous Symbol]                       0x08001834   Section        0  u8g2_hvline.o(.text.u8g2_DrawHLine)
    [Anonymous Symbol]                       0x080018b4   Section        0  u8g2_hvline.o(.text.u8g2_DrawHVLine)
    [Anonymous Symbol]                       0x080019b4   Section        0  u8g2_font.o(.text.u8g2_DrawStr)
    __arm_cp.22_0                            0x080019c0   Number         4  u8g2_font.o(.text.u8g2_DrawStr)
    [Anonymous Symbol]                       0x080019c4   Section        0  u8g2_hvline.o(.text.u8g2_DrawVLine)
    [Anonymous Symbol]                       0x08001a44   Section        0  u8g2_buffer.o(.text.u8g2_FirstPage)
    [Anonymous Symbol]                       0x08001a6e   Section        0  u8g2_intersection.o(.text.u8g2_IsIntersection)
    [Anonymous Symbol]                       0x08001ad4   Section        0  u8g2_buffer.o(.text.u8g2_NextPage)
    [Anonymous Symbol]                       0x08001b1e   Section        0  u8g2_buffer.o(.text.u8g2_SetBufferCurrTileRow)
    [Anonymous Symbol]                       0x08001b38   Section        0  u8g2_font.o(.text.u8g2_SetFont)
    [Anonymous Symbol]                       0x08001bee   Section        0  u8g2_font.o(.text.u8g2_SetFontDirection)
    [Anonymous Symbol]                       0x08001bf4   Section        0  u8g2_font.o(.text.u8g2_SetFontMode)
    [Anonymous Symbol]                       0x08001bfc   Section        0  u8g2_font.o(.text.u8g2_SetFontPosBaseline)
    __arm_cp.35_0                            0x08001c04   Number         4  u8g2_font.o(.text.u8g2_SetFontPosBaseline)
    [Anonymous Symbol]                       0x08001c08   Section        0  u8g2_setup.o(.text.u8g2_SetupBuffer)
    __arm_cp.2_0                             0x08001c58   Number         4  u8g2_setup.o(.text.u8g2_SetupBuffer)
    [Anonymous Symbol]                       0x08001c5c   Section        0  u8g2_d_setup.o(.text.u8g2_Setup_ssd1306_i2c_128x64_noname_f)
    __arm_cp.0_0                             0x08001c8c   Number         4  u8g2_d_setup.o(.text.u8g2_Setup_ssd1306_i2c_128x64_noname_f)
    __arm_cp.0_1                             0x08001c90   Number         4  u8g2_d_setup.o(.text.u8g2_Setup_ssd1306_i2c_128x64_noname_f)
    __arm_cp.0_2                             0x08001c94   Number         4  u8g2_d_setup.o(.text.u8g2_Setup_ssd1306_i2c_128x64_noname_f)
    [Anonymous Symbol]                       0x08001c98   Section        0  u8g2_font.o(.text.u8g2_add_vector_x)
    [Anonymous Symbol]                       0x08001cbc   Section        0  u8g2_font.o(.text.u8g2_add_vector_y)
    [Anonymous Symbol]                       0x08001ce0   Section        0  u8g2_hvline.o(.text.u8g2_draw_hv_line_2dir)
    [Anonymous Symbol]                       0x08001cf6   Section        0  u8g2_setup.o(.text.u8g2_draw_l90_r0)
    u8g2_draw_string                         0x08001d09   Thumb Code   248  u8g2_font.o(.text.u8g2_draw_string)
    [Anonymous Symbol]                       0x08001d08   Section        0  u8g2_font.o(.text.u8g2_draw_string)
    __arm_cp.23_0                            0x08001e00   Number         4  u8g2_font.o(.text.u8g2_draw_string)
    [Anonymous Symbol]                       0x08001e04   Section        0  u8g2_font.o(.text.u8g2_font_calc_vref_font)
    [Anonymous Symbol]                       0x08001e08   Section        0  u8g2_font.o(.text.u8g2_font_decode_glyph)
    [Anonymous Symbol]                       0x080021d0   Section        0  u8g2_font.o(.text.u8g2_font_get_glyph_data)
    u8g2_font_get_word                       0x080022b5   Thumb Code    14  u8g2_font.o(.text.u8g2_font_get_word)
    [Anonymous Symbol]                       0x080022b4   Section        0  u8g2_font.o(.text.u8g2_font_get_word)
    [Anonymous Symbol]                       0x080022c2   Section        0  u8g2_ll_hvline.o(.text.u8g2_ll_hvline_vertical_top_lsb)
    [Anonymous Symbol]                       0x080024f0   Section        0  u8g2_d_memory.o(.text.u8g2_m_16_8_f)
    __arm_cp.0_0                             0x080024f8   Number         4  u8g2_d_memory.o(.text.u8g2_m_16_8_f)
    u8g2_send_buffer                         0x080024fd   Thumb Code    84  u8g2_buffer.o(.text.u8g2_send_buffer)
    [Anonymous Symbol]                       0x080024fc   Section        0  u8g2_buffer.o(.text.u8g2_send_buffer)
    __arm_cp.2_0                             0x08002550   Number         4  u8g2_buffer.o(.text.u8g2_send_buffer)
    [Anonymous Symbol]                       0x08002554   Section        0  u8g2_setup.o(.text.u8g2_update_dimension_r0)
    [Anonymous Symbol]                       0x08002588   Section        0  u8g2_setup.o(.text.u8g2_update_page_win_r0)
    [Anonymous Symbol]                       0x080025f8   Section        0  u8x8_display.o(.text.u8x8_DrawTile)
    [Anonymous Symbol]                       0x08002616   Section        0  u8x8_display.o(.text.u8x8_InitDisplay)
    [Anonymous Symbol]                       0x08002624   Section        0  u8x8_display.o(.text.u8x8_RefreshDisplay)
    [Anonymous Symbol]                       0x08002632   Section        0  u8x8_display.o(.text.u8x8_SetPowerSave)
    [Anonymous Symbol]                       0x08002640   Section        0  u8x8_setup.o(.text.u8x8_Setup)
    [Anonymous Symbol]                       0x08002666   Section        0  u8x8_display.o(.text.u8x8_SetupMemory)
    [Anonymous Symbol]                       0x08002674   Section        0  u8x8_8x8.o(.text.u8x8_ascii_next)
    __arm_cp.7_0                             0x08002684   Number         4  u8x8_8x8.o(.text.u8x8_ascii_next)
    [Anonymous Symbol]                       0x08002688   Section        0  u8x8_byte.o(.text.u8x8_byte_EndTransfer)
    [Anonymous Symbol]                       0x08002696   Section        0  u8x8_byte.o(.text.u8x8_byte_SendByte)
    [Anonymous Symbol]                       0x080026a8   Section        0  u8x8_byte.o(.text.u8x8_byte_SendBytes)
    [Anonymous Symbol]                       0x080026b6   Section        0  u8x8_byte.o(.text.u8x8_byte_StartTransfer)
    [Anonymous Symbol]                       0x080026c4   Section        0  oled_driver.o(.text.u8x8_byte_hw_i2c)
    __arm_cp.1_0                             0x08002784   Number         4  oled_driver.o(.text.u8x8_byte_hw_i2c)
    __arm_cp.1_1                             0x08002788   Number         4  oled_driver.o(.text.u8x8_byte_hw_i2c)
    __arm_cp.1_2                             0x0800278c   Number         4  oled_driver.o(.text.u8x8_byte_hw_i2c)
    [Anonymous Symbol]                       0x08002790   Section        0  u8x8_cad.o(.text.u8x8_cad_EndTransfer)
    [Anonymous Symbol]                       0x0800279e   Section        0  u8x8_cad.o(.text.u8x8_cad_SendArg)
    [Anonymous Symbol]                       0x080027ac   Section        0  u8x8_cad.o(.text.u8x8_cad_SendCmd)
    [Anonymous Symbol]                       0x080027ba   Section        0  u8x8_cad.o(.text.u8x8_cad_SendData)
    [Anonymous Symbol]                       0x080027c8   Section        0  u8x8_cad.o(.text.u8x8_cad_SendSequence)
    [Anonymous Symbol]                       0x08002834   Section        0  u8x8_cad.o(.text.u8x8_cad_StartTransfer)
    [Anonymous Symbol]                       0x08002844   Section        0  u8x8_cad.o(.text.u8x8_cad_ssd13xx_fast_i2c)
    __arm_cp.18_0                            0x080029f8   Number         4  u8x8_cad.o(.text.u8x8_cad_ssd13xx_fast_i2c)
    [Anonymous Symbol]                       0x080029fc   Section        0  u8x8_display.o(.text.u8x8_d_helper_display_init)
    [Anonymous Symbol]                       0x08002a66   Section        0  u8x8_display.o(.text.u8x8_d_helper_display_setup_memory)
    [Anonymous Symbol]                       0x08002a70   Section        0  u8x8_d_ssd1306_128x64_noname.o(.text.u8x8_d_ssd1306_128x64_noname)
    __arm_cp.0_0                             0x08002ab0   Number         4  u8x8_d_ssd1306_128x64_noname.o(.text.u8x8_d_ssd1306_128x64_noname)
    __arm_cp.0_1                             0x08002ab4   Number         4  u8x8_d_ssd1306_128x64_noname.o(.text.u8x8_d_ssd1306_128x64_noname)
    u8x8_d_ssd1306_sh1106_generic            0x08002ab9   Thumb Code   216  u8x8_d_ssd1306_128x64_noname.o(.text.u8x8_d_ssd1306_sh1106_generic)
    [Anonymous Symbol]                       0x08002ab8   Section        0  u8x8_d_ssd1306_128x64_noname.o(.text.u8x8_d_ssd1306_sh1106_generic)
    __arm_cp.1_0                             0x08002b90   Number         4  u8x8_d_ssd1306_128x64_noname.o(.text.u8x8_d_ssd1306_sh1106_generic)
    __arm_cp.1_1                             0x08002b94   Number         4  u8x8_d_ssd1306_128x64_noname.o(.text.u8x8_d_ssd1306_sh1106_generic)
    __arm_cp.1_2                             0x08002b98   Number         4  u8x8_d_ssd1306_128x64_noname.o(.text.u8x8_d_ssd1306_sh1106_generic)
    __arm_cp.1_3                             0x08002b9c   Number         4  u8x8_d_ssd1306_128x64_noname.o(.text.u8x8_d_ssd1306_sh1106_generic)
    [Anonymous Symbol]                       0x08002ba0   Section        0  oled_driver.o(.text.u8x8_gpio_and_delay_hw)
    [Anonymous Symbol]                       0x08002c7a   Section        0  u8x8_gpio.o(.text.u8x8_gpio_call)
    u8x8_i2c_data_transfer                   0x08002c85   Thumb Code    44  u8x8_cad.o(.text.u8x8_i2c_data_transfer)
    [Anonymous Symbol]                       0x08002c84   Section        0  u8x8_cad.o(.text.u8x8_i2c_data_transfer)
    [Anonymous Symbol]                       0x08002cb0   Section        0  u8x8_8x8.o(.text.u8x8_utf8_init)
    .text_divfast                            0x08002cb8   Section      502  aeabi_sdivfast.o(.text_divfast)
    u8x8_d_ssd1306_128x64_noname_flip0_seq   0x0800572b   Data           7  u8x8_d_ssd1306_128x64_noname.o(.rodata.u8x8_d_ssd1306_128x64_noname_flip0_seq)
    [Anonymous Symbol]                       0x0800572b   Section        0  u8x8_d_ssd1306_128x64_noname.o(.rodata.u8x8_d_ssd1306_128x64_noname_flip0_seq)
    u8x8_d_ssd1306_128x64_noname_flip1_seq   0x08005732   Data           7  u8x8_d_ssd1306_128x64_noname.o(.rodata.u8x8_d_ssd1306_128x64_noname_flip1_seq)
    [Anonymous Symbol]                       0x08005732   Section        0  u8x8_d_ssd1306_128x64_noname.o(.rodata.u8x8_d_ssd1306_128x64_noname_flip1_seq)
    u8x8_d_ssd1306_128x64_noname_init_seq    0x08005739   Data          53  u8x8_d_ssd1306_128x64_noname.o(.rodata.u8x8_d_ssd1306_128x64_noname_init_seq)
    [Anonymous Symbol]                       0x08005739   Section        0  u8x8_d_ssd1306_128x64_noname.o(.rodata.u8x8_d_ssd1306_128x64_noname_init_seq)
    u8x8_d_ssd1306_128x64_noname_powersave0_seq 0x0800576e   Data           5  u8x8_d_ssd1306_128x64_noname.o(.rodata.u8x8_d_ssd1306_128x64_noname_powersave0_seq)
    [Anonymous Symbol]                       0x0800576e   Section        0  u8x8_d_ssd1306_128x64_noname.o(.rodata.u8x8_d_ssd1306_128x64_noname_powersave0_seq)
    u8x8_d_ssd1306_128x64_noname_powersave1_seq 0x08005773   Data           5  u8x8_d_ssd1306_128x64_noname.o(.rodata.u8x8_d_ssd1306_128x64_noname_powersave1_seq)
    [Anonymous Symbol]                       0x08005773   Section        0  u8x8_d_ssd1306_128x64_noname.o(.rodata.u8x8_d_ssd1306_128x64_noname_powersave1_seq)
    u8x8_ssd1306_128x64_noname_display_info  0x08005778   Data          24  u8x8_d_ssd1306_128x64_noname.o(.rodata.u8x8_ssd1306_128x64_noname_display_info)
    [Anonymous Symbol]                       0x08005778   Section        0  u8x8_d_ssd1306_128x64_noname.o(.rodata.u8x8_ssd1306_128x64_noname_display_info)
    .bss                                     0x20000010   Section       96  libspace.o(.bss)
    u8g2                                     0x200000c4   Data         148  main.o(.bss.u8g2)
    [Anonymous Symbol]                       0x200000c4   Section        0  main.o(.bss.u8g2)
    u8g2_m_16_8_f.buf                        0x20000158   Data        1024  u8g2_d_memory.o(.bss.u8g2_m_16_8_f.buf)
    [Anonymous Symbol]                       0x20000158   Section        0  u8g2_d_memory.o(.bss.u8g2_m_16_8_f.buf)
    u8x8_byte_hw_i2c.buf_idx                 0x20000558   Data           1  oled_driver.o(.bss.u8x8_byte_hw_i2c.buf_idx)
    [Anonymous Symbol]                       0x20000558   Section        0  oled_driver.o(.bss.u8x8_byte_hw_i2c.buf_idx)
    u8x8_byte_hw_i2c.buffer                  0x20000559   Data          32  oled_driver.o(.bss.u8x8_byte_hw_i2c.buffer)
    [Anonymous Symbol]                       0x20000559   Section        0  oled_driver.o(.bss.u8x8_byte_hw_i2c.buffer)
    u8x8_cad_ssd13xx_fast_i2c.in_transfer    0x20000579   Data           1  u8x8_cad.o(.bss.u8x8_cad_ssd13xx_fast_i2c.in_transfer)
    [Anonymous Symbol]                       0x20000579   Section        0  u8x8_cad.o(.bss.u8x8_cad_ssd13xx_fast_i2c.in_transfer)
    Heap_Mem                                 0x20000580   Data         512  startup_stm32g030xx.o(HEAP)
    HEAP                                     0x20000580   Section      512  startup_stm32g030xx.o(HEAP)
    Stack_Mem                                0x20000780   Data        1024  startup_stm32g030xx.o(STACK)
    STACK                                    0x20000780   Section     1024  startup_stm32g030xx.o(STACK)
    __initial_sp                             0x20000b80   Data           0  startup_stm32g030xx.o(STACK)

    Global Symbols

    Symbol Name                              Value     Ov Type        Size  Object(Section)

    BuildAttributes$$THM_ISAv3M$S$PE$A:L22$X:L11$S22$IEEE1$IW$~IW$USESV6$~STKCKD$USESV7$~SHL$OTIME$ROPI$EBA8$UX$STANDARDLIB$REQ8$PRES8$EABIv2 0x00000000   Number         0  anon$$obj.o ABSOLUTE
    __ARM_exceptions_init                     - Undefined Weak Reference
    __alloca_initialize                       - Undefined Weak Reference
    __arm_preinit_                            - Undefined Weak Reference
    __arm_relocate_pie_                       - Undefined Weak Reference
    __cpp_initialize__aeabi_                  - Undefined Weak Reference
    __cxa_finalize                            - Undefined Weak Reference
    __rt_locale                               - Undefined Weak Reference
    __sigvec_lookup                           - Undefined Weak Reference
    _atexit_init                              - Undefined Weak Reference
    _call_atexit_fns                          - Undefined Weak Reference
    _clock_init                               - Undefined Weak Reference
    _fp_trap_init                             - Undefined Weak Reference
    _fp_trap_shutdown                         - Undefined Weak Reference
    _get_lc_collate                           - Undefined Weak Reference
    _get_lc_ctype                             - Undefined Weak Reference
    _get_lc_monetary                          - Undefined Weak Reference
    _get_lc_numeric                           - Undefined Weak Reference
    _get_lc_time                              - Undefined Weak Reference
    _getenv_init                              - Undefined Weak Reference
    _handle_redirection                       - Undefined Weak Reference
    _init_alloc                               - Undefined Weak Reference
    _init_user_alloc                          - Undefined Weak Reference
    _initio                                   - Undefined Weak Reference
    _rand_init                                - Undefined Weak Reference
    _signal_finish                            - Undefined Weak Reference
    _signal_init                              - Undefined Weak Reference
    _terminate_alloc                          - Undefined Weak Reference
    _terminate_user_alloc                     - Undefined Weak Reference
    _terminateio                              - Undefined Weak Reference
    __Vectors_Size                           0x000000c0   Number         0  startup_stm32g030xx.o ABSOLUTE
    __Vectors                                0x08000000   Data           4  startup_stm32g030xx.o(RESET)
    __Vectors_End                            0x080000c0   Data           0  startup_stm32g030xx.o(RESET)
    __main                                   0x080000c1   Thumb Code     8  __main.o(!!!main)
    __scatterload                            0x080000c9   Thumb Code     0  __scatter.o(!!!scatter)
    __scatterload_rt2                        0x080000c9   Thumb Code    52  __scatter.o(!!!scatter)
    __scatterload_rt2_thumb_only             0x080000c9   Thumb Code     0  __scatter.o(!!!scatter)
    __scatterload_null                       0x080000d9   Thumb Code     0  __scatter.o(!!!scatter)
    __scatterload_copy                       0x08000105   Thumb Code    26  __scatter_copy.o(!!handler_copy)
    __scatterload_zeroinit                   0x08000121   Thumb Code    28  __scatter_zi.o(!!handler_zi)
    __rt_lib_init                            0x0800013d   Thumb Code     0  libinit.o(.ARM.Collect$$libinit$$00000000)
    __rt_lib_init_alloca_1                   0x0800013f   Thumb Code     0  libinit2.o(.ARM.Collect$$libinit$$00000030)
    __rt_lib_init_argv_1                     0x0800013f   Thumb Code     0  libinit2.o(.ARM.Collect$$libinit$$0000002E)
    __rt_lib_init_atexit_1                   0x0800013f   Thumb Code     0  libinit2.o(.ARM.Collect$$libinit$$0000001D)
    __rt_lib_init_clock_1                    0x0800013f   Thumb Code     0  libinit2.o(.ARM.Collect$$libinit$$00000023)
    __rt_lib_init_cpp_1                      0x0800013f   Thumb Code     0  libinit2.o(.ARM.Collect$$libinit$$00000034)
    __rt_lib_init_exceptions_1               0x0800013f   Thumb Code     0  libinit2.o(.ARM.Collect$$libinit$$00000032)
    __rt_lib_init_fp_1                       0x0800013f   Thumb Code     0  libinit2.o(.ARM.Collect$$libinit$$00000002)
    __rt_lib_init_fp_trap_1                  0x0800013f   Thumb Code     0  libinit2.o(.ARM.Collect$$libinit$$00000021)
    __rt_lib_init_getenv_1                   0x0800013f   Thumb Code     0  libinit2.o(.ARM.Collect$$libinit$$00000025)
    __rt_lib_init_heap_1                     0x0800013f   Thumb Code     0  libinit2.o(.ARM.Collect$$libinit$$0000000C)
    __rt_lib_init_lc_collate_1               0x0800013f   Thumb Code     0  libinit2.o(.ARM.Collect$$libinit$$00000013)
    __rt_lib_init_lc_ctype_1                 0x0800013f   Thumb Code     0  libinit2.o(.ARM.Collect$$libinit$$00000015)
    __rt_lib_init_lc_monetary_1              0x0800013f   Thumb Code     0  libinit2.o(.ARM.Collect$$libinit$$00000017)
    __rt_lib_init_lc_numeric_1               0x0800013f   Thumb Code     0  libinit2.o(.ARM.Collect$$libinit$$00000019)
    __rt_lib_init_lc_time_1                  0x0800013f   Thumb Code     0  libinit2.o(.ARM.Collect$$libinit$$0000001B)
    __rt_lib_init_preinit_1                  0x0800013f   Thumb Code     0  libinit2.o(.ARM.Collect$$libinit$$00000006)
    __rt_lib_init_rand_1                     0x0800013f   Thumb Code     0  libinit2.o(.ARM.Collect$$libinit$$00000010)
    __rt_lib_init_relocate_pie_1             0x0800013f   Thumb Code     0  libinit2.o(.ARM.Collect$$libinit$$00000004)
    __rt_lib_init_return                     0x0800013f   Thumb Code     0  libinit2.o(.ARM.Collect$$libinit$$00000035)
    __rt_lib_init_signal_1                   0x0800013f   Thumb Code     0  libinit2.o(.ARM.Collect$$libinit$$0000001F)
    __rt_lib_init_stdio_1                    0x0800013f   Thumb Code     0  libinit2.o(.ARM.Collect$$libinit$$00000027)
    __rt_lib_init_user_alloc_1               0x0800013f   Thumb Code     0  libinit2.o(.ARM.Collect$$libinit$$0000000E)
    __rt_lib_shutdown                        0x08000141   Thumb Code     0  libshutdown.o(.ARM.Collect$$libshutdown$$00000000)
    __rt_lib_shutdown_cpp_1                  0x08000143   Thumb Code     0  libshutdown2.o(.ARM.Collect$$libshutdown$$00000002)
    __rt_lib_shutdown_fp_trap_1              0x08000143   Thumb Code     0  libshutdown2.o(.ARM.Collect$$libshutdown$$00000007)
    __rt_lib_shutdown_heap_1                 0x08000143   Thumb Code     0  libshutdown2.o(.ARM.Collect$$libshutdown$$0000000F)
    __rt_lib_shutdown_return                 0x08000143   Thumb Code     0  libshutdown2.o(.ARM.Collect$$libshutdown$$00000010)
    __rt_lib_shutdown_signal_1               0x08000143   Thumb Code     0  libshutdown2.o(.ARM.Collect$$libshutdown$$0000000A)
    __rt_lib_shutdown_stdio_1                0x08000143   Thumb Code     0  libshutdown2.o(.ARM.Collect$$libshutdown$$00000004)
    __rt_lib_shutdown_user_alloc_1           0x08000143   Thumb Code     0  libshutdown2.o(.ARM.Collect$$libshutdown$$0000000C)
    __rt_entry                               0x08000145   Thumb Code     0  __rtentry.o(.ARM.Collect$$rtentry$$00000000)
    __rt_entry_presh_1                       0x08000145   Thumb Code     0  __rtentry2.o(.ARM.Collect$$rtentry$$00000002)
    __rt_entry_sh                            0x08000145   Thumb Code     0  __rtentry4.o(.ARM.Collect$$rtentry$$00000004)
    __rt_entry_li                            0x0800014b   Thumb Code     0  __rtentry2.o(.ARM.Collect$$rtentry$$0000000A)
    __rt_entry_postsh_1                      0x0800014b   Thumb Code     0  __rtentry2.o(.ARM.Collect$$rtentry$$00000009)
    __rt_entry_main                          0x0800014f   Thumb Code     0  __rtentry2.o(.ARM.Collect$$rtentry$$0000000D)
    __rt_entry_postli_1                      0x0800014f   Thumb Code     0  __rtentry2.o(.ARM.Collect$$rtentry$$0000000C)
    __rt_exit                                0x08000157   Thumb Code     0  rtexit.o(.ARM.Collect$$rtexit$$00000000)
    __rt_exit_ls                             0x08000159   Thumb Code     0  rtexit2.o(.ARM.Collect$$rtexit$$00000003)
    __rt_exit_prels_1                        0x08000159   Thumb Code     0  rtexit2.o(.ARM.Collect$$rtexit$$00000002)
    __rt_exit_exit                           0x0800015d   Thumb Code     0  rtexit2.o(.ARM.Collect$$rtexit$$00000004)
    Reset_Handler                            0x08000165   Thumb Code     8  startup_stm32g030xx.o(.text)
    ADC1_IRQHandler                          0x08000177   Thumb Code     0  startup_stm32g030xx.o(.text)
    DMA1_Ch4_5_DMAMUX1_OVR_IRQHandler        0x08000177   Thumb Code     0  startup_stm32g030xx.o(.text)
    DMA1_Channel1_IRQHandler                 0x08000177   Thumb Code     0  startup_stm32g030xx.o(.text)
    DMA1_Channel2_3_IRQHandler               0x08000177   Thumb Code     0  startup_stm32g030xx.o(.text)
    EXTI0_1_IRQHandler                       0x08000177   Thumb Code     0  startup_stm32g030xx.o(.text)
    EXTI2_3_IRQHandler                       0x08000177   Thumb Code     0  startup_stm32g030xx.o(.text)
    EXTI4_15_IRQHandler                      0x08000177   Thumb Code     0  startup_stm32g030xx.o(.text)
    FLASH_IRQHandler                         0x08000177   Thumb Code     0  startup_stm32g030xx.o(.text)
    I2C1_IRQHandler                          0x08000177   Thumb Code     0  startup_stm32g030xx.o(.text)
    I2C2_IRQHandler                          0x08000177   Thumb Code     0  startup_stm32g030xx.o(.text)
    RCC_IRQHandler                           0x08000177   Thumb Code     0  startup_stm32g030xx.o(.text)
    RTC_TAMP_IRQHandler                      0x08000177   Thumb Code     0  startup_stm32g030xx.o(.text)
    SPI1_IRQHandler                          0x08000177   Thumb Code     0  startup_stm32g030xx.o(.text)
    SPI2_IRQHandler                          0x08000177   Thumb Code     0  startup_stm32g030xx.o(.text)
    TIM14_IRQHandler                         0x08000177   Thumb Code     0  startup_stm32g030xx.o(.text)
    TIM16_IRQHandler                         0x08000177   Thumb Code     0  startup_stm32g030xx.o(.text)
    TIM17_IRQHandler                         0x08000177   Thumb Code     0  startup_stm32g030xx.o(.text)
    TIM1_BRK_UP_TRG_COM_IRQHandler           0x08000177   Thumb Code     0  startup_stm32g030xx.o(.text)
    TIM1_CC_IRQHandler                       0x08000177   Thumb Code     0  startup_stm32g030xx.o(.text)
    TIM3_IRQHandler                          0x08000177   Thumb Code     0  startup_stm32g030xx.o(.text)
    USART1_IRQHandler                        0x08000177   Thumb Code     0  startup_stm32g030xx.o(.text)
    USART2_IRQHandler                        0x08000177   Thumb Code     0  startup_stm32g030xx.o(.text)
    WWDG_IRQHandler                          0x08000177   Thumb Code     0  startup_stm32g030xx.o(.text)
    __user_initial_stackheap                 0x08000179   Thumb Code     0  startup_stm32g030xx.o(.text)
    _memset_w                                0x0800019d   Thumb Code    26  rt_memclr.o(.text)
    _memset                                  0x080001b7   Thumb Code    30  rt_memclr.o(.text)
    __aeabi_memclr                           0x080001d5   Thumb Code     4  rt_memclr.o(.text)
    __rt_memclr                              0x080001d5   Thumb Code     0  rt_memclr.o(.text)
    __aeabi_memclr4                          0x080001d9   Thumb Code     0  rt_memclr.o(.text)
    __aeabi_memclr8                          0x080001d9   Thumb Code     0  rt_memclr.o(.text)
    __rt_memclr_w                            0x080001d9   Thumb Code     4  rt_memclr.o(.text)
    __use_two_region_memory                  0x080001dd   Thumb Code     2  heapauxi.o(.text)
    __rt_heap_escrow$2region                 0x080001df   Thumb Code     2  heapauxi.o(.text)
    __rt_heap_expand$2region                 0x080001e1   Thumb Code     2  heapauxi.o(.text)
    __user_setup_stackheap                   0x080001e3   Thumb Code    62  sys_stackheap_outer.o(.text)
    exit                                     0x08000221   Thumb Code    16  exit.o(.text)
    __user_libspace                          0x08000231   Thumb Code     8  libspace.o(.text)
    __user_perproc_libspace                  0x08000231   Thumb Code     0  libspace.o(.text)
    __user_perthread_libspace                0x08000231   Thumb Code     0  libspace.o(.text)
    _sys_exit                                0x08000239   Thumb Code     8  sys_exit.o(.text)
    __I$use$semihosting                      0x08000245   Thumb Code     0  use_no_semi.o(.text)
    __use_no_semihosting_swi                 0x08000245   Thumb Code     2  use_no_semi.o(.text)
    Error_Handler                            0x08000247   Thumb Code     8  main.o(.text.Error_Handler)
    __semihosting_library_function           0x08000247   Thumb Code     0  indicate_semi.o(.text)
    HAL_GPIO_Init                            0x08000251   Thumb Code   432  stm32g0xx_hal_gpio.o(.text.HAL_GPIO_Init)
    HAL_GetTick                              0x08000415   Thumb Code     8  stm32g0xx_hal.o(.text.HAL_GetTick)
    HAL_I2CEx_ConfigAnalogFilter             0x0800041d   Thumb Code    68  stm32g0xx_hal_i2c_ex.o(.text.HAL_I2CEx_ConfigAnalogFilter)
    HAL_I2CEx_ConfigDigitalFilter            0x08000461   Thumb Code    68  stm32g0xx_hal_i2c_ex.o(.text.HAL_I2CEx_ConfigDigitalFilter)
    HAL_I2C_Init                             0x080004a5   Thumb Code   172  stm32g0xx_hal_i2c.o(.text.HAL_I2C_Init)
    HAL_I2C_Master_Transmit                  0x08000559   Thumb Code   528  stm32g0xx_hal_i2c.o(.text.HAL_I2C_Master_Transmit)
    HAL_I2C_MspInit                          0x08000779   Thumb Code    92  i2c.o(.text.HAL_I2C_MspInit)
    HAL_IncTick                              0x080007e1   Thumb Code    16  stm32g0xx_hal.o(.text.HAL_IncTick)
    HAL_Init                                 0x080007f5   Thumb Code    40  stm32g0xx_hal.o(.text.HAL_Init)
    HAL_InitTick                             0x08000821   Thumb Code    64  stm32g0xx_hal.o(.text.HAL_InitTick)
    HAL_MspInit                              0x08000869   Thumb Code    40  stm32g0xx_hal_msp.o(.text.HAL_MspInit)
    HAL_NVIC_SetPriority                     0x08000895   Thumb Code    56  stm32g0xx_hal_cortex.o(.text.HAL_NVIC_SetPriority)
    HAL_SYSTICK_Config                       0x080008d5   Thumb Code    40  stm32g0xx_hal_cortex.o(.text.HAL_SYSTICK_Config)
    HardFault_Handler                        0x08000909   Thumb Code     2  stm32g0xx_it.o(.text.HardFault_Handler)
    LL_ADC_Init                              0x08000a11   Thumb Code    48  stm32g0xx_ll_adc.o(.text.LL_ADC_Init)
    LL_ADC_REG_Init                          0x08000a45   Thumb Code   100  stm32g0xx_ll_adc.o(.text.LL_ADC_REG_Init)
    LL_GPIO_Init                             0x08000aad   Thumb Code   198  stm32g0xx_ll_gpio.o(.text.LL_GPIO_Init)
    LL_SPI_Init                              0x08000b75   Thumb Code   108  stm32g0xx_ll_spi.o(.text.LL_SPI_Init)
    LL_SetSystemCoreClock                    0x08000be9   Thumb Code     8  stm32g0xx_ll_utils.o(.text.LL_SetSystemCoreClock)
    LL_TIM_BDTR_Init                         0x08000bf5   Thumb Code   116  stm32g0xx_ll_tim.o(.text.LL_TIM_BDTR_Init)
    LL_TIM_Init                              0x08000c85   Thumb Code   120  stm32g0xx_ll_tim.o(.text.LL_TIM_Init)
    LL_TIM_OC_Init                           0x08000d09   Thumb Code   716  stm32g0xx_ll_tim.o(.text.LL_TIM_OC_Init)
    LL_mDelay                                0x08000ffd   Thumb Code    64  stm32g0xx_ll_utils.o(.text.LL_mDelay)
    MX_ADC1_Init                             0x08001041   Thumb Code   288  adc.o(.text.MX_ADC1_Init)
    MX_GPIO_Init                             0x08001169   Thumb Code    72  gpio.o(.text.MX_GPIO_Init)
    MX_I2C1_Init                             0x080011b1   Thumb Code    76  i2c.o(.text.MX_I2C1_Init)
    MX_SPI1_Init                             0x08001209   Thumb Code   168  spi.o(.text.MX_SPI1_Init)
    MX_TIM1_Init                             0x080012b5   Thumb Code   224  tim.o(.text.MX_TIM1_Init)
    MX_TIM3_Init                             0x0800139d   Thumb Code   268  tim.o(.text.MX_TIM3_Init)
    NMI_Handler                              0x080014c5   Thumb Code     2  stm32g0xx_it.o(.text.NMI_Handler)
    PendSV_Handler                           0x080014c7   Thumb Code     2  stm32g0xx_it.o(.text.PendSV_Handler)
    SVC_Handler                              0x080014c9   Thumb Code     2  stm32g0xx_it.o(.text.SVC_Handler)
    SysTick_Handler                          0x080014cb   Thumb Code     8  stm32g0xx_it.o(.text.SysTick_Handler)
    SystemClock_Config                       0x080014d5   Thumb Code   228  main.o(.text.SystemClock_Config)
    SystemInit                               0x080015cd   Thumb Code     2  system_stm32g0xx.o(.text.SystemInit)
    draw                                     0x080015d1   Thumb Code   192  oled_driver.o(.text.draw)
    main                                     0x080016c9   Thumb Code   324  main.o(.text.main)
    u8g2_DrawHLine                           0x08001835   Thumb Code   128  u8g2_hvline.o(.text.u8g2_DrawHLine)
    u8g2_DrawHVLine                          0x080018b5   Thumb Code   254  u8g2_hvline.o(.text.u8g2_DrawHVLine)
    u8g2_DrawStr                             0x080019b5   Thumb Code    12  u8g2_font.o(.text.u8g2_DrawStr)
    u8g2_DrawVLine                           0x080019c5   Thumb Code   128  u8g2_hvline.o(.text.u8g2_DrawVLine)
    u8g2_FirstPage                           0x08001a45   Thumb Code    42  u8g2_buffer.o(.text.u8g2_FirstPage)
    u8g2_IsIntersection                      0x08001a6f   Thumb Code   102  u8g2_intersection.o(.text.u8g2_IsIntersection)
    u8g2_NextPage                            0x08001ad5   Thumb Code    74  u8g2_buffer.o(.text.u8g2_NextPage)
    u8g2_SetBufferCurrTileRow                0x08001b1f   Thumb Code    26  u8g2_buffer.o(.text.u8g2_SetBufferCurrTileRow)
    u8g2_SetFont                             0x08001b39   Thumb Code   182  u8g2_font.o(.text.u8g2_SetFont)
    u8g2_SetFontDirection                    0x08001bef   Thumb Code     6  u8g2_font.o(.text.u8g2_SetFontDirection)
    u8g2_SetFontMode                         0x08001bf5   Thumb Code     6  u8g2_font.o(.text.u8g2_SetFontMode)
    u8g2_SetFontPosBaseline                  0x08001bfd   Thumb Code     8  u8g2_font.o(.text.u8g2_SetFontPosBaseline)
    u8g2_SetupBuffer                         0x08001c09   Thumb Code    80  u8g2_setup.o(.text.u8g2_SetupBuffer)
    u8g2_Setup_ssd1306_i2c_128x64_noname_f   0x08001c5d   Thumb Code    48  u8g2_d_setup.o(.text.u8g2_Setup_ssd1306_i2c_128x64_noname_f)
    u8g2_add_vector_x                        0x08001c99   Thumb Code    36  u8g2_font.o(.text.u8g2_add_vector_x)
    u8g2_add_vector_y                        0x08001cbd   Thumb Code    36  u8g2_font.o(.text.u8g2_add_vector_y)
    u8g2_draw_hv_line_2dir                   0x08001ce1   Thumb Code    22  u8g2_hvline.o(.text.u8g2_draw_hv_line_2dir)
    u8g2_draw_l90_r0                         0x08001cf7   Thumb Code    16  u8g2_setup.o(.text.u8g2_draw_l90_r0)
    u8g2_font_calc_vref_font                 0x08001e05   Thumb Code     4  u8g2_font.o(.text.u8g2_font_calc_vref_font)
    u8g2_font_decode_glyph                   0x08001e09   Thumb Code   968  u8g2_font.o(.text.u8g2_font_decode_glyph)
    u8g2_font_get_glyph_data                 0x080021d1   Thumb Code   228  u8g2_font.o(.text.u8g2_font_get_glyph_data)
    u8g2_ll_hvline_vertical_top_lsb          0x080022c3   Thumb Code   556  u8g2_ll_hvline.o(.text.u8g2_ll_hvline_vertical_top_lsb)
    u8g2_m_16_8_f                            0x080024f1   Thumb Code     8  u8g2_d_memory.o(.text.u8g2_m_16_8_f)
    u8g2_update_dimension_r0                 0x08002555   Thumb Code    52  u8g2_setup.o(.text.u8g2_update_dimension_r0)
    u8g2_update_page_win_r0                  0x08002589   Thumb Code   112  u8g2_setup.o(.text.u8g2_update_page_win_r0)
    u8x8_DrawTile                            0x080025f9   Thumb Code    30  u8x8_display.o(.text.u8x8_DrawTile)
    u8x8_InitDisplay                         0x08002617   Thumb Code    14  u8x8_display.o(.text.u8x8_InitDisplay)
    u8x8_RefreshDisplay                      0x08002625   Thumb Code    14  u8x8_display.o(.text.u8x8_RefreshDisplay)
    u8x8_SetPowerSave                        0x08002633   Thumb Code    14  u8x8_display.o(.text.u8x8_SetPowerSave)
    u8x8_Setup                               0x08002641   Thumb Code    38  u8x8_setup.o(.text.u8x8_Setup)
    u8x8_SetupMemory                         0x08002667   Thumb Code    14  u8x8_display.o(.text.u8x8_SetupMemory)
    u8x8_ascii_next                          0x08002675   Thumb Code    16  u8x8_8x8.o(.text.u8x8_ascii_next)
    u8x8_byte_EndTransfer                    0x08002689   Thumb Code    14  u8x8_byte.o(.text.u8x8_byte_EndTransfer)
    u8x8_byte_SendByte                       0x08002697   Thumb Code    18  u8x8_byte.o(.text.u8x8_byte_SendByte)
    u8x8_byte_SendBytes                      0x080026a9   Thumb Code    14  u8x8_byte.o(.text.u8x8_byte_SendBytes)
    u8x8_byte_StartTransfer                  0x080026b7   Thumb Code    14  u8x8_byte.o(.text.u8x8_byte_StartTransfer)
    u8x8_byte_hw_i2c                         0x080026c5   Thumb Code   192  oled_driver.o(.text.u8x8_byte_hw_i2c)
    u8x8_cad_EndTransfer                     0x08002791   Thumb Code    14  u8x8_cad.o(.text.u8x8_cad_EndTransfer)
    u8x8_cad_SendArg                         0x0800279f   Thumb Code    14  u8x8_cad.o(.text.u8x8_cad_SendArg)
    u8x8_cad_SendCmd                         0x080027ad   Thumb Code    14  u8x8_cad.o(.text.u8x8_cad_SendCmd)
    u8x8_cad_SendData                        0x080027bb   Thumb Code    14  u8x8_cad.o(.text.u8x8_cad_SendData)
    u8x8_cad_SendSequence                    0x080027c9   Thumb Code   108  u8x8_cad.o(.text.u8x8_cad_SendSequence)
    u8x8_cad_StartTransfer                   0x08002835   Thumb Code    14  u8x8_cad.o(.text.u8x8_cad_StartTransfer)
    u8x8_cad_ssd13xx_fast_i2c                0x08002845   Thumb Code   436  u8x8_cad.o(.text.u8x8_cad_ssd13xx_fast_i2c)
    u8x8_d_helper_display_init               0x080029fd   Thumb Code   106  u8x8_display.o(.text.u8x8_d_helper_display_init)
    u8x8_d_helper_display_setup_memory       0x08002a67   Thumb Code    10  u8x8_display.o(.text.u8x8_d_helper_display_setup_memory)
    u8x8_d_ssd1306_128x64_noname             0x08002a71   Thumb Code    64  u8x8_d_ssd1306_128x64_noname.o(.text.u8x8_d_ssd1306_128x64_noname)
    u8x8_gpio_and_delay_hw                   0x08002ba1   Thumb Code   218  oled_driver.o(.text.u8x8_gpio_and_delay_hw)
    u8x8_gpio_call                           0x08002c7b   Thumb Code    10  u8x8_gpio.o(.text.u8x8_gpio_call)
    u8x8_utf8_init                           0x08002cb1   Thumb Code     8  u8x8_8x8.o(.text.u8x8_utf8_init)
    __aeabi_uidiv                            0x08002cb9   Thumb Code    68  aeabi_sdivfast.o(.text_divfast)
    __aeabi_idiv                             0x08002cfd   Thumb Code   434  aeabi_sdivfast.o(.text_divfast)
    u8g2_cb_r0                               0x08002eb0   Data          12  u8g2_setup.o(.rodata.u8g2_cb_r0)
    u8g2_font_4x6_tr                         0x08002ebc   Data         723  u8g2_fonts.o(.rodata.u8g2_font_4x6_tr)
    u8g2_font_inb24_mf                       0x0800318f   Data        8821  u8g2_fonts.o(.rodata.u8g2_font_inb24_mf)
    u8g2_font_inb30_mn                       0x08005404   Data         807  u8g2_fonts.o(.rodata.u8g2_font_inb30_mn)
    Region$$Table$$Base                      0x08005790   Number         0  anon$$obj.o(Region$$Table)
    Region$$Table$$Limit                     0x080057b0   Number         0  anon$$obj.o(Region$$Table)
    SystemCoreClock                          0x20000000   Data           4  system_stm32g0xx.o(.data.SystemCoreClock)
    uwTickFreq                               0x20000004   Data           1  stm32g0xx_hal.o(.data.uwTickFreq)
    uwTickPrio                               0x20000008   Data           4  stm32g0xx_hal.o(.data.uwTickPrio)
    __libspace_start                         0x20000010   Data          96  libspace.o(.bss)
    __temporary_stack_top$libspace           0x20000070   Data           0  libspace.o(.bss)
    hi2c1                                    0x20000070   Data          84  i2c.o(.bss.hi2c1)
    uwTick                                   0x2000057c   Data           4  stm32g0xx_hal.o(.bss.uwTick)



==============================================================================

Memory Map of the image

  Image Entry point : 0x080000c1

  Load Region LR_IROM1 (Base: 0x08000000, Size: 0x000057c0, Max: 0x00008000, ABSOLUTE)

    Execution Region ER_IROM1 (Exec base: 0x08000000, Load base: 0x08000000, Size: 0x000057b0, Max: 0x00008000, ABSOLUTE)

    Exec Addr    Load Addr    Size         Type   Attr      Idx    E Section Name        Object

    0x08000000   0x08000000   0x000000c0   Data   RO            3    RESET               startup_stm32g030xx.o
    0x080000c0   0x080000c0   0x00000008   Code   RO         4071  * !!!main             c_p.l(__main.o)
    0x080000c8   0x080000c8   0x0000003c   Code   RO         4256    !!!scatter          c_p.l(__scatter.o)
    0x08000104   0x08000104   0x0000001a   Code   RO         4258    !!handler_copy      c_p.l(__scatter_copy.o)
    0x0800011e   0x0800011e   0x00000002   PAD
    0x08000120   0x08000120   0x0000001c   Code   RO         4260    !!handler_zi        c_p.l(__scatter_zi.o)
    0x0800013c   0x0800013c   0x00000002   Code   RO         4117    .ARM.Collect$$libinit$$00000000  c_p.l(libinit.o)
    0x0800013e   0x0800013e   0x00000000   Code   RO         4131    .ARM.Collect$$libinit$$00000002  c_p.l(libinit2.o)
    0x0800013e   0x0800013e   0x00000000   Code   RO         4133    .ARM.Collect$$libinit$$00000004  c_p.l(libinit2.o)
    0x0800013e   0x0800013e   0x00000000   Code   RO         4135    .ARM.Collect$$libinit$$00000006  c_p.l(libinit2.o)
    0x0800013e   0x0800013e   0x00000000   Code   RO         4138    .ARM.Collect$$libinit$$0000000C  c_p.l(libinit2.o)
    0x0800013e   0x0800013e   0x00000000   Code   RO         4140    .ARM.Collect$$libinit$$0000000E  c_p.l(libinit2.o)
    0x0800013e   0x0800013e   0x00000000   Code   RO         4142    .ARM.Collect$$libinit$$00000010  c_p.l(libinit2.o)
    0x0800013e   0x0800013e   0x00000000   Code   RO         4145    .ARM.Collect$$libinit$$00000013  c_p.l(libinit2.o)
    0x0800013e   0x0800013e   0x00000000   Code   RO         4147    .ARM.Collect$$libinit$$00000015  c_p.l(libinit2.o)
    0x0800013e   0x0800013e   0x00000000   Code   RO         4149    .ARM.Collect$$libinit$$00000017  c_p.l(libinit2.o)
    0x0800013e   0x0800013e   0x00000000   Code   RO         4151    .ARM.Collect$$libinit$$00000019  c_p.l(libinit2.o)
    0x0800013e   0x0800013e   0x00000000   Code   RO         4153    .ARM.Collect$$libinit$$0000001B  c_p.l(libinit2.o)
    0x0800013e   0x0800013e   0x00000000   Code   RO         4155    .ARM.Collect$$libinit$$0000001D  c_p.l(libinit2.o)
    0x0800013e   0x0800013e   0x00000000   Code   RO         4157    .ARM.Collect$$libinit$$0000001F  c_p.l(libinit2.o)
    0x0800013e   0x0800013e   0x00000000   Code   RO         4159    .ARM.Collect$$libinit$$00000021  c_p.l(libinit2.o)
    0x0800013e   0x0800013e   0x00000000   Code   RO         4161    .ARM.Collect$$libinit$$00000023  c_p.l(libinit2.o)
    0x0800013e   0x0800013e   0x00000000   Code   RO         4163    .ARM.Collect$$libinit$$00000025  c_p.l(libinit2.o)
    0x0800013e   0x0800013e   0x00000000   Code   RO         4165    .ARM.Collect$$libinit$$00000027  c_p.l(libinit2.o)
    0x0800013e   0x0800013e   0x00000000   Code   RO         4169    .ARM.Collect$$libinit$$0000002E  c_p.l(libinit2.o)
    0x0800013e   0x0800013e   0x00000000   Code   RO         4171    .ARM.Collect$$libinit$$00000030  c_p.l(libinit2.o)
    0x0800013e   0x0800013e   0x00000000   Code   RO         4173    .ARM.Collect$$libinit$$00000032  c_p.l(libinit2.o)
    0x0800013e   0x0800013e   0x00000000   Code   RO         4175    .ARM.Collect$$libinit$$00000034  c_p.l(libinit2.o)
    0x0800013e   0x0800013e   0x00000002   Code   RO         4176    .ARM.Collect$$libinit$$00000035  c_p.l(libinit2.o)
    0x08000140   0x08000140   0x00000002   Code   RO         4211    .ARM.Collect$$libshutdown$$00000000  c_p.l(libshutdown.o)
    0x08000142   0x08000142   0x00000000   Code   RO         4239    .ARM.Collect$$libshutdown$$00000002  c_p.l(libshutdown2.o)
    0x08000142   0x08000142   0x00000000   Code   RO         4241    .ARM.Collect$$libshutdown$$00000004  c_p.l(libshutdown2.o)
    0x08000142   0x08000142   0x00000000   Code   RO         4244    .ARM.Collect$$libshutdown$$00000007  c_p.l(libshutdown2.o)
    0x08000142   0x08000142   0x00000000   Code   RO         4247    .ARM.Collect$$libshutdown$$0000000A  c_p.l(libshutdown2.o)
    0x08000142   0x08000142   0x00000000   Code   RO         4249    .ARM.Collect$$libshutdown$$0000000C  c_p.l(libshutdown2.o)
    0x08000142   0x08000142   0x00000000   Code   RO         4252    .ARM.Collect$$libshutdown$$0000000F  c_p.l(libshutdown2.o)
    0x08000142   0x08000142   0x00000002   Code   RO         4253    .ARM.Collect$$libshutdown$$00000010  c_p.l(libshutdown2.o)
    0x08000144   0x08000144   0x00000000   Code   RO         4080    .ARM.Collect$$rtentry$$00000000  c_p.l(__rtentry.o)
    0x08000144   0x08000144   0x00000000   Code   RO         4087    .ARM.Collect$$rtentry$$00000002  c_p.l(__rtentry2.o)
    0x08000144   0x08000144   0x00000006   Code   RO         4099    .ARM.Collect$$rtentry$$00000004  c_p.l(__rtentry4.o)
    0x0800014a   0x0800014a   0x00000000   Code   RO         4089    .ARM.Collect$$rtentry$$00000009  c_p.l(__rtentry2.o)
    0x0800014a   0x0800014a   0x00000004   Code   RO         4090    .ARM.Collect$$rtentry$$0000000A  c_p.l(__rtentry2.o)
    0x0800014e   0x0800014e   0x00000000   Code   RO         4092    .ARM.Collect$$rtentry$$0000000C  c_p.l(__rtentry2.o)
    0x0800014e   0x0800014e   0x00000008   Code   RO         4093    .ARM.Collect$$rtentry$$0000000D  c_p.l(__rtentry2.o)
    0x08000156   0x08000156   0x00000002   Code   RO         4122    .ARM.Collect$$rtexit$$00000000  c_p.l(rtexit.o)
    0x08000158   0x08000158   0x00000000   Code   RO         4182    .ARM.Collect$$rtexit$$00000002  c_p.l(rtexit2.o)
    0x08000158   0x08000158   0x00000004   Code   RO         4183    .ARM.Collect$$rtexit$$00000003  c_p.l(rtexit2.o)
    0x0800015c   0x0800015c   0x00000006   Code   RO         4184    .ARM.Collect$$rtexit$$00000004  c_p.l(rtexit2.o)
    0x08000162   0x08000162   0x00000002   PAD
    0x08000164   0x08000164   0x00000038   Code   RO            4    .text               startup_stm32g030xx.o
    0x0800019c   0x0800019c   0x00000040   Code   RO         4059    .text               c_p.l(rt_memclr.o)
    0x080001dc   0x080001dc   0x00000006   Code   RO         4069    .text               c_p.l(heapauxi.o)
    0x080001e2   0x080001e2   0x0000003e   Code   RO         4103    .text               c_p.l(sys_stackheap_outer.o)
    0x08000220   0x08000220   0x00000010   Code   RO         4106    .text               c_p.l(exit.o)
    0x08000230   0x08000230   0x00000008   Code   RO         4118    .text               c_p.l(libspace.o)
    0x08000238   0x08000238   0x0000000c   Code   RO         4177    .text               c_p.l(sys_exit.o)
    0x08000244   0x08000244   0x00000002   Code   RO         4200    .text               c_p.l(use_no_semi.o)
    0x08000246   0x08000246   0x00000000   Code   RO         4202    .text               c_p.l(indicate_semi.o)
    0x08000246   0x08000246   0x00000008   Code   RO           33    .text.Error_Handler  main.o
    0x0800024e   0x0800024e   0x00000002   PAD
    0x08000250   0x08000250   0x000001c4   Code   RO          349    .text.HAL_GPIO_Init  stm32g0xx_hal_gpio.o
    0x08000414   0x08000414   0x00000008   Code   RO          551    .text.HAL_GetTick   stm32g0xx_hal.o
    0x0800041c   0x0800041c   0x00000044   Code   RO          786    .text.HAL_I2CEx_ConfigAnalogFilter  stm32g0xx_hal_i2c_ex.o
    0x08000460   0x08000460   0x00000044   Code   RO          788    .text.HAL_I2CEx_ConfigDigitalFilter  stm32g0xx_hal_i2c_ex.o
    0x080004a4   0x080004a4   0x000000b4   Code   RO          634    .text.HAL_I2C_Init  stm32g0xx_hal_i2c.o
    0x08000558   0x08000558   0x00000220   Code   RO          642    .text.HAL_I2C_Master_Transmit  stm32g0xx_hal_i2c.o
    0x08000778   0x08000778   0x00000068   Code   RO           66    .text.HAL_I2C_MspInit  i2c.o
    0x080007e0   0x080007e0   0x00000014   Code   RO          549    .text.HAL_IncTick   stm32g0xx_hal.o
    0x080007f4   0x080007f4   0x0000002c   Code   RO          539    .text.HAL_Init      stm32g0xx_hal.o
    0x08000820   0x08000820   0x00000048   Code   RO          541    .text.HAL_InitTick  stm32g0xx_hal.o
    0x08000868   0x08000868   0x0000002c   Code   RO          116    .text.HAL_MspInit   stm32g0xx_hal_msp.o
    0x08000894   0x08000894   0x00000040   Code   RO          497    .text.HAL_NVIC_SetPriority  stm32g0xx_hal_cortex.o
    0x080008d4   0x080008d4   0x00000034   Code   RO          505    .text.HAL_SYSTICK_Config  stm32g0xx_hal_cortex.o
    0x08000908   0x08000908   0x00000002   Code   RO          101    .text.HardFault_Handler  stm32g0xx_it.o
    0x0800090a   0x0800090a   0x00000002   PAD
    0x0800090c   0x0800090c   0x00000104   Code   RO          776    .text.I2C_IsErrorOccurred  stm32g0xx_hal_i2c.o
    0x08000a10   0x08000a10   0x00000034   Code   RO          182    .text.LL_ADC_Init   stm32g0xx_ll_adc.o
    0x08000a44   0x08000a44   0x00000068   Code   RO          186    .text.LL_ADC_REG_Init  stm32g0xx_ll_adc.o
    0x08000aac   0x08000aac   0x000000c6   Code   RO          162    .text.LL_GPIO_Init  stm32g0xx_ll_gpio.o
    0x08000b72   0x08000b72   0x00000002   PAD
    0x08000b74   0x08000b74   0x00000074   Code   RO          808    .text.LL_SPI_Init   stm32g0xx_ll_spi.o
    0x08000be8   0x08000be8   0x0000000c   Code   RO          128    .text.LL_SetSystemCoreClock  stm32g0xx_ll_utils.o
    0x08000bf4   0x08000bf4   0x00000090   Code   RO          854    .text.LL_TIM_BDTR_Init  stm32g0xx_ll_tim.o
    0x08000c84   0x08000c84   0x00000084   Code   RO          834    .text.LL_TIM_Init   stm32g0xx_ll_tim.o
    0x08000d08   0x08000d08   0x000002f4   Code   RO          838    .text.LL_TIM_OC_Init  stm32g0xx_ll_tim.o
    0x08000ffc   0x08000ffc   0x00000044   Code   RO          126    .text.LL_mDelay     stm32g0xx_ll_utils.o
    0x08001040   0x08001040   0x00000128   Code   RO           55    .text.MX_ADC1_Init  adc.o
    0x08001168   0x08001168   0x00000048   Code   RO           47    .text.MX_GPIO_Init  gpio.o
    0x080011b0   0x080011b0   0x00000058   Code   RO           64    .text.MX_I2C1_Init  i2c.o
    0x08001208   0x08001208   0x000000ac   Code   RO           79    .text.MX_SPI1_Init  spi.o
    0x080012b4   0x080012b4   0x000000e8   Code   RO           88    .text.MX_TIM1_Init  tim.o
    0x0800139c   0x0800139c   0x00000128   Code   RO           90    .text.MX_TIM3_Init  tim.o
    0x080014c4   0x080014c4   0x00000002   Code   RO           99    .text.NMI_Handler   stm32g0xx_it.o
    0x080014c6   0x080014c6   0x00000002   Code   RO          105    .text.PendSV_Handler  stm32g0xx_it.o
    0x080014c8   0x080014c8   0x00000002   Code   RO          103    .text.SVC_Handler   stm32g0xx_it.o
    0x080014ca   0x080014ca   0x00000008   Code   RO          107    .text.SysTick_Handler  stm32g0xx_it.o
    0x080014d2   0x080014d2   0x00000002   PAD
    0x080014d4   0x080014d4   0x000000f8   Code   RO           29    .text.SystemClock_Config  main.o
    0x080015cc   0x080015cc   0x00000002   Code   RO          864    .text.SystemInit    system_stm32g0xx.o
    0x080015ce   0x080015ce   0x00000002   PAD
    0x080015d0   0x080015d0   0x000000f8   Code   RO           15    .text.draw          oled_driver.o
    0x080016c8   0x080016c8   0x0000016c   Code   RO           27    .text.main          main.o
    0x08001834   0x08001834   0x00000080   Code   RO         3313    .text.u8g2_DrawHLine  u8g2_hvline.o
    0x080018b4   0x080018b4   0x000000fe   Code   RO         3311    .text.u8g2_DrawHVLine  u8g2_hvline.o
    0x080019b2   0x080019b2   0x00000002   PAD
    0x080019b4   0x080019b4   0x00000010   Code   RO         1295    .text.u8g2_DrawStr  u8g2_font.o
    0x080019c4   0x080019c4   0x00000080   Code   RO         3315    .text.u8g2_DrawVLine  u8g2_hvline.o
    0x08001a44   0x08001a44   0x0000002a   Code   RO         1163    .text.u8g2_FirstPage  u8g2_buffer.o
    0x08001a6e   0x08001a6e   0x00000066   Code   RO         3340    .text.u8g2_IsIntersection  u8g2_intersection.o
    0x08001ad4   0x08001ad4   0x0000004a   Code   RO         1165    .text.u8g2_NextPage  u8g2_buffer.o
    0x08001b1e   0x08001b1e   0x0000001a   Code   RO         1161    .text.u8g2_SetBufferCurrTileRow  u8g2_buffer.o
    0x08001b38   0x08001b38   0x000000b6   Code   RO         1335    .text.u8g2_SetFont  u8g2_font.o
    0x08001bee   0x08001bee   0x00000006   Code   RO         1349    .text.u8g2_SetFontDirection  u8g2_font.o
    0x08001bf4   0x08001bf4   0x00000006   Code   RO         1289    .text.u8g2_SetFontMode  u8g2_font.o
    0x08001bfa   0x08001bfa   0x00000002   PAD
    0x08001bfc   0x08001bfc   0x0000000c   Code   RO         1321    .text.u8g2_SetFontPosBaseline  u8g2_font.o
    0x08001c08   0x08001c08   0x00000054   Code   RO         3445    .text.u8g2_SetupBuffer  u8g2_setup.o
    0x08001c5c   0x08001c5c   0x0000003c   Code   RO         1242    .text.u8g2_Setup_ssd1306_i2c_128x64_noname_f  u8g2_d_setup.o
    0x08001c98   0x08001c98   0x00000024   Code   RO         1273    .text.u8g2_add_vector_x  u8g2_font.o
    0x08001cbc   0x08001cbc   0x00000024   Code   RO         1271    .text.u8g2_add_vector_y  u8g2_font.o
    0x08001ce0   0x08001ce0   0x00000016   Code   RO         3309    .text.u8g2_draw_hv_line_2dir  u8g2_hvline.o
    0x08001cf6   0x08001cf6   0x00000010   Code   RO         3467    .text.u8g2_draw_l90_r0  u8g2_setup.o
    0x08001d06   0x08001d06   0x00000002   PAD
    0x08001d08   0x08001d08   0x000000fc   Code   RO         1297    .text.u8g2_draw_string  u8g2_font.o
    0x08001e04   0x08001e04   0x00000004   Code   RO         1319    .text.u8g2_font_calc_vref_font  u8g2_font.o
    0x08001e08   0x08001e08   0x000003c8   Code   RO         1279    .text.u8g2_font_decode_glyph  u8g2_font.o
    0x080021d0   0x080021d0   0x000000e4   Code   RO         1283    .text.u8g2_font_get_glyph_data  u8g2_font.o
    0x080022b4   0x080022b4   0x0000000e   Code   RO         1253    .text.u8g2_font_get_word  u8g2_font.o
    0x080022c2   0x080022c2   0x0000022c   Code   RO         3371    .text.u8g2_ll_hvline_vertical_top_lsb  u8g2_ll_hvline.o
    0x080024ee   0x080024ee   0x00000002   PAD
    0x080024f0   0x080024f0   0x0000000c   Code   RO         1232    .text.u8g2_m_16_8_f  u8g2_d_memory.o
    0x080024fc   0x080024fc   0x00000058   Code   RO         1159    .text.u8g2_send_buffer  u8g2_buffer.o
    0x08002554   0x08002554   0x00000034   Code   RO         3451    .text.u8g2_update_dimension_r0  u8g2_setup.o
    0x08002588   0x08002588   0x00000070   Code   RO         3453    .text.u8g2_update_page_win_r0  u8g2_setup.o
    0x080025f8   0x080025f8   0x0000001e   Code   RO         3777    .text.u8x8_DrawTile  u8x8_display.o
    0x08002616   0x08002616   0x0000000e   Code   RO         3783    .text.u8x8_InitDisplay  u8x8_display.o
    0x08002624   0x08002624   0x0000000e   Code   RO         3791    .text.u8x8_RefreshDisplay  u8x8_display.o
    0x08002632   0x08002632   0x0000000e   Code   RO         3785    .text.u8x8_SetPowerSave  u8x8_display.o
    0x08002640   0x08002640   0x00000026   Code   RO         3998    .text.u8x8_Setup    u8x8_setup.o
    0x08002666   0x08002666   0x0000000e   Code   RO         3779    .text.u8x8_SetupMemory  u8x8_display.o
    0x08002674   0x08002674   0x00000014   Code   RO         3570    .text.u8x8_ascii_next  u8x8_8x8.o
    0x08002688   0x08002688   0x0000000e   Code   RO         3612    .text.u8x8_byte_EndTransfer  u8x8_byte.o
    0x08002696   0x08002696   0x00000012   Code   RO         3608    .text.u8x8_byte_SendByte  u8x8_byte.o
    0x080026a8   0x080026a8   0x0000000e   Code   RO         3606    .text.u8x8_byte_SendBytes  u8x8_byte.o
    0x080026b6   0x080026b6   0x0000000e   Code   RO         3610    .text.u8x8_byte_StartTransfer  u8x8_byte.o
    0x080026c4   0x080026c4   0x000000cc   Code   RO           13    .text.u8x8_byte_hw_i2c  oled_driver.o
    0x08002790   0x08002790   0x0000000e   Code   RO         3656    .text.u8x8_cad_EndTransfer  u8x8_cad.o
    0x0800279e   0x0800279e   0x0000000e   Code   RO         3648    .text.u8x8_cad_SendArg  u8x8_cad.o
    0x080027ac   0x080027ac   0x0000000e   Code   RO         3646    .text.u8x8_cad_SendCmd  u8x8_cad.o
    0x080027ba   0x080027ba   0x0000000e   Code   RO         3652    .text.u8x8_cad_SendData  u8x8_cad.o
    0x080027c8   0x080027c8   0x0000006c   Code   RO         3662    .text.u8x8_cad_SendSequence  u8x8_cad.o
    0x08002834   0x08002834   0x0000000e   Code   RO         3654    .text.u8x8_cad_StartTransfer  u8x8_cad.o
    0x08002842   0x08002842   0x00000002   PAD
    0x08002844   0x08002844   0x000001b8   Code   RO         3682    .text.u8x8_cad_ssd13xx_fast_i2c  u8x8_cad.o
    0x080029fc   0x080029fc   0x0000006a   Code   RO         3775    .text.u8x8_d_helper_display_init  u8x8_display.o
    0x08002a66   0x08002a66   0x0000000a   Code   RO         3773    .text.u8x8_d_helper_display_setup_memory  u8x8_display.o
    0x08002a70   0x08002a70   0x00000048   Code   RO         3727    .text.u8x8_d_ssd1306_128x64_noname  u8x8_d_ssd1306_128x64_noname.o
    0x08002ab8   0x08002ab8   0x000000e8   Code   RO         3729    .text.u8x8_d_ssd1306_sh1106_generic  u8x8_d_ssd1306_128x64_noname.o
    0x08002ba0   0x08002ba0   0x000000da   Code   RO           11    .text.u8x8_gpio_and_delay_hw  oled_driver.o
    0x08002c7a   0x08002c7a   0x0000000a   Code   RO         3943    .text.u8x8_gpio_call  u8x8_gpio.o
    0x08002c84   0x08002c84   0x0000002c   Code   RO         3680    .text.u8x8_i2c_data_transfer  u8x8_cad.o
    0x08002cb0   0x08002cb0   0x00000008   Code   RO         3568    .text.u8x8_utf8_init  u8x8_8x8.o
    0x08002cb8   0x08002cb8   0x000001f6   Code   RO         4062    .text_divfast       c_p.l(aeabi_sdivfast.o)
    0x08002eae   0x08002eae   0x00000002   PAD
    0x08002eb0   0x08002eb0   0x0000000c   Data   RO         3481    .rodata.u8g2_cb_r0  u8g2_setup.o
    0x08002ebc   0x08002ebc   0x000002d3   Data   RO         1400    .rodata.u8g2_font_4x6_tr  u8g2_fonts.o
    0x0800318f   0x0800318f   0x00002275   Data   RO         3174    .rodata.u8g2_font_inb24_mf  u8g2_fonts.o
    0x08005404   0x08005404   0x00000327   Data   RO         3182    .rodata.u8g2_font_inb30_mn  u8g2_fonts.o
    0x0800572b   0x0800572b   0x00000007   Data   RO         3754    .rodata.u8x8_d_ssd1306_128x64_noname_flip0_seq  u8x8_d_ssd1306_128x64_noname.o
    0x08005732   0x08005732   0x00000007   Data   RO         3755    .rodata.u8x8_d_ssd1306_128x64_noname_flip1_seq  u8x8_d_ssd1306_128x64_noname.o
    0x08005739   0x08005739   0x00000035   Data   RO         3743    .rodata.u8x8_d_ssd1306_128x64_noname_init_seq  u8x8_d_ssd1306_128x64_noname.o
    0x0800576e   0x0800576e   0x00000005   Data   RO         3752    .rodata.u8x8_d_ssd1306_128x64_noname_powersave0_seq  u8x8_d_ssd1306_128x64_noname.o
    0x08005773   0x08005773   0x00000005   Data   RO         3753    .rodata.u8x8_d_ssd1306_128x64_noname_powersave1_seq  u8x8_d_ssd1306_128x64_noname.o
    0x08005778   0x08005778   0x00000018   Data   RO         3744    .rodata.u8x8_ssd1306_128x64_noname_display_info  u8x8_d_ssd1306_128x64_noname.o
    0x08005790   0x08005790   0x00000020   Data   RO         4255    Region$$Table       anon$$obj.o


    Execution Region RW_IRAM1 (Exec base: 0x20000000, Load base: 0x080057b0, Size: 0x00000b80, Max: 0x00002000, ABSOLUTE)

    Exec Addr    Load Addr    Size         Type   Attr      Idx    E Section Name        Object

    0x20000000   0x080057b0   0x00000004   Data   RW          868    .data.SystemCoreClock  system_stm32g0xx.o
    0x20000004   0x080057b4   0x00000001   Data   RW          598    .data.uwTickFreq    stm32g0xx_hal.o
    0x20000005   0x080057b5   0x00000003   PAD
    0x20000008   0x080057b8   0x00000004   Data   RW          597    .data.uwTickPrio    stm32g0xx_hal.o
    0x2000000c   0x080057bc   0x00000004   PAD
    0x20000010        -       0x00000060   Zero   RW         4119    .bss                c_p.l(libspace.o)
    0x20000070        -       0x00000054   Zero   RW           70    .bss.hi2c1          i2c.o
    0x200000c4        -       0x00000094   Zero   RW           37    .bss.u8g2           main.o
    0x20000158        -       0x00000400   Zero   RW         1234    .bss.u8g2_m_16_8_f.buf  u8g2_d_memory.o
    0x20000558        -       0x00000001   Zero   RW           18    .bss.u8x8_byte_hw_i2c.buf_idx  oled_driver.o
    0x20000559        -       0x00000020   Zero   RW           17    .bss.u8x8_byte_hw_i2c.buffer  oled_driver.o
    0x20000579        -       0x00000001   Zero   RW         3693    .bss.u8x8_cad_ssd13xx_fast_i2c.in_transfer  u8x8_cad.o
    0x2000057a   0x080057bc   0x00000002   PAD
    0x2000057c        -       0x00000004   Zero   RW          599    .bss.uwTick         stm32g0xx_hal.o
    0x20000580        -       0x00000200   Zero   RW            2    HEAP                startup_stm32g030xx.o
    0x20000780        -       0x00000400   Zero   RW            1    STACK               startup_stm32g030xx.o


==============================================================================

Image component sizes


      Code (inc. data)   RO Data    RW Data    ZI Data      Debug   Object Name

       296          8          0          0          0       4510   adc.o
        72          0          0          0          0       2214   gpio.o
       192         24          0          0         84       5524   i2c.o
       620         60          0          0        148      14622   main.o
       670        246          0          0         33       6769   oled_driver.o
       172          4          0          0          0       3001   spi.o
        56         26        192          0       1536        616   startup_stm32g030xx.o
       144         16          0          5          4       6645   stm32g0xx_hal.o
       116         20          0          0          0       6837   stm32g0xx_hal_cortex.o
       452         20          0          0          0       4769   stm32g0xx_hal_gpio.o
       984         28          0          0          0      65103   stm32g0xx_hal_i2c.o
       136          0          0          0          0       5957   stm32g0xx_hal_i2c_ex.o
        44          4          0          0          0       1254   stm32g0xx_hal_msp.o
        16          0          0          0          0        701   stm32g0xx_it.o
       156          8          0          0          0       6424   stm32g0xx_ll_adc.o
       198          0          0          0          0       3782   stm32g0xx_ll_gpio.o
       116          8          0          0          0       5618   stm32g0xx_ll_spi.o
      1032         80          0          0          0      13384   stm32g0xx_ll_tim.o
        80          8          0          0          0       8308   stm32g0xx_ll_utils.o
         2          0          0          4          0       1953   system_stm32g0xx.o
       528         36          0          0          0       6247   tim.o
       230          4          0          0          0       8171   u8g2_buffer.o
        12          4          0          0       1024        698   u8g2_d_memory.o
        60         12          0          0          0       4573   u8g2_d_setup.o
      1760         24          0          0          0      44487   u8g2_font.o
         0          0      10351          0          0     103538   u8g2_fonts.o
       532          0          0          0          0       8901   u8g2_hvline.o
       102          0          0          0          0       5135   u8g2_intersection.o
       556          0          0          0          0       8597   u8g2_ll_hvline.o
       264          4         12          0          0      13628   u8g2_setup.o
        28          4          0          0          0      13884   u8x8_8x8.o
        60          0          0          0          0      12426   u8x8_byte.o
       662         10          0          0          1      17000   u8x8_cad.o
       304         30        101          0          0       6773   u8x8_d_ssd1306_128x64_noname.o
       202          0          0          0          0       5237   u8x8_display.o
        10          0          0          0          0       2163   u8x8_gpio.o
        38          0          0          0          0       3279   u8x8_setup.o

    ----------------------------------------------------------------------
     10922        688      10688         12       2836     432728   Object Totals
         0          0         32          0          0          0   (incl. Generated)
        20          0          0          3          6          0   (incl. Padding)

    ----------------------------------------------------------------------

      Code (inc. data)   RO Data    RW Data    ZI Data      Debug   Library Member Name

         8          0          0          0          0         68   __main.o
         0          0          0          0          0          0   __rtentry.o
        12          0          0          0          0          0   __rtentry2.o
         6          0          0          0          0          0   __rtentry4.o
        60          8          0          0          0          0   __scatter.o
        26          0          0          0          0          0   __scatter_copy.o
        28          0          0          0          0          0   __scatter_zi.o
       502          0          0          0          0         92   aeabi_sdivfast.o
        16          0          0          0          0         68   exit.o
         6          0          0          0          0        136   heapauxi.o
         0          0          0          0          0          0   indicate_semi.o
         2          0          0          0          0          0   libinit.o
         2          0          0          0          0          0   libinit2.o
         2          0          0          0          0          0   libshutdown.o
         2          0          0          0          0          0   libshutdown2.o
         8          4          0          0         96         68   libspace.o
        64          0          0          0          0        108   rt_memclr.o
         2          0          0          0          0          0   rtexit.o
        10          0          0          0          0          0   rtexit2.o
        12          4          0          0          0         60   sys_exit.o
        62          0          0          0          0         80   sys_stackheap_outer.o
         2          0          0          0          0         68   use_no_semi.o

    ----------------------------------------------------------------------
       838         16          0          0         96        748   Library Totals
         6          0          0          0          0          0   (incl. Padding)

    ----------------------------------------------------------------------

      Code (inc. data)   RO Data    RW Data    ZI Data      Debug   Library Name

       832         16          0          0         96        748   c_p.l

    ----------------------------------------------------------------------
       838         16          0          0         96        748   Library Totals

    ----------------------------------------------------------------------

==============================================================================


      Code (inc. data)   RO Data    RW Data    ZI Data      Debug   

     11760        704      10688         12       2932     432608   Grand Totals
     11760        704      10688         12       2932     432608   ELF Image Totals
     11760        704      10688         12          0          0   ROM Totals

==============================================================================

    Total RO  Size (Code + RO Data)                22448 (  21.92kB)
    Total RW  Size (RW Data + ZI Data)              2944 (   2.88kB)
    Total ROM Size (Code + RO Data + RW Data)      22460 (  21.93kB)

==============================================================================

