Component: Arm Compiler for Embedded 6.21 Tool: armlink [5ec1fa00]

==============================================================================

Section Cross References

    startup_stm32g030xx.o(STACK) refers (Special) to heapauxi.o(.text) for __use_two_region_memory
    startup_stm32g030xx.o(HEAP) refers (Special) to heapauxi.o(.text) for __use_two_region_memory
    startup_stm32g030xx.o(RESET) refers (Special) to heapauxi.o(.text) for __use_two_region_memory
    startup_stm32g030xx.o(RESET) refers to startup_stm32g030xx.o(STACK) for __initial_sp
    startup_stm32g030xx.o(RESET) refers to startup_stm32g030xx.o(.text) for Reset_Handler
    startup_stm32g030xx.o(RESET) refers to stm32g0xx_it.o(.text.NMI_Handler) for NMI_Handler
    startup_stm32g030xx.o(RESET) refers to stm32g0xx_it.o(.text.HardFault_Handler) for HardFault_Handler
    startup_stm32g030xx.o(RESET) refers to stm32g0xx_it.o(.text.SVC_Handler) for SVC_Handler
    startup_stm32g030xx.o(RESET) refers to stm32g0xx_it.o(.text.PendSV_Handler) for PendSV_Handler
    startup_stm32g030xx.o(RESET) refers to stm32g0xx_it.o(.text.SysTick_Handler) for SysTick_Handler
    startup_stm32g030xx.o(RESET) refers to stm32g0xx_it.o(.text.DMA1_Channel1_IRQHandler) for DMA1_Channel1_IRQHandler
    startup_stm32g030xx.o(RESET) refers to stm32g0xx_it.o(.text.TIM3_IRQHandler) for TIM3_IRQHandler
    startup_stm32g030xx.o(.text) refers (Special) to heapauxi.o(.text) for __use_two_region_memory
    startup_stm32g030xx.o(.text) refers to system_stm32g0xx.o(.text.SystemInit) for SystemInit
    startup_stm32g030xx.o(.text) refers to __main.o(!!!main) for __main
    startup_stm32g030xx.o(.text) refers to startup_stm32g030xx.o(HEAP) for Heap_Mem
    startup_stm32g030xx.o(.text) refers to startup_stm32g030xx.o(STACK) for Stack_Mem
    oled_driver.o(.text.u8x8_gpio_and_delay_hw) refers to stm32g0xx_ll_utils.o(.text.LL_mDelay) for LL_mDelay
    oled_driver.o(.ARM.exidx.text.u8x8_gpio_and_delay_hw) refers to oled_driver.o(.text.u8x8_gpio_and_delay_hw) for [Anonymous Symbol]
    oled_driver.o(.text.u8x8_byte_hw_i2c) refers to stm32g0xx_hal_i2c.o(.text.HAL_I2C_Master_Transmit) for HAL_I2C_Master_Transmit
    oled_driver.o(.text.u8x8_byte_hw_i2c) refers to oled_driver.o(.bss.u8x8_byte_hw_i2c.buf_idx) for [Anonymous Symbol]
    oled_driver.o(.text.u8x8_byte_hw_i2c) refers to i2c.o(.bss.hi2c1) for hi2c1
    oled_driver.o(.text.u8x8_byte_hw_i2c) refers to oled_driver.o(.bss.u8x8_byte_hw_i2c.buffer) for [Anonymous Symbol]
    oled_driver.o(.ARM.exidx.text.u8x8_byte_hw_i2c) refers to oled_driver.o(.text.u8x8_byte_hw_i2c) for [Anonymous Symbol]
    oled_driver.o(.text.draw) refers to u8g2_font.o(.text.u8g2_SetFontMode) for u8g2_SetFontMode
    oled_driver.o(.text.draw) refers to u8g2_font.o(.text.u8g2_SetFontDirection) for u8g2_SetFontDirection
    oled_driver.o(.text.draw) refers to u8g2_font.o(.text.u8g2_SetFont) for u8g2_SetFont
    oled_driver.o(.text.draw) refers to u8g2_font.o(.text.u8g2_DrawStr) for u8g2_DrawStr
    oled_driver.o(.text.draw) refers to u8g2_hvline.o(.text.u8g2_DrawHLine) for u8g2_DrawHLine
    oled_driver.o(.text.draw) refers to u8g2_hvline.o(.text.u8g2_DrawVLine) for u8g2_DrawVLine
    oled_driver.o(.text.draw) refers to u8g2_fonts.o(.rodata.u8g2_font_inb24_mf) for u8g2_font_inb24_mf
    oled_driver.o(.text.draw) refers to u8g2_fonts.o(.rodata.u8g2_font_inb30_mn) for u8g2_font_inb30_mn
    oled_driver.o(.text.draw) refers to u8g2_fonts.o(.rodata.u8g2_font_4x6_tr) for u8g2_font_4x6_tr
    oled_driver.o(.ARM.exidx.text.draw) refers to oled_driver.o(.text.draw) for [Anonymous Symbol]
    main.o(.text) refers (Special) to _printf_percent.o(.ARM.Collect$$_printf_percent$$00000000) for _printf_percent
    main.o(.text) refers (Special) to _printf_d.o(.ARM.Collect$$_printf_percent$$00000009) for _printf_d
    main.o(.text) refers (Special) to _printf_u.o(.ARM.Collect$$_printf_percent$$0000000A) for _printf_u
    main.o(.text) refers (Special) to _printf_f.o(.ARM.Collect$$_printf_percent$$00000003) for _printf_f
    main.o(.text) refers (Special) to _printf_dec.o(.text) for _printf_int_dec
    main.o(.text) refers (Special) to printf1.o(x$fpl$printf1) for _printf_fp_dec
    main.o(.text.main) refers (Special) to _printf_percent.o(.ARM.Collect$$_printf_percent$$00000000) for _printf_percent
    main.o(.text.main) refers (Special) to _printf_d.o(.ARM.Collect$$_printf_percent$$00000009) for _printf_d
    main.o(.text.main) refers (Special) to _printf_u.o(.ARM.Collect$$_printf_percent$$0000000A) for _printf_u
    main.o(.text.main) refers (Special) to _printf_f.o(.ARM.Collect$$_printf_percent$$00000003) for _printf_f
    main.o(.text.main) refers (Special) to _printf_dec.o(.text) for _printf_int_dec
    main.o(.text.main) refers (Special) to printf1.o(x$fpl$printf1) for _printf_fp_dec
    main.o(.text.main) refers to stm32g0xx_hal.o(.text.HAL_Init) for HAL_Init
    main.o(.text.main) refers to main.o(.text.SystemClock_Config) for SystemClock_Config
[...]
    __arm_cp.2_4                             0x080037bc   Number         4  stm32g0xx_ll_tim.o(.text.LL_TIM_Init)
    __arm_cp.2_5                             0x080037c0   Number         4  stm32g0xx_ll_tim.o(.text.LL_TIM_Init)
    [Anonymous Symbol]                       0x080037c4   Section        0  stm32g0xx_ll_utils.o(.text.LL_mDelay)
    __arm_cp.1_0                             0x08003804   Number         4  stm32g0xx_ll_utils.o(.text.LL_mDelay)
    [Anonymous Symbol]                       0x08003808   Section        0  adc.o(.text.MX_ADC1_Init)
    __arm_cp.0_0                             0x080038a4   Number         4  adc.o(.text.MX_ADC1_Init)
    __arm_cp.0_1                             0x080038a8   Number         4  adc.o(.text.MX_ADC1_Init)
    __arm_cp.0_2                             0x080038ac   Number         4  adc.o(.text.MX_ADC1_Init)
    __arm_cp.0_3                             0x080038b0   Number         4  adc.o(.text.MX_ADC1_Init)
    __arm_cp.0_4                             0x080038b4   Number         4  adc.o(.text.MX_ADC1_Init)
    [Anonymous Symbol]                       0x080038b8   Section        0  dma.o(.text.MX_DMA_Init)
    __arm_cp.0_0                             0x080038e4   Number         4  dma.o(.text.MX_DMA_Init)
    [Anonymous Symbol]                       0x080038e8   Section        0  gpio.o(.text.MX_GPIO_Init)
    [Anonymous Symbol]                       0x08003964   Section        0  i2c.o(.text.MX_I2C1_Init)
    __arm_cp.0_0                             0x080039b0   Number         4  i2c.o(.text.MX_I2C1_Init)
    __arm_cp.0_1                             0x080039b4   Number         4  i2c.o(.text.MX_I2C1_Init)
    __arm_cp.0_2                             0x080039b8   Number         4  i2c.o(.text.MX_I2C1_Init)
    [Anonymous Symbol]                       0x080039bc   Section        0  spi.o(.text.MX_SPI1_Init)
    __arm_cp.0_1                             0x08003a64   Number         4  spi.o(.text.MX_SPI1_Init)
    [Anonymous Symbol]                       0x08003a68   Section        0  tim.o(.text.MX_TIM1_Init)
    __arm_cp.0_0                             0x08003acc   Number         4  tim.o(.text.MX_TIM1_Init)
    __arm_cp.0_1                             0x08003ad0   Number         4  tim.o(.text.MX_TIM1_Init)
    [Anonymous Symbol]                       0x08003ad4   Section        0  tim.o(.text.MX_TIM3_Init)
    __arm_cp.1_0                             0x08003bf0   Number         4  tim.o(.text.MX_TIM3_Init)
    __arm_cp.1_1                             0x08003bf4   Number         4  tim.o(.text.MX_TIM3_Init)
    __arm_cp.1_2                             0x08003bf8   Number         4  tim.o(.text.MX_TIM3_Init)
    __arm_cp.1_3                             0x08003bfc   Number         4  tim.o(.text.MX_TIM3_Init)
    __arm_cp.1_4                             0x08003c00   Number         4  tim.o(.text.MX_TIM3_Init)
    __arm_cp.1_5                             0x08003c04   Number         4  tim.o(.text.MX_TIM3_Init)
    __arm_cp.1_6                             0x08003c08   Number         4  tim.o(.text.MX_TIM3_Init)
    __arm_cp.1_7                             0x08003c0c   Number         4  tim.o(.text.MX_TIM3_Init)
    __arm_cp.1_8                             0x08003c10   Number         4  tim.o(.text.MX_TIM3_Init)
    [Anonymous Symbol]                       0x08003c14   Section        0  stm32g0xx_it.o(.text.NMI_Handler)
    [Anonymous Symbol]                       0x08003c16   Section        0  stm32g0xx_it.o(.text.PendSV_Handler)
    [Anonymous Symbol]                       0x08003c18   Section        0  stm32g0xx_it.o(.text.SVC_Handler)
    [Anonymous Symbol]                       0x08003c1a   Section        0  stm32g0xx_it.o(.text.SysTick_Handler)
    [Anonymous Symbol]                       0x08003c24   Section        0  main.o(.text.SystemClock_Config)
    __arm_cp.1_0                             0x08003d08   Number         4  main.o(.text.SystemClock_Config)
    __arm_cp.1_1                             0x08003d0c   Number         4  main.o(.text.SystemClock_Config)
    __arm_cp.1_2                             0x08003d10   Number         4  main.o(.text.SystemClock_Config)
    __arm_cp.1_3                             0x08003d14   Number         4  main.o(.text.SystemClock_Config)
    __arm_cp.1_4                             0x08003d18   Number         4  main.o(.text.SystemClock_Config)
    [Anonymous Symbol]                       0x08003d1c   Section        0  system_stm32g0xx.o(.text.SystemInit)
    [Anonymous Symbol]                       0x08003d20   Section        0  stm32g0xx_it.o(.text.TIM3_IRQHandler)
    __arm_cp.6_0                             0x08003d90   Number         4  stm32g0xx_it.o(.text.TIM3_IRQHandler)
    __arm_cp.6_1                             0x08003d94   Number         4  stm32g0xx_it.o(.text.TIM3_IRQHandler)
    __arm_cp.6_2                             0x08003d98   Number         4  stm32g0xx_it.o(.text.TIM3_IRQHandler)
    __arm_cp.6_3                             0x08003d9c   Number         4  stm32g0xx_it.o(.text.TIM3_IRQHandler)
    __arm_cp.6_4                             0x08003da0   Number         4  stm32g0xx_it.o(.text.TIM3_IRQHandler)
    __arm_cp.6_5                             0x08003da4   Number         4  stm32g0xx_it.o(.text.TIM3_IRQHandler)
    __arm_cp.6_6                             0x08003da8   Number         4  stm32g0xx_it.o(.text.TIM3_IRQHandler)
    __arm_cp.6_7                             0x08003dac   Number         4  stm32g0xx_it.o(.text.TIM3_IRQHandler)
    [Anonymous Symbol]                       0x08003db0   Section        0  main.o(.text.main)
    __arm_cp.0_0                             0x08003f7c   Number         4  main.o(.text.main)
    __arm_cp.0_1                             0x08003f80   Number         4  main.o(.text.main)
    __arm_cp.0_2                             0x08003f84   Number         4  main.o(.text.main)
    __arm_cp.0_3                             0x08003f88   Number         4  main.o(.text.main)
    __arm_cp.0_4                             0x08003f8c   Number         4  main.o(.text.main)
    __arm_cp.0_5                             0x08003f90   Number         4  main.o(.text.main)
    __arm_cp.0_6                             0x08003f94   Number         4  main.o(.text.main)
    __arm_cp.0_7                             0x08003f98   Number         4  main.o(.text.main)
    __arm_cp.0_8                             0x08003f9c   Number         4  main.o(.text.main)
    __arm_cp.0_9                             0x08003fa0   Number         4  main.o(.text.main)
    __arm_cp.0_10                            0x08003fa4   Number         4  main.o(.text.main)
    __arm_cp.0_11                            0x08003fa8   Number         4  main.o(.text.main)
    __arm_cp.0_12                            0x08003fac   Number         4  main.o(.text.main)
    __arm_cp.0_13                            0x08003fb0   Number         4  main.o(.text.main)
    __arm_cp.0_14                            0x08003fb4   Number         4  main.o(.text.main)
    __arm_cp.0_16                            0x08003fc0   Number         4  main.o(.text.main)
    __arm_cp.0_19                            0x08003fd4   Number         4  main.o(.text.main)
    __arm_cp.0_24                            0x08004000   Number         4  main.o(.text.main)
    __arm_cp.0_25                            0x08004004   Number         4  main.o(.text.main)
    __arm_cp.0_26                            0x08004008   Number         4  main.o(.text.main)
    [Anonymous Symbol]                       0x08004010   Section        0  u8g2_hvline.o(.text.u8g2_DrawHVLine)
    [Anonymous Symbol]                       0x080040f8   Section        0  u8g2_font.o(.text.u8g2_DrawStr)
    __arm_cp.22_0                            0x08004104   Number         4  u8g2_font.o(.text.u8g2_DrawStr)
    [Anonymous Symbol]                       0x08004108   Section        0  u8g2_buffer.o(.text.u8g2_FirstPage)
    [Anonymous Symbol]                       0x08004132   Section        0  u8g2_intersection.o(.text.u8g2_IsIntersection)
    [Anonymous Symbol]                       0x08004194   Section        0  u8g2_buffer.o(.text.u8g2_NextPage)
    [Anonymous Symbol]                       0x080041de   Section        0  u8g2_buffer.o(.text.u8g2_SetBufferCurrTileRow)
    [Anonymous Symbol]                       0x080041f8   Section        0  u8g2_font.o(.text.u8g2_SetFont)
    [Anonymous Symbol]                       0x080042ae   Section        0  u8g2_font.o(.text.u8g2_SetFontDirection)
    [Anonymous Symbol]                       0x080042b4   Section        0  u8g2_font.o(.text.u8g2_SetFontMode)
    [Anonymous Symbol]                       0x080042bc   Section        0  u8g2_font.o(.text.u8g2_SetFontPosBaseline)
    __arm_cp.35_0                            0x080042c4   Number         4  u8g2_font.o(.text.u8g2_SetFontPosBaseline)
    [Anonymous Symbol]                       0x080042c8   Section        0  u8g2_setup.o(.text.u8g2_SetupBuffer)
    __arm_cp.2_0                             0x08004318   Number         4  u8g2_setup.o(.text.u8g2_SetupBuffer)
    [Anonymous Symbol]                       0x0800431c   Section        0  u8g2_d_setup.o(.text.u8g2_Setup_ssd1306_i2c_128x64_noname_f)
    __arm_cp.0_0                             0x0800434c   Number         4  u8g2_d_setup.o(.text.u8g2_Setup_ssd1306_i2c_128x64_noname_f)
    __arm_cp.0_1                             0x08004350   Number         4  u8g2_d_setup.o(.text.u8g2_Setup_ssd1306_i2c_128x64_noname_f)
    __arm_cp.0_2                             0x08004354   Number         4  u8g2_d_setup.o(.text.u8g2_Setup_ssd1306_i2c_128x64_noname_f)
    [Anonymous Symbol]                       0x08004358   Section        0  u8g2_font.o(.text.u8g2_add_vector_x)
    [Anonymous Symbol]                       0x0800437c   Section        0  u8g2_font.o(.text.u8g2_add_vector_y)
    [Anonymous Symbol]                       0x080043a0   Section        0  u8g2_hvline.o(.text.u8g2_draw_hv_line_2dir)
    [Anonymous Symbol]                       0x080043b6   Section        0  u8g2_setup.o(.text.u8g2_draw_l90_r0)
    u8g2_draw_string                         0x080043c9   Thumb Code   248  u8g2_font.o(.text.u8g2_draw_string)
    [Anonymous Symbol]                       0x080043c8   Section        0  u8g2_font.o(.text.u8g2_draw_string)
    __arm_cp.23_0                            0x080044c0   Number         4  u8g2_font.o(.text.u8g2_draw_string)
    [Anonymous Symbol]                       0x080044c4   Section        0  u8g2_font.o(.text.u8g2_font_calc_vref_font)
    [Anonymous Symbol]                       0x080044c8   Section        0  u8g2_font.o(.text.u8g2_font_decode_glyph)
    [Anonymous Symbol]                       0x08004794   Section        0  u8g2_font.o(.text.u8g2_font_decode_len)
    [Anonymous Symbol]                       0x080048a4   Section        0  u8g2_font.o(.text.u8g2_font_get_glyph_data)
    u8g2_font_get_word                       0x08004989   Thumb Code    14  u8g2_font.o(.text.u8g2_font_get_word)
    [Anonymous Symbol]                       0x08004988   Section        0  u8g2_font.o(.text.u8g2_font_get_word)
    [Anonymous Symbol]                       0x08004996   Section        0  u8g2_ll_hvline.o(.text.u8g2_ll_hvline_vertical_top_lsb)
    [Anonymous Symbol]                       0x08004bbc   Section        0  u8g2_d_memory.o(.text.u8g2_m_16_8_f)
    __arm_cp.0_0                             0x08004bc4   Number         4  u8g2_d_memory.o(.text.u8g2_m_16_8_f)
    u8g2_send_buffer                         0x08004bc9   Thumb Code    80  u8g2_buffer.o(.text.u8g2_send_buffer)
    [Anonymous Symbol]                       0x08004bc8   Section        0  u8g2_buffer.o(.text.u8g2_send_buffer)
    __arm_cp.2_0                             0x08004c18   Number         4  u8g2_buffer.o(.text.u8g2_send_buffer)
    [Anonymous Symbol]                       0x08004c1c   Section        0  u8g2_setup.o(.text.u8g2_update_dimension_r0)
    [Anonymous Symbol]                       0x08004c50   Section        0  u8g2_setup.o(.text.u8g2_update_page_win_r0)
    [Anonymous Symbol]                       0x08004cb2   Section        0  u8x8_display.o(.text.u8x8_DrawTile)
    [Anonymous Symbol]                       0x08004cd0   Section        0  u8x8_display.o(.text.u8x8_InitDisplay)
    [Anonymous Symbol]                       0x08004cde   Section        0  u8x8_display.o(.text.u8x8_RefreshDisplay)
    [Anonymous Symbol]                       0x08004cec   Section        0  u8x8_display.o(.text.u8x8_SetPowerSave)
    [Anonymous Symbol]                       0x08004cfa   Section        0  u8x8_setup.o(.text.u8x8_Setup)
    [Anonymous Symbol]                       0x08004d20   Section        0  u8x8_display.o(.text.u8x8_SetupMemory)
    [Anonymous Symbol]                       0x08004d30   Section        0  u8x8_8x8.o(.text.u8x8_ascii_next)
    __arm_cp.7_0                             0x08004d40   Number         4  u8x8_8x8.o(.text.u8x8_ascii_next)
    [Anonymous Symbol]                       0x08004d44   Section        0  u8x8_byte.o(.text.u8x8_byte_EndTransfer)
    [Anonymous Symbol]                       0x08004d52   Section        0  u8x8_byte.o(.text.u8x8_byte_SendByte)
    [Anonymous Symbol]                       0x08004d64   Section        0  u8x8_byte.o(.text.u8x8_byte_SendBytes)
    [Anonymous Symbol]                       0x08004d72   Section        0  u8x8_byte.o(.text.u8x8_byte_StartTransfer)
    [Anonymous Symbol]                       0x08004d80   Section        0  oled_driver.o(.text.u8x8_byte_hw_i2c)
    __arm_cp.1_0                             0x08004e3c   Number         4  oled_driver.o(.text.u8x8_byte_hw_i2c)
    __arm_cp.1_1                             0x08004e40   Number         4  oled_driver.o(.text.u8x8_byte_hw_i2c)
    __arm_cp.1_2                             0x08004e44   Number         4  oled_driver.o(.text.u8x8_byte_hw_i2c)
    [Anonymous Symbol]                       0x08004e48   Section        0  u8x8_cad.o(.text.u8x8_cad_EndTransfer)
    [Anonymous Symbol]                       0x08004e56   Section        0  u8x8_cad.o(.text.u8x8_cad_SendArg)
    [Anonymous Symbol]                       0x08004e64   Section        0  u8x8_cad.o(.text.u8x8_cad_SendCmd)
    [Anonymous Symbol]                       0x08004e72   Section        0  u8x8_cad.o(.text.u8x8_cad_SendData)
    [Anonymous Symbol]                       0x08004e80   Section        0  u8x8_cad.o(.text.u8x8_cad_SendSequence)
    [Anonymous Symbol]                       0x08004eec   Section        0  u8x8_cad.o(.text.u8x8_cad_StartTransfer)
    [Anonymous Symbol]                       0x08004efc   Section        0  u8x8_cad.o(.text.u8x8_cad_ssd13xx_fast_i2c)
    __arm_cp.18_0                            0x080050b0   Number         4  u8x8_cad.o(.text.u8x8_cad_ssd13xx_fast_i2c)
    [Anonymous Symbol]                       0x080050b4   Section        0  u8x8_display.o(.text.u8x8_d_helper_display_init)
    [Anonymous Symbol]                       0x0800511e   Section        0  u8x8_display.o(.text.u8x8_d_helper_display_setup_memory)
    [Anonymous Symbol]                       0x08005128   Section        0  u8x8_d_ssd1306_128x64_noname.o(.text.u8x8_d_ssd1306_128x64_noname)
    __arm_cp.0_0                             0x08005168   Number         4  u8x8_d_ssd1306_128x64_noname.o(.text.u8x8_d_ssd1306_128x64_noname)
    __arm_cp.0_1                             0x0800516c   Number         4  u8x8_d_ssd1306_128x64_noname.o(.text.u8x8_d_ssd1306_128x64_noname)
    u8x8_d_ssd1306_sh1106_generic            0x08005171   Thumb Code   208  u8x8_d_ssd1306_128x64_noname.o(.text.u8x8_d_ssd1306_sh1106_generic)
    [Anonymous Symbol]                       0x08005170   Section        0  u8x8_d_ssd1306_128x64_noname.o(.text.u8x8_d_ssd1306_sh1106_generic)
    __arm_cp.1_0                             0x08005240   Number         4  u8x8_d_ssd1306_128x64_noname.o(.text.u8x8_d_ssd1306_sh1106_generic)
    __arm_cp.1_1                             0x08005244   Number         4  u8x8_d_ssd1306_128x64_noname.o(.text.u8x8_d_ssd1306_sh1106_generic)
    __arm_cp.1_2                             0x08005248   Number         4  u8x8_d_ssd1306_128x64_noname.o(.text.u8x8_d_ssd1306_sh1106_generic)
    __arm_cp.1_3                             0x0800524c   Number         4  u8x8_d_ssd1306_128x64_noname.o(.text.u8x8_d_ssd1306_sh1106_generic)
    [Anonymous Symbol]                       0x08005250   Section        0  oled_driver.o(.text.u8x8_gpio_and_delay_hw)
    [Anonymous Symbol]                       0x0800532a   Section        0  u8x8_gpio.o(.text.u8x8_gpio_call)
    u8x8_i2c_data_transfer                   0x08005335   Thumb Code    44  u8x8_cad.o(.text.u8x8_i2c_data_transfer)
    [Anonymous Symbol]                       0x08005334   Section        0  u8x8_cad.o(.text.u8x8_i2c_data_transfer)
    [Anonymous Symbol]                       0x08005360   Section        0  u8x8_8x8.o(.text.u8x8_utf8_init)
    .text_divfast                            0x08005368   Section      502  aeabi_sdivfast.o(.text_divfast)
    i.__ARM_common_ll_muluu                  0x0800555e   Section        0  btod.o(i.__ARM_common_ll_muluu)
    i.__ARM_fpclassify                       0x08005590   Section        0  fpclassify.o(i.__ARM_fpclassify)
    i._is_digit                              0x080055bc   Section        0  __printf_wp.o(i._is_digit)
    locale$$code                             0x080055cc   Section       44  lc_numeric_c.o(locale$$code)
    x$fpl$printf1                            0x080055f8   Section       16  printf1.o(x$fpl$printf1)
    ddiv_reciptbl                            0x08005608   Data         128  ddiv.o(.constdata)
    .constdata                               0x08005608   Section      128  ddiv.o(.constdata)
    x$fpl$usenofp                            0x08005608   Section        0  usenofp.o(x$fpl$usenofp)
    fdiv_tab                                 0x08005688   Data          64  fdiv.o(.constdata)
    .constdata                               0x08005688   Section       64  fdiv.o(.constdata)
    tenpwrs_x                                0x080056c8   Data          60  bigflt0.o(.constdata)
    .constdata                               0x080056c8   Section      148  bigflt0.o(.constdata)
    tenpwrs_i                                0x08005704   Data          64  bigflt0.o(.constdata)
    u8x8_d_ssd1306_128x64_noname_flip0_seq   0x08007d42   Data           7  u8x8_d_ssd1306_128x64_noname.o(.rodata.u8x8_d_ssd1306_128x64_noname_flip0_seq)
    [Anonymous Symbol]                       0x08007d42   Section        0  u8x8_d_ssd1306_128x64_noname.o(.rodata.u8x8_d_ssd1306_128x64_noname_flip0_seq)
    u8x8_d_ssd1306_128x64_noname_flip1_seq   0x08007d49   Data           7  u8x8_d_ssd1306_128x64_noname.o(.rodata.u8x8_d_ssd1306_128x64_noname_flip1_seq)
    [Anonymous Symbol]                       0x08007d49   Section        0  u8x8_d_ssd1306_128x64_noname.o(.rodata.u8x8_d_ssd1306_128x64_noname_flip1_seq)
    u8x8_d_ssd1306_128x64_noname_init_seq    0x08007d50   Data          53  u8x8_d_ssd1306_128x64_noname.o(.rodata.u8x8_d_ssd1306_128x64_noname_init_seq)
    [Anonymous Symbol]                       0x08007d50   Section        0  u8x8_d_ssd1306_128x64_noname.o(.rodata.u8x8_d_ssd1306_128x64_noname_init_seq)
    u8x8_d_ssd1306_128x64_noname_powersave0_seq 0x08007d85   Data           5  u8x8_d_ssd1306_128x64_noname.o(.rodata.u8x8_d_ssd1306_128x64_noname_powersave0_seq)
    [Anonymous Symbol]                       0x08007d85   Section        0  u8x8_d_ssd1306_128x64_noname.o(.rodata.u8x8_d_ssd1306_128x64_noname_powersave0_seq)
    u8x8_d_ssd1306_128x64_noname_powersave1_seq 0x08007d8a   Data           5  u8x8_d_ssd1306_128x64_noname.o(.rodata.u8x8_d_ssd1306_128x64_noname_powersave1_seq)
    [Anonymous Symbol]                       0x08007d8a   Section        0  u8x8_d_ssd1306_128x64_noname.o(.rodata.u8x8_d_ssd1306_128x64_noname_powersave1_seq)
    u8x8_ssd1306_128x64_noname_display_info  0x08007d90   Data          24  u8x8_d_ssd1306_128x64_noname.o(.rodata.u8x8_ssd1306_128x64_noname_display_info)
    [Anonymous Symbol]                       0x08007d90   Section        0  u8x8_d_ssd1306_128x64_noname.o(.rodata.u8x8_ssd1306_128x64_noname_display_info)
    locale$$data                             0x08007dc8   Section       28  lc_numeric_c.o(locale$$data)
    __lcnum_c_name                           0x08007dcc   Data           2  lc_numeric_c.o(locale$$data)
    __lcnum_c_start                          0x08007dd4   Data           0  lc_numeric_c.o(locale$$data)
    __lcnum_c_point                          0x08007de0   Data           0  lc_numeric_c.o(locale$$data)
    __lcnum_c_thousands                      0x08007de2   Data           0  lc_numeric_c.o(locale$$data)
    __lcnum_c_grouping                       0x08007de3   Data           0  lc_numeric_c.o(locale$$data)
    __lcnum_c_end                            0x08007de4   Data           0  lc_numeric_c.o(locale$$data)
    .bss                                     0x20000010   Section       96  libspace.o(.bss)
    u8g2                                     0x200001b4   Data         148  main.o(.bss.u8g2)
    [Anonymous Symbol]                       0x200001b4   Section        0  main.o(.bss.u8g2)
    u8g2_m_16_8_f.buf                        0x20000248   Data        1024  u8g2_d_memory.o(.bss.u8g2_m_16_8_f.buf)
    [Anonymous Symbol]                       0x20000248   Section        0  u8g2_d_memory.o(.bss.u8g2_m_16_8_f.buf)
    u8x8_byte_hw_i2c.buf_idx                 0x20000648   Data           1  oled_driver.o(.bss.u8x8_byte_hw_i2c.buf_idx)
    [Anonymous Symbol]                       0x20000648   Section        0  oled_driver.o(.bss.u8x8_byte_hw_i2c.buf_idx)
    u8x8_byte_hw_i2c.buffer                  0x20000649   Data          32  oled_driver.o(.bss.u8x8_byte_hw_i2c.buffer)
    [Anonymous Symbol]                       0x20000649   Section        0  oled_driver.o(.bss.u8x8_byte_hw_i2c.buffer)
    u8x8_cad_ssd13xx_fast_i2c.in_transfer    0x20000669   Data           1  u8x8_cad.o(.bss.u8x8_cad_ssd13xx_fast_i2c.in_transfer)
    [Anonymous Symbol]                       0x20000669   Section        0  u8x8_cad.o(.bss.u8x8_cad_ssd13xx_fast_i2c.in_transfer)
    Heap_Mem                                 0x20000670   Data         512  startup_stm32g030xx.o(HEAP)
    HEAP                                     0x20000670   Section      512  startup_stm32g030xx.o(HEAP)
    Stack_Mem                                0x20000870   Data        1024  startup_stm32g030xx.o(STACK)
    STACK                                    0x20000870   Section     1024  startup_stm32g030xx.o(STACK)
    __initial_sp                             0x20000c70   Data           0  startup_stm32g030xx.o(STACK)

    Global Symbols

    Symbol Name                              Value     Ov Type        Size  Object(Section)

    BuildAttributes$$THM_ISAv3M$S$PE$A:L22$X:L11$S22$IEEE1$IW$~IW$USESV6$~STKCKD$USESV7$~SHL$OTIME$ROPI$IEEEJ$EBA8$UX$STANDARDLIB$REQ8$PRES8$EABIv2 0x00000000   Number         0  anon$$obj.o ABSOLUTE
    _printf_flags                            0x00000000   Number         0  printf_stubs.o ABSOLUTE
    _printf_return_value                     0x00000000   Number         0  printf_stubs.o ABSOLUTE
    _printf_sizespec                         0x00000000   Number         0  printf_stubs.o ABSOLUTE
    _printf_widthprec                        0x00000000   Number         0  printf_stubs.o ABSOLUTE
    __ARM_exceptions_init                     - Undefined Weak Reference
    __alloca_initialize                       - Undefined Weak Reference
    __arm_preinit_                            - Undefined Weak Reference
    __arm_relocate_pie_                       - Undefined Weak Reference
    __cpp_initialize__aeabi_                  - Undefined Weak Reference
    __cxa_finalize                            - Undefined Weak Reference
    __sigvec_lookup                           - Undefined Weak Reference
    _atexit_init                              - Undefined Weak Reference
    _call_atexit_fns                          - Undefined Weak Reference
    _clock_init                               - Undefined Weak Reference
    _fp_trap_init                             - Undefined Weak Reference
    _fp_trap_shutdown                         - Undefined Weak Reference
    _get_lc_collate                           - Undefined Weak Reference
    _get_lc_ctype                             - Undefined Weak Reference
    _get_lc_monetary                          - Undefined Weak Reference
    _get_lc_time                              - Undefined Weak Reference
    _getenv_init                              - Undefined Weak Reference
    _handle_redirection                       - Undefined Weak Reference
    _init_alloc                               - Undefined Weak Reference
    _init_user_alloc                          - Undefined Weak Reference
    _initio                                   - Undefined Weak Reference
    _printf_post_padding                      - Undefined Weak Reference
    _printf_pre_padding                       - Undefined Weak Reference
    _printf_truncate_signed                   - Undefined Weak Reference
    _printf_truncate_unsigned                 - Undefined Weak Reference
    _rand_init                                - Undefined Weak Reference
    _signal_finish                            - Undefined Weak Reference
    _signal_init                              - Undefined Weak Reference
    _terminate_alloc                          - Undefined Weak Reference
    _terminate_user_alloc                     - Undefined Weak Reference
    _terminateio                              - Undefined Weak Reference
    __Vectors_Size                           0x000000c0   Number         0  startup_stm32g030xx.o ABSOLUTE
    __Vectors                                0x08000000   Data           4  startup_stm32g030xx.o(RESET)
    __Vectors_End                            0x080000c0   Data           0  startup_stm32g030xx.o(RESET)
    __main                                   0x080000c1   Thumb Code     8  __main.o(!!!main)
    __scatterload                            0x080000c9   Thumb Code     0  __scatter.o(!!!scatter)
    __scatterload_rt2                        0x080000c9   Thumb Code    74  __scatter.o(!!!scatter)
    __scatterload_rt2_thumb_only             0x080000c9   Thumb Code     0  __scatter.o(!!!scatter)
    __scatterload_loop                       0x080000d3   Thumb Code     0  __scatter.o(!!!scatter)
    __scatterload_copy                       0x0800011d   Thumb Code    26  __scatter_copy.o(!!handler_copy)
    __scatterload_null                       0x08000139   Thumb Code     2  __scatter.o(!!handler_null)
    __scatterload_zeroinit                   0x0800013d   Thumb Code    28  __scatter_zi.o(!!handler_zi)
    _printf_percent                          0x08000159   Thumb Code     0  _printf_percent.o(.ARM.Collect$$_printf_percent$$00000000)
    _printf_f                                0x0800015b   Thumb Code     0  _printf_f.o(.ARM.Collect$$_printf_percent$$00000003)
    _printf_d                                0x08000165   Thumb Code     0  _printf_d.o(.ARM.Collect$$_printf_percent$$00000009)
    _printf_u                                0x0800016f   Thumb Code     0  _printf_u.o(.ARM.Collect$$_printf_percent$$0000000A)
    _printf_percent_end                      0x08000179   Thumb Code     0  _printf_percent_end.o(.ARM.Collect$$_printf_percent$$00000017)
    __rt_lib_init                            0x0800017d   Thumb Code     0  libinit.o(.ARM.Collect$$libinit$$00000000)
    __rt_lib_init_fp_1                       0x0800017f   Thumb Code     0  libinit2.o(.ARM.Collect$$libinit$$00000002)
    __rt_lib_init_heap_1                     0x0800017f   Thumb Code     0  libinit2.o(.ARM.Collect$$libinit$$0000000C)
    __rt_lib_init_lc_common                  0x0800017f   Thumb Code     0  libinit2.o(.ARM.Collect$$libinit$$00000011)
    __rt_lib_init_preinit_1                  0x0800017f   Thumb Code     0  libinit2.o(.ARM.Collect$$libinit$$00000006)
    __rt_lib_init_rand_1                     0x0800017f   Thumb Code     0  libinit2.o(.ARM.Collect$$libinit$$00000010)
    __rt_lib_init_relocate_pie_1             0x0800017f   Thumb Code     0  libinit2.o(.ARM.Collect$$libinit$$00000004)
    __rt_lib_init_user_alloc_1               0x0800017f   Thumb Code     0  libinit2.o(.ARM.Collect$$libinit$$0000000E)
    __rt_lib_init_lc_collate_1               0x08000185   Thumb Code     0  libinit2.o(.ARM.Collect$$libinit$$00000013)
    __rt_lib_init_lc_ctype_1                 0x08000185   Thumb Code     0  libinit2.o(.ARM.Collect$$libinit$$00000015)
    __rt_lib_init_lc_monetary_1              0x08000185   Thumb Code     0  libinit2.o(.ARM.Collect$$libinit$$00000017)
    __rt_lib_init_lc_numeric_2               0x08000185   Thumb Code     0  libinit2.o(.ARM.Collect$$libinit$$00000018)
    __rt_lib_init_alloca_1                   0x0800018f   Thumb Code     0  libinit2.o(.ARM.Collect$$libinit$$00000030)
    __rt_lib_init_argv_1                     0x0800018f   Thumb Code     0  libinit2.o(.ARM.Collect$$libinit$$0000002E)
    __rt_lib_init_atexit_1                   0x0800018f   Thumb Code     0  libinit2.o(.ARM.Collect$$libinit$$0000001D)
    __rt_lib_init_clock_1                    0x0800018f   Thumb Code     0  libinit2.o(.ARM.Collect$$libinit$$00000023)
    __rt_lib_init_cpp_1                      0x0800018f   Thumb Code     0  libinit2.o(.ARM.Collect$$libinit$$00000034)
    __rt_lib_init_exceptions_1               0x0800018f   Thumb Code     0  libinit2.o(.ARM.Collect$$libinit$$00000032)
    __rt_lib_init_fp_trap_1                  0x0800018f   Thumb Code     0  libinit2.o(.ARM.Collect$$libinit$$00000021)
    __rt_lib_init_getenv_1                   0x0800018f   Thumb Code     0  libinit2.o(.ARM.Collect$$libinit$$00000025)
    __rt_lib_init_lc_numeric_1               0x0800018f   Thumb Code     0  libinit2.o(.ARM.Collect$$libinit$$00000019)
    __rt_lib_init_lc_time_1                  0x0800018f   Thumb Code     0  libinit2.o(.ARM.Collect$$libinit$$0000001B)
    __rt_lib_init_return                     0x0800018f   Thumb Code     0  libinit2.o(.ARM.Collect$$libinit$$00000035)
    __rt_lib_init_signal_1                   0x0800018f   Thumb Code     0  libinit2.o(.ARM.Collect$$libinit$$0000001F)
    __rt_lib_init_stdio_1                    0x0800018f   Thumb Code     0  libinit2.o(.ARM.Collect$$libinit$$00000027)
    __rt_lib_shutdown                        0x08000191   Thumb Code     0  libshutdown.o(.ARM.Collect$$libshutdown$$00000000)
    __rt_lib_shutdown_cpp_1                  0x08000193   Thumb Code     0  libshutdown2.o(.ARM.Collect$$libshutdown$$00000002)
    __rt_lib_shutdown_fp_trap_1              0x08000193   Thumb Code     0  libshutdown2.o(.ARM.Collect$$libshutdown$$00000007)
    __rt_lib_shutdown_heap_1                 0x08000193   Thumb Code     0  libshutdown2.o(.ARM.Collect$$libshutdown$$0000000F)
    __rt_lib_shutdown_return                 0x08000193   Thumb Code     0  libshutdown2.o(.ARM.Collect$$libshutdown$$00000010)
    __rt_lib_shutdown_signal_1               0x08000193   Thumb Code     0  libshutdown2.o(.ARM.Collect$$libshutdown$$0000000A)
    __rt_lib_shutdown_stdio_1                0x08000193   Thumb Code     0  libshutdown2.o(.ARM.Collect$$libshutdown$$00000004)
    __rt_lib_shutdown_user_alloc_1           0x08000193   Thumb Code     0  libshutdown2.o(.ARM.Collect$$libshutdown$$0000000C)
    __rt_entry                               0x08000195   Thumb Code     0  __rtentry.o(.ARM.Collect$$rtentry$$00000000)
    __rt_entry_presh_1                       0x08000195   Thumb Code     0  __rtentry2.o(.ARM.Collect$$rtentry$$00000002)
    __rt_entry_sh                            0x08000195   Thumb Code     0  __rtentry4.o(.ARM.Collect$$rtentry$$00000004)
    __rt_entry_li                            0x0800019b   Thumb Code     0  __rtentry2.o(.ARM.Collect$$rtentry$$0000000A)
    __rt_entry_postsh_1                      0x0800019b   Thumb Code     0  __rtentry2.o(.ARM.Collect$$rtentry$$00000009)
    __rt_entry_main                          0x0800019f   Thumb Code     0  __rtentry2.o(.ARM.Collect$$rtentry$$0000000D)
    __rt_entry_postli_1                      0x0800019f   Thumb Code     0  __rtentry2.o(.ARM.Collect$$rtentry$$0000000C)
    __rt_exit                                0x080001a7   Thumb Code     0  rtexit.o(.ARM.Collect$$rtexit$$00000000)
    __rt_exit_ls                             0x080001a9   Thumb Code     0  rtexit2.o(.ARM.Collect$$rtexit$$00000003)
    __rt_exit_prels_1                        0x080001a9   Thumb Code     0  rtexit2.o(.ARM.Collect$$rtexit$$00000002)
    __rt_exit_exit                           0x080001ad   Thumb Code     0  rtexit2.o(.ARM.Collect$$rtexit$$00000004)
    Reset_Handler                            0x080001b5   Thumb Code     8  startup_stm32g030xx.o(.text)
    ADC1_IRQHandler                          0x080001c7   Thumb Code     0  startup_stm32g030xx.o(.text)
    DMA1_Ch4_5_DMAMUX1_OVR_IRQHandler        0x080001c7   Thumb Code     0  startup_stm32g030xx.o(.text)
    DMA1_Channel2_3_IRQHandler               0x080001c7   Thumb Code     0  startup_stm32g030xx.o(.text)
    EXTI0_1_IRQHandler                       0x080001c7   Thumb Code     0  startup_stm32g030xx.o(.text)
    EXTI2_3_IRQHandler                       0x080001c7   Thumb Code     0  startup_stm32g030xx.o(.text)
    EXTI4_15_IRQHandler                      0x080001c7   Thumb Code     0  startup_stm32g030xx.o(.text)
    FLASH_IRQHandler                         0x080001c7   Thumb Code     0  startup_stm32g030xx.o(.text)
    I2C1_IRQHandler                          0x080001c7   Thumb Code     0  startup_stm32g030xx.o(.text)
    I2C2_IRQHandler                          0x080001c7   Thumb Code     0  startup_stm32g030xx.o(.text)
    RCC_IRQHandler                           0x080001c7   Thumb Code     0  startup_stm32g030xx.o(.text)
    RTC_TAMP_IRQHandler                      0x080001c7   Thumb Code     0  startup_stm32g030xx.o(.text)
    SPI1_IRQHandler                          0x080001c7   Thumb Code     0  startup_stm32g030xx.o(.text)
    SPI2_IRQHandler                          0x080001c7   Thumb Code     0  startup_stm32g030xx.o(.text)
    TIM14_IRQHandler                         0x080001c7   Thumb Code     0  startup_stm32g030xx.o(.text)
    TIM16_IRQHandler                         0x080001c7   Thumb Code     0  startup_stm32g030xx.o(.text)
    TIM17_IRQHandler                         0x080001c7   Thumb Code     0  startup_stm32g030xx.o(.text)
    TIM1_BRK_UP_TRG_COM_IRQHandler           0x080001c7   Thumb Code     0  startup_stm32g030xx.o(.text)
    TIM1_CC_IRQHandler                       0x080001c7   Thumb Code     0  startup_stm32g030xx.o(.text)
    USART1_IRQHandler                        0x080001c7   Thumb Code     0  startup_stm32g030xx.o(.text)
    USART2_IRQHandler                        0x080001c7   Thumb Code     0  startup_stm32g030xx.o(.text)
    WWDG_IRQHandler                          0x080001c7   Thumb Code     0  startup_stm32g030xx.o(.text)
    __user_initial_stackheap                 0x080001c9   Thumb Code     0  startup_stm32g030xx.o(.text)
    __2sprintf                               0x080001ed   Thumb Code    36  noretval__2sprintf.o(.text)
    _printf_int_dec                          0x08000215   Thumb Code    90  _printf_dec.o(.text)
    __printf                                 0x08000281   Thumb Code   270  __printf_wp.o(.text)
    _memset_w                                0x0800038f   Thumb Code    26  rt_memclr.o(.text)
    _memset                                  0x080003a9   Thumb Code    30  rt_memclr.o(.text)
    __aeabi_memclr                           0x080003c7   Thumb Code     4  rt_memclr.o(.text)
    __rt_memclr                              0x080003c7   Thumb Code     0  rt_memclr.o(.text)
    __aeabi_memclr4                          0x080003cb   Thumb Code     0  rt_memclr.o(.text)
    __aeabi_memclr8                          0x080003cb   Thumb Code     0  rt_memclr.o(.text)
    __rt_memclr_w                            0x080003cb   Thumb Code     4  rt_memclr.o(.text)
    __aeabi_uidivmod                         0x080003d1   Thumb Code    28  aeabi_sdivfast.o(.text)
    __aeabi_idivmod                          0x080003ed   Thumb Code   472  aeabi_sdivfast.o(.text)
    __use_two_region_memory                  0x080005c9   Thumb Code     2  heapauxi.o(.text)
    __rt_heap_escrow$2region                 0x080005cb   Thumb Code     2  heapauxi.o(.text)
    __rt_heap_expand$2region                 0x080005cd   Thumb Code     2  heapauxi.o(.text)
    __aeabi_ddiv                             0x080005d1   Thumb Code     0  ddiv.o(.text)
    _ddiv                                    0x080005d1   Thumb Code  1072  ddiv.o(.text)
    _drdiv                                   0x08000a01   Thumb Code    20  ddiv.o(.text)
    __aeabi_d2iz                             0x08000a19   Thumb Code     0  dfixi.o(.text)
    _dfix                                    0x08000a19   Thumb Code    98  dfixi.o(.text)
    __aeabi_i2d_normalise                    0x08000a85   Thumb Code    66  dflti.o(.text)
    __aeabi_i2d                              0x08000ac7   Thumb Code    16  dflti.o(.text)
    _dflt                                    0x08000ac7   Thumb Code     0  dflti.o(.text)
    __aeabi_ui2d                             0x08000ad7   Thumb Code     6  dflti.o(.text)
    _dfltu                                   0x08000ad7   Thumb Code     0  dflti.o(.text)
    __aeabi_dmul                             0x08000add   Thumb Code     0  dmul.o(.text)
    _dmul                                    0x08000add   Thumb Code   558  dmul.o(.text)
    __aeabi_f2d                              0x08000d25   Thumb Code     0  f2d.o(.text)
    _f2d                                     0x08000d25   Thumb Code    80  f2d.o(.text)
    __aeabi_fdiv                             0x08000d79   Thumb Code     0  fdiv.o(.text)
    _fdiv                                    0x08000d79   Thumb Code   334  fdiv.o(.text)
    _frdiv                                   0x08000ec7   Thumb Code     8  fdiv.o(.text)
    __aeabi_i2f_normalise                    0x08000ed9   Thumb Code    72  fflti.o(.text)
    __aeabi_i2f                              0x08000f21   Thumb Code    16  fflti.o(.text)
    _fflt                                    0x08000f21   Thumb Code     0  fflti.o(.text)
    __aeabi_ui2f                             0x08000f31   Thumb Code     6  fflti.o(.text)
    _ffltu                                   0x08000f31   Thumb Code     0  fflti.o(.text)
    _printf_int_common                       0x08000f37   Thumb Code   176  _printf_intcommon.o(.text)
    _printf_fp_dec_real                      0x08001185   Thumb Code   620  _printf_fp_dec.o(.text)
    _printf_char_common                      0x08001407   Thumb Code    32  _printf_char_common.o(.text)
    _sputc                                   0x0800142d   Thumb Code    10  _sputc.o(.text)
    __rt_udiv10                              0x08001437   Thumb Code    40  rtudiv10.o(.text)
    __rt_locale                              0x08001461   Thumb Code     8  rt_locale_intlibspace.o(.text)
    _ll_udiv10                               0x08001469   Thumb Code   122  lludiv10.o(.text)
    _printf_fp_infnan                        0x080014e5   Thumb Code   120  _printf_fp_infnan.o(.text)
    _btod_etento                             0x0800156d   Thumb Code   210  bigflt0.o(.text)
    _btod_d2e                                0x08001645   Thumb Code    64  btod.o(.text)
    _btod_emul                               0x08001a79   Thumb Code    28  btod.o(.text)
    _btod_emuld                              0x08001a95   Thumb Code   144  btod.o(.text)
    _btod_ediv                               0x08001b25   Thumb Code    26  btod.o(.text)
    _btod_edivd                              0x08001b3f   Thumb Code   124  btod.o(.text)
    __user_libspace                          0x08001bc5   Thumb Code     8  libspace.o(.text)
    __user_perproc_libspace                  0x08001bc5   Thumb Code     0  libspace.o(.text)
    __user_perthread_libspace                0x08001bc5   Thumb Code     0  libspace.o(.text)
    __user_setup_stackheap                   0x08001bcd   Thumb Code    62  sys_stackheap_outer.o(.text)
    exit                                     0x08001c0b   Thumb Code    16  exit.o(.text)
    strcmp                                   0x08001c1d   Thumb Code   176  strcmpv6m.o(.text)
    _sys_exit                                0x08001ccd   Thumb Code     8  sys_exit.o(.text)
    __I$use$semihosting                      0x08001cd9   Thumb Code     0  use_no_semi.o(.text)
    __use_no_semihosting_swi                 0x08001cd9   Thumb Code     2  use_no_semi.o(.text)
    __semihosting_library_function           0x08001cdb   Thumb Code     0  indicate_semi.o(.text)
    AD9833_WaveSet                           0x08001cdd   Thumb Code   476  main.o(.text.AD9833_WaveSet)
    ADC_Disable                              0x08001f71   Thumb Code   100  stm32g0xx_hal_adc.o(.text.ADC_Disable)
    ADC_Enable                               0x08001fd5   Thumb Code   192  stm32g0xx_hal_adc.o(.text.ADC_Enable)
    DMA1_Channel1_IRQHandler                 0x080020a5   Thumb Code    12  stm32g0xx_it.o(.text.DMA1_Channel1_IRQHandler)
    Error_Handler                            0x080020b5   Thumb Code     8  main.o(.text.Error_Handler)
    HAL_ADCEx_Calibration_Start              0x080020bd   Thumb Code  1144  stm32g0xx_hal_adc_ex.o(.text.HAL_ADCEx_Calibration_Start)
    HAL_ADC_ConfigChannel                    0x08002539   Thumb Code   644  stm32g0xx_hal_adc.o(.text.HAL_ADC_ConfigChannel)
    HAL_ADC_ConvCpltCallback                 0x080027e1   Thumb Code     2  stm32g0xx_hal_adc.o(.text.HAL_ADC_ConvCpltCallback)
    HAL_ADC_ConvHalfCpltCallback             0x080027e3   Thumb Code     2  stm32g0xx_hal_adc.o(.text.HAL_ADC_ConvHalfCpltCallback)
    HAL_ADC_ErrorCallback                    0x080027e5   Thumb Code     2  stm32g0xx_hal_adc.o(.text.HAL_ADC_ErrorCallback)
    HAL_ADC_Init                             0x080027e9   Thumb Code   556  stm32g0xx_hal_adc.o(.text.HAL_ADC_Init)
    HAL_ADC_MspInit                          0x08002a2d   Thumb Code   144  adc.o(.text.HAL_ADC_MspInit)
    HAL_ADC_Start_DMA                        0x08002acd   Thumb Code   156  stm32g0xx_hal_adc.o(.text.HAL_ADC_Start_DMA)
    HAL_DMA_IRQHandler                       0x08002b7d   Thumb Code   224  stm32g0xx_hal_dma.o(.text.HAL_DMA_IRQHandler)
    HAL_DMA_Init                             0x08002c5d   Thumb Code   236  stm32g0xx_hal_dma.o(.text.HAL_DMA_Init)
    HAL_DMA_Start_IT                         0x08002d5d   Thumb Code   200  stm32g0xx_hal_dma.o(.text.HAL_DMA_Start_IT)
    HAL_Delay                                0x08002e29   Thumb Code    32  stm32g0xx_hal.o(.text.HAL_Delay)
    HAL_GPIO_Init                            0x08002e4d   Thumb Code   384  stm32g0xx_hal_gpio.o(.text.HAL_GPIO_Init)
    HAL_GetTick                              0x08002fe1   Thumb Code     8  stm32g0xx_hal.o(.text.HAL_GetTick)
    HAL_I2CEx_ConfigAnalogFilter             0x08002fe9   Thumb Code    66  stm32g0xx_hal_i2c_ex.o(.text.HAL_I2CEx_ConfigAnalogFilter)
    HAL_I2CEx_ConfigDigitalFilter            0x0800302b   Thumb Code    66  stm32g0xx_hal_i2c_ex.o(.text.HAL_I2CEx_ConfigDigitalFilter)
    HAL_I2C_Init                             0x0800306d   Thumb Code   172  stm32g0xx_hal_i2c.o(.text.HAL_I2C_Init)
    HAL_I2C_Master_Transmit                  0x08003121   Thumb Code   536  stm32g0xx_hal_i2c.o(.text.HAL_I2C_Master_Transmit)
    HAL_I2C_MspInit                          0x08003349   Thumb Code    92  i2c.o(.text.HAL_I2C_MspInit)
    HAL_IncTick                              0x080033b1   Thumb Code    16  stm32g0xx_hal.o(.text.HAL_IncTick)
    HAL_Init                                 0x080033c5   Thumb Code    40  stm32g0xx_hal.o(.text.HAL_Init)
    HAL_InitTick                             0x080033f1   Thumb Code    64  stm32g0xx_hal.o(.text.HAL_InitTick)
    HAL_MspInit                              0x08003439   Thumb Code    40  stm32g0xx_hal_msp.o(.text.HAL_MspInit)
    HAL_NVIC_EnableIRQ                       0x08003465   Thumb Code    20  stm32g0xx_hal_cortex.o(.text.HAL_NVIC_EnableIRQ)
    HAL_NVIC_SetPriority                     0x0800347d   Thumb Code    48  stm32g0xx_hal_cortex.o(.text.HAL_NVIC_SetPriority)
    HAL_SYSTICK_Config                       0x080034b5   Thumb Code    40  stm32g0xx_hal_cortex.o(.text.HAL_SYSTICK_Config)
    HardFault_Handler                        0x080034e5   Thumb Code     2  stm32g0xx_it.o(.text.HardFault_Handler)
    LL_GPIO_Init                             0x080035ed   Thumb Code   198  stm32g0xx_ll_gpio.o(.text.LL_GPIO_Init)
    LL_SPI_Init                              0x080036b5   Thumb Code   108  stm32g0xx_ll_spi.o(.text.LL_SPI_Init)
    LL_SetSystemCoreClock                    0x08003729   Thumb Code     8  stm32g0xx_ll_utils.o(.text.LL_SetSystemCoreClock)
    LL_TIM_Init                              0x08003735   Thumb Code   120  stm32g0xx_ll_tim.o(.text.LL_TIM_Init)
    LL_mDelay                                0x080037c5   Thumb Code    64  stm32g0xx_ll_utils.o(.text.LL_mDelay)
    MX_ADC1_Init                             0x08003809   Thumb Code   156  adc.o(.text.MX_ADC1_Init)
    MX_DMA_Init                              0x080038b9   Thumb Code    44  dma.o(.text.MX_DMA_Init)
    MX_GPIO_Init                             0x080038e9   Thumb Code   124  gpio.o(.text.MX_GPIO_Init)
    MX_I2C1_Init                             0x08003965   Thumb Code    76  i2c.o(.text.MX_I2C1_Init)
    MX_SPI1_Init                             0x080039bd   Thumb Code   168  spi.o(.text.MX_SPI1_Init)
    MX_TIM1_Init                             0x08003a69   Thumb Code   100  tim.o(.text.MX_TIM1_Init)
    MX_TIM3_Init                             0x08003ad5   Thumb Code   284  tim.o(.text.MX_TIM3_Init)
    NMI_Handler                              0x08003c15   Thumb Code     2  stm32g0xx_it.o(.text.NMI_Handler)
    PendSV_Handler                           0x08003c17   Thumb Code     2  stm32g0xx_it.o(.text.PendSV_Handler)
    SVC_Handler                              0x08003c19   Thumb Code     2  stm32g0xx_it.o(.text.SVC_Handler)
    SysTick_Handler                          0x08003c1b   Thumb Code     8  stm32g0xx_it.o(.text.SysTick_Handler)
    SystemClock_Config                       0x08003c25   Thumb Code   228  main.o(.text.SystemClock_Config)
    SystemInit                               0x08003d1d   Thumb Code     2  system_stm32g0xx.o(.text.SystemInit)
    TIM3_IRQHandler                          0x08003d21   Thumb Code   112  stm32g0xx_it.o(.text.TIM3_IRQHandler)
    main                                     0x08003db1   Thumb Code   460  main.o(.text.main)
    u8g2_DrawHVLine                          0x08004011   Thumb Code   232  u8g2_hvline.o(.text.u8g2_DrawHVLine)
    u8g2_DrawStr                             0x080040f9   Thumb Code    12  u8g2_font.o(.text.u8g2_DrawStr)
    u8g2_FirstPage                           0x08004109   Thumb Code    42  u8g2_buffer.o(.text.u8g2_FirstPage)
    u8g2_IsIntersection                      0x08004133   Thumb Code    98  u8g2_intersection.o(.text.u8g2_IsIntersection)
    u8g2_NextPage                            0x08004195   Thumb Code    74  u8g2_buffer.o(.text.u8g2_NextPage)
    u8g2_SetBufferCurrTileRow                0x080041df   Thumb Code    26  u8g2_buffer.o(.text.u8g2_SetBufferCurrTileRow)
    u8g2_SetFont                             0x080041f9   Thumb Code   182  u8g2_font.o(.text.u8g2_SetFont)
    u8g2_SetFontDirection                    0x080042af   Thumb Code     6  u8g2_font.o(.text.u8g2_SetFontDirection)
    u8g2_SetFontMode                         0x080042b5   Thumb Code     6  u8g2_font.o(.text.u8g2_SetFontMode)
    u8g2_SetFontPosBaseline                  0x080042bd   Thumb Code     8  u8g2_font.o(.text.u8g2_SetFontPosBaseline)
    u8g2_SetupBuffer                         0x080042c9   Thumb Code    80  u8g2_setup.o(.text.u8g2_SetupBuffer)
    u8g2_Setup_ssd1306_i2c_128x64_noname_f   0x0800431d   Thumb Code    48  u8g2_d_setup.o(.text.u8g2_Setup_ssd1306_i2c_128x64_noname_f)
    u8g2_add_vector_x                        0x08004359   Thumb Code    36  u8g2_font.o(.text.u8g2_add_vector_x)
    u8g2_add_vector_y                        0x0800437d   Thumb Code    36  u8g2_font.o(.text.u8g2_add_vector_y)
    u8g2_draw_hv_line_2dir                   0x080043a1   Thumb Code    22  u8g2_hvline.o(.text.u8g2_draw_hv_line_2dir)
    u8g2_draw_l90_r0                         0x080043b7   Thumb Code    16  u8g2_setup.o(.text.u8g2_draw_l90_r0)
    u8g2_font_calc_vref_font                 0x080044c5   Thumb Code     4  u8g2_font.o(.text.u8g2_font_calc_vref_font)
    u8g2_font_decode_glyph                   0x080044c9   Thumb Code   716  u8g2_font.o(.text.u8g2_font_decode_glyph)
    u8g2_font_decode_len                     0x08004795   Thumb Code   272  u8g2_font.o(.text.u8g2_font_decode_len)
    u8g2_font_get_glyph_data                 0x080048a5   Thumb Code   228  u8g2_font.o(.text.u8g2_font_get_glyph_data)
    u8g2_ll_hvline_vertical_top_lsb          0x08004997   Thumb Code   550  u8g2_ll_hvline.o(.text.u8g2_ll_hvline_vertical_top_lsb)
    u8g2_m_16_8_f                            0x08004bbd   Thumb Code     8  u8g2_d_memory.o(.text.u8g2_m_16_8_f)
    u8g2_update_dimension_r0                 0x08004c1d   Thumb Code    52  u8g2_setup.o(.text.u8g2_update_dimension_r0)
    u8g2_update_page_win_r0                  0x08004c51   Thumb Code    98  u8g2_setup.o(.text.u8g2_update_page_win_r0)
    u8x8_DrawTile                            0x08004cb3   Thumb Code    30  u8x8_display.o(.text.u8x8_DrawTile)
    u8x8_InitDisplay                         0x08004cd1   Thumb Code    14  u8x8_display.o(.text.u8x8_InitDisplay)
    u8x8_RefreshDisplay                      0x08004cdf   Thumb Code    14  u8x8_display.o(.text.u8x8_RefreshDisplay)
    u8x8_SetPowerSave                        0x08004ced   Thumb Code    14  u8x8_display.o(.text.u8x8_SetPowerSave)
    u8x8_Setup                               0x08004cfb   Thumb Code    38  u8x8_setup.o(.text.u8x8_Setup)
    u8x8_SetupMemory                         0x08004d21   Thumb Code    14  u8x8_display.o(.text.u8x8_SetupMemory)
    u8x8_ascii_next                          0x08004d31   Thumb Code    16  u8x8_8x8.o(.text.u8x8_ascii_next)
    u8x8_byte_EndTransfer                    0x08004d45   Thumb Code    14  u8x8_byte.o(.text.u8x8_byte_EndTransfer)
    u8x8_byte_SendByte                       0x08004d53   Thumb Code    18  u8x8_byte.o(.text.u8x8_byte_SendByte)
    u8x8_byte_SendBytes                      0x08004d65   Thumb Code    14  u8x8_byte.o(.text.u8x8_byte_SendBytes)
    u8x8_byte_StartTransfer                  0x08004d73   Thumb Code    14  u8x8_byte.o(.text.u8x8_byte_StartTransfer)
    u8x8_byte_hw_i2c                         0x08004d81   Thumb Code   188  oled_driver.o(.text.u8x8_byte_hw_i2c)
    u8x8_cad_EndTransfer                     0x08004e49   Thumb Code    14  u8x8_cad.o(.text.u8x8_cad_EndTransfer)
    u8x8_cad_SendArg                         0x08004e57   Thumb Code    14  u8x8_cad.o(.text.u8x8_cad_SendArg)
    u8x8_cad_SendCmd                         0x08004e65   Thumb Code    14  u8x8_cad.o(.text.u8x8_cad_SendCmd)
    u8x8_cad_SendData                        0x08004e73   Thumb Code    14  u8x8_cad.o(.text.u8x8_cad_SendData)
    u8x8_cad_SendSequence                    0x08004e81   Thumb Code   108  u8x8_cad.o(.text.u8x8_cad_SendSequence)
    u8x8_cad_StartTransfer                   0x08004eed   Thumb Code    14  u8x8_cad.o(.text.u8x8_cad_StartTransfer)
    u8x8_cad_ssd13xx_fast_i2c                0x08004efd   Thumb Code   436  u8x8_cad.o(.text.u8x8_cad_ssd13xx_fast_i2c)
    u8x8_d_helper_display_init               0x080050b5   Thumb Code   106  u8x8_display.o(.text.u8x8_d_helper_display_init)
    u8x8_d_helper_display_setup_memory       0x0800511f   Thumb Code    10  u8x8_display.o(.text.u8x8_d_helper_display_setup_memory)
    u8x8_d_ssd1306_128x64_noname             0x08005129   Thumb Code    64  u8x8_d_ssd1306_128x64_noname.o(.text.u8x8_d_ssd1306_128x64_noname)
    u8x8_gpio_and_delay_hw                   0x08005251   Thumb Code   218  oled_driver.o(.text.u8x8_gpio_and_delay_hw)
    u8x8_gpio_call                           0x0800532b   Thumb Code    10  u8x8_gpio.o(.text.u8x8_gpio_call)
    u8x8_utf8_init                           0x08005361   Thumb Code     8  u8x8_8x8.o(.text.u8x8_utf8_init)
    __aeabi_uidiv                            0x08005369   Thumb Code    68  aeabi_sdivfast.o(.text_divfast)
    __aeabi_idiv                             0x080053ad   Thumb Code   434  aeabi_sdivfast.o(.text_divfast)
    __ARM_common_ll_muluu                    0x0800555f   Thumb Code    48  btod.o(i.__ARM_common_ll_muluu)
    __ARM_fpclassify                         0x08005591   Thumb Code    40  fpclassify.o(i.__ARM_fpclassify)
    _is_digit                                0x080055bd   Thumb Code    14  __printf_wp.o(i._is_digit)
    _get_lc_numeric                          0x080055cd   Thumb Code    44  lc_numeric_c.o(locale$$code)
    _printf_fp_dec                           0x080055f9   Thumb Code    16  printf1.o(x$fpl$printf1)
    __I$use$fp                               0x08005608   Number         0  usenofp.o(x$fpl$usenofp)
    u8g2_cb_r0                               0x0800575c   Data          12  u8g2_setup.o(.rodata.u8g2_cb_r0)
    u8g2_font_9x15_te                        0x08005768   Data        9690  u8g2_fonts.o(.rodata.u8g2_font_9x15_te)
    Region$$Table$$Base                      0x08007da8   Number         0  anon$$obj.o(Region$$Table)
    Region$$Table$$Limit                     0x08007dc8   Number         0  anon$$obj.o(Region$$Table)
    AD9833_freq                              0x20000000   Data           4  main.o(.data.AD9833_freq)
    SystemCoreClock                          0x20000004   Data           4  system_stm32g0xx.o(.data.SystemCoreClock)
    uwTickFreq                               0x20000008   Data           1  stm32g0xx_hal.o(.data.uwTickFreq)
    uwTickPrio                               0x2000000c   Data           4  stm32g0xx_hal.o(.data.uwTickPrio)
    __libspace_start                         0x20000010   Data          96  libspace.o(.bss)
    FlowRate                                 0x20000070   Data           4  main.o(.bss.FlowRate)
    __temporary_stack_top$libspace           0x20000070   Data           0  libspace.o(.bss)
    PWM1_D_Count                             0x20000074   Data           2  main.o(.bss.PWM1_D_Count)
    PWM1_Duty                                0x20000078   Data           4  main.o(.bss.PWM1_Duty)
    PWM1_Freq                                0x2000007c   Data           4  main.o(.bss.PWM1_Freq)
    PWM1_T_Count                             0x20000080   Data           2  main.o(.bss.PWM1_T_Count)
    adc_buf                                  0x20000082   Data           6  main.o(.bss.adc_buf)
    chip_temp                                0x20000088   Data           2  main.o(.bss.chip_temp)
    cur_adc                                  0x2000008a   Data           2  main.o(.bss.cur_adc)
    hadc1                                    0x2000008c   Data         100  adc.o(.bss.hadc1)
    hdma_adc1                                0x200000f0   Data          92  adc.o(.bss.hdma_adc1)
    hi2c1                                    0x2000014c   Data          84  i2c.o(.bss.hi2c1)
    ra_adc                                   0x200001a0   Data           2  main.o(.bss.ra_adc)
    sprintf_tmp                              0x200001a2   Data          16  main.o(.bss.sprintf_tmp)
    uwTick                                   0x2000066c   Data           4  stm32g0xx_hal.o(.bss.uwTick)



==============================================================================

Memory Map of the image

  Image Entry point : 0x080000c1

  Load Region LR_IROM1 (Base: 0x08000000, Size: 0x00007df8, Max: 0x00008000, ABSOLUTE)

    Execution Region ER_IROM1 (Exec base: 0x08000000, Load base: 0x08000000, Size: 0x00007de4, Max: 0x00008000, ABSOLUTE)

    Exec Addr    Load Addr    Size         Type   Attr      Idx    E Section Name        Object

    0x08000000   0x08000000   0x000000c0   Data   RO            3    RESET               startup_stm32g030xx.o
    0x080000c0   0x080000c0   0x00000008   Code   RO         4229  * !!!main             c_p.l(__main.o)
    0x080000c8   0x080000c8   0x00000054   Code   RO         4471    !!!scatter          c_p.l(__scatter.o)
    0x0800011c   0x0800011c   0x0000001a   Code   RO         4475    !!handler_copy      c_p.l(__scatter_copy.o)
    0x08000136   0x08000136   0x00000002   PAD
    0x08000138   0x08000138   0x00000002   Code   RO         4472    !!handler_null      c_p.l(__scatter.o)
    0x0800013a   0x0800013a   0x00000002   PAD
    0x0800013c   0x0800013c   0x0000001c   Code   RO         4477    !!handler_zi        c_p.l(__scatter_zi.o)
    0x08000158   0x08000158   0x00000002   Code   RO         4214    .ARM.Collect$$_printf_percent$$00000000  c_p.l(_printf_percent.o)
    0x0800015a   0x0800015a   0x0000000a   Code   RO         4213    .ARM.Collect$$_printf_percent$$00000003  c_p.l(_printf_f.o)
    0x08000164   0x08000164   0x0000000a   Code   RO         4211    .ARM.Collect$$_printf_percent$$00000009  c_p.l(_printf_d.o)
    0x0800016e   0x0800016e   0x0000000a   Code   RO         4212    .ARM.Collect$$_printf_percent$$0000000A  c_p.l(_printf_u.o)
    0x08000178   0x08000178   0x00000004   Code   RO         4264    .ARM.Collect$$_printf_percent$$00000017  c_p.l(_printf_percent_end.o)
    0x0800017c   0x0800017c   0x00000002   Code   RO         4333    .ARM.Collect$$libinit$$00000000  c_p.l(libinit.o)
    0x0800017e   0x0800017e   0x00000000   Code   RO         4335    .ARM.Collect$$libinit$$00000002  c_p.l(libinit2.o)
    0x0800017e   0x0800017e   0x00000000   Code   RO         4337    .ARM.Collect$$libinit$$00000004  c_p.l(libinit2.o)
    0x0800017e   0x0800017e   0x00000000   Code   RO         4339    .ARM.Collect$$libinit$$00000006  c_p.l(libinit2.o)
    0x0800017e   0x0800017e   0x00000000   Code   RO         4342    .ARM.Collect$$libinit$$0000000C  c_p.l(libinit2.o)
    0x0800017e   0x0800017e   0x00000000   Code   RO         4344    .ARM.Collect$$libinit$$0000000E  c_p.l(libinit2.o)
    0x0800017e   0x0800017e   0x00000000   Code   RO         4346    .ARM.Collect$$libinit$$00000010  c_p.l(libinit2.o)
    0x0800017e   0x0800017e   0x00000006   Code   RO         4347    .ARM.Collect$$libinit$$00000011  c_p.l(libinit2.o)
    0x08000184   0x08000184   0x00000000   Code   RO         4349    .ARM.Collect$$libinit$$00000013  c_p.l(libinit2.o)
    0x08000184   0x08000184   0x00000000   Code   RO         4351    .ARM.Collect$$libinit$$00000015  c_p.l(libinit2.o)
    0x08000184   0x08000184   0x00000000   Code   RO         4353    .ARM.Collect$$libinit$$00000017  c_p.l(libinit2.o)
    0x08000184   0x08000184   0x0000000a   Code   RO         4354    .ARM.Collect$$libinit$$00000018  c_p.l(libinit2.o)
    0x0800018e   0x0800018e   0x00000000   Code   RO         4355    .ARM.Collect$$libinit$$00000019  c_p.l(libinit2.o)
    0x0800018e   0x0800018e   0x00000000   Code   RO         4357    .ARM.Collect$$libinit$$0000001B  c_p.l(libinit2.o)
    0x0800018e   0x0800018e   0x00000000   Code   RO         4359    .ARM.Collect$$libinit$$0000001D  c_p.l(libinit2.o)
    0x0800018e   0x0800018e   0x00000000   Code   RO         4361    .ARM.Collect$$libinit$$0000001F  c_p.l(libinit2.o)
    0x0800018e   0x0800018e   0x00000000   Code   RO         4363    .ARM.Collect$$libinit$$00000021  c_p.l(libinit2.o)
    0x0800018e   0x0800018e   0x00000000   Code   RO         4365    .ARM.Collect$$libinit$$00000023  c_p.l(libinit2.o)
    0x0800018e   0x0800018e   0x00000000   Code   RO         4367    .ARM.Collect$$libinit$$00000025  c_p.l(libinit2.o)
    0x0800018e   0x0800018e   0x00000000   Code   RO         4369    .ARM.Collect$$libinit$$00000027  c_p.l(libinit2.o)
    0x0800018e   0x0800018e   0x00000000   Code   RO         4373    .ARM.Collect$$libinit$$0000002E  c_p.l(libinit2.o)
    0x0800018e   0x0800018e   0x00000000   Code   RO         4375    .ARM.Collect$$libinit$$00000030  c_p.l(libinit2.o)
    0x0800018e   0x0800018e   0x00000000   Code   RO         4377    .ARM.Collect$$libinit$$00000032  c_p.l(libinit2.o)
    0x0800018e   0x0800018e   0x00000000   Code   RO         4379    .ARM.Collect$$libinit$$00000034  c_p.l(libinit2.o)
    0x0800018e   0x0800018e   0x00000002   Code   RO         4380    .ARM.Collect$$libinit$$00000035  c_p.l(libinit2.o)
    0x08000190   0x08000190   0x00000002   Code   RO         4436    .ARM.Collect$$libshutdown$$00000000  c_p.l(libshutdown.o)
    0x08000192   0x08000192   0x00000000   Code   RO         4454    .ARM.Collect$$libshutdown$$00000002  c_p.l(libshutdown2.o)
    0x08000192   0x08000192   0x00000000   Code   RO         4456    .ARM.Collect$$libshutdown$$00000004  c_p.l(libshutdown2.o)
    0x08000192   0x08000192   0x00000000   Code   RO         4459    .ARM.Collect$$libshutdown$$00000007  c_p.l(libshutdown2.o)
    0x08000192   0x08000192   0x00000000   Code   RO         4462    .ARM.Collect$$libshutdown$$0000000A  c_p.l(libshutdown2.o)
    0x08000192   0x08000192   0x00000000   Code   RO         4464    .ARM.Collect$$libshutdown$$0000000C  c_p.l(libshutdown2.o)
    0x08000192   0x08000192   0x00000000   Code   RO         4467    .ARM.Collect$$libshutdown$$0000000F  c_p.l(libshutdown2.o)
    0x08000192   0x08000192   0x00000002   Code   RO         4468    .ARM.Collect$$libshutdown$$00000010  c_p.l(libshutdown2.o)
    0x08000194   0x08000194   0x00000000   Code   RO         4249    .ARM.Collect$$rtentry$$00000000  c_p.l(__rtentry.o)
    0x08000194   0x08000194   0x00000000   Code   RO         4269    .ARM.Collect$$rtentry$$00000002  c_p.l(__rtentry2.o)
    0x08000194   0x08000194   0x00000006   Code   RO         4281    .ARM.Collect$$rtentry$$00000004  c_p.l(__rtentry4.o)
    0x0800019a   0x0800019a   0x00000000   Code   RO         4271    .ARM.Collect$$rtentry$$00000009  c_p.l(__rtentry2.o)
    0x0800019a   0x0800019a   0x00000004   Code   RO         4272    .ARM.Collect$$rtentry$$0000000A  c_p.l(__rtentry2.o)
    0x0800019e   0x0800019e   0x00000000   Code   RO         4274    .ARM.Collect$$rtentry$$0000000C  c_p.l(__rtentry2.o)
    0x0800019e   0x0800019e   0x00000008   Code   RO         4275    .ARM.Collect$$rtentry$$0000000D  c_p.l(__rtentry2.o)
    0x080001a6   0x080001a6   0x00000002   Code   RO         4382    .ARM.Collect$$rtexit$$00000000  c_p.l(rtexit.o)
    0x080001a8   0x080001a8   0x00000000   Code   RO         4401    .ARM.Collect$$rtexit$$00000002  c_p.l(rtexit2.o)
    0x080001a8   0x080001a8   0x00000004   Code   RO         4402    .ARM.Collect$$rtexit$$00000003  c_p.l(rtexit2.o)
    0x080001ac   0x080001ac   0x00000006   Code   RO         4403    .ARM.Collect$$rtexit$$00000004  c_p.l(rtexit2.o)
    0x080001b2   0x080001b2   0x00000002   PAD
    0x080001b4   0x080001b4   0x00000038   Code   RO            4    .text               startup_stm32g030xx.o
    0x080001ec   0x080001ec   0x00000028   Code   RO         4185    .text               c_p.l(noretval__2sprintf.o)
    0x08000214   0x08000214   0x0000006c   Code   RO         4189    .text               c_p.l(_printf_dec.o)
    0x08000280   0x08000280   0x0000010e   Code   RO         4199    .text               c_p.l(__printf_wp.o)
    0x0800038e   0x0800038e   0x00000040   Code   RO         4217    .text               c_p.l(rt_memclr.o)
    0x080003ce   0x080003ce   0x00000002   PAD
    0x080003d0   0x080003d0   0x000001f8   Code   RO         4219    .text               c_p.l(aeabi_sdivfast.o)
    0x080005c8   0x080005c8   0x00000006   Code   RO         4227    .text               c_p.l(heapauxi.o)
    0x080005ce   0x080005ce   0x00000002   PAD
    0x080005d0   0x080005d0   0x00000448   Code   RO         4231    .text               fz_ps.l(ddiv.o)
    0x08000a18   0x08000a18   0x0000006c   Code   RO         4234    .text               fz_ps.l(dfixi.o)
    0x08000a84   0x08000a84   0x00000058   Code   RO         4236    .text               fz_ps.l(dflti.o)
    0x08000adc   0x08000adc   0x00000248   Code   RO         4238    .text               fz_ps.l(dmul.o)
    0x08000d24   0x08000d24   0x00000054   Code   RO         4240    .text               fz_ps.l(f2d.o)
    0x08000d78   0x08000d78   0x00000160   Code   RO         4242    .text               fz_ps.l(fdiv.o)
    0x08000ed8   0x08000ed8   0x0000005e   Code   RO         4245    .text               fz_ps.l(fflti.o)
    0x08000f36   0x08000f36   0x000000b0   Code   RO         4254    .text               c_p.l(_printf_intcommon.o)
    0x08000fe6   0x08000fe6   0x00000002   PAD
    0x08000fe8   0x08000fe8   0x00000414   Code   RO         4256    .text               c_p.l(_printf_fp_dec.o)
    0x080013fc   0x080013fc   0x00000030   Code   RO         4260    .text               c_p.l(_printf_char_common.o)
    0x0800142c   0x0800142c   0x0000000a   Code   RO         4262    .text               c_p.l(_sputc.o)
    0x08001436   0x08001436   0x00000028   Code   RO         4265    .text               c_p.l(rtudiv10.o)
    0x0800145e   0x0800145e   0x00000002   PAD
    0x08001460   0x08001460   0x00000008   Code   RO         4288    .text               c_p.l(rt_locale_intlibspace.o)
    0x08001468   0x08001468   0x0000007a   Code   RO         4290    .text               c_p.l(lludiv10.o)
    0x080014e2   0x080014e2   0x00000002   PAD
    0x080014e4   0x080014e4   0x00000088   Code   RO         4292    .text               c_p.l(_printf_fp_infnan.o)
    0x0800156c   0x0800156c   0x000000d8   Code   RO         4296    .text               c_p.l(bigflt0.o)
    0x08001644   0x08001644   0x00000580   Code   RO         4299    .text               c_p.l(btod.o)
    0x08001bc4   0x08001bc4   0x00000008   Code   RO         4312    .text               c_p.l(libspace.o)
    0x08001bcc   0x08001bcc   0x0000003e   Code   RO         4315    .text               c_p.l(sys_stackheap_outer.o)
    0x08001c0a   0x08001c0a   0x00000010   Code   RO         4320    .text               c_p.l(exit.o)
    0x08001c1a   0x08001c1a   0x00000002   PAD
    0x08001c1c   0x08001c1c   0x000000b0   Code   RO         4326    .text               c_p.l(strcmpv6m.o)
    0x08001ccc   0x08001ccc   0x0000000c   Code   RO         4396    .text               c_p.l(sys_exit.o)
    0x08001cd8   0x08001cd8   0x00000002   Code   RO         4423    .text               c_p.l(use_no_semi.o)
    0x08001cda   0x08001cda   0x00000000   Code   RO         4425    .text               c_p.l(indicate_semi.o)
    0x08001cda   0x08001cda   0x00000002   PAD
    0x08001cdc   0x08001cdc   0x000001f4   Code   RO           37    .text.AD9833_WaveSet  main.o
    0x08001ed0   0x08001ed0   0x0000007c   Code   RO          240    .text.ADC_DMAConvCplt  stm32g0xx_hal_adc.o
    0x08001f4c   0x08001f4c   0x0000001a   Code   RO          244    .text.ADC_DMAError  stm32g0xx_hal_adc.o
    0x08001f66   0x08001f66   0x0000000a   Code   RO          242    .text.ADC_DMAHalfConvCplt  stm32g0xx_hal_adc.o
    0x08001f70   0x08001f70   0x00000064   Code   RO          220    .text.ADC_Disable   stm32g0xx_hal_adc.o
    0x08001fd4   0x08001fd4   0x000000d0   Code   RO          226    .text.ADC_Enable    stm32g0xx_hal_adc.o
    0x080020a4   0x080020a4   0x00000010   Code   RO          142    .text.DMA1_Channel1_IRQHandler  stm32g0xx_it.o
    0x080020b4   0x080020b4   0x00000008   Code   RO           35    .text.Error_Handler  main.o
    0x080020bc   0x080020bc   0x0000047c   Code   RO          276    .text.HAL_ADCEx_Calibration_Start  stm32g0xx_hal_adc_ex.o
    0x08002538   0x08002538   0x000002a8   Code   RO          260    .text.HAL_ADC_ConfigChannel  stm32g0xx_hal_adc.o
    0x080027e0   0x080027e0   0x00000002   Code   RO          252    .text.HAL_ADC_ConvCpltCallback  stm32g0xx_hal_adc.o
    0x080027e2   0x080027e2   0x00000002   Code   RO          258    .text.HAL_ADC_ConvHalfCpltCallback  stm32g0xx_hal_adc.o
    0x080027e4   0x080027e4   0x00000002   Code   RO          256    .text.HAL_ADC_ErrorCallback  stm32g0xx_hal_adc.o
    0x080027e6   0x080027e6   0x00000002   PAD
    0x080027e8   0x080027e8   0x00000244   Code   RO          212    .text.HAL_ADC_Init  stm32g0xx_hal_adc.o
    0x08002a2c   0x08002a2c   0x000000a0   Code   RO           73    .text.HAL_ADC_MspInit  adc.o
    0x08002acc   0x08002acc   0x000000b0   Code   RO          238    .text.HAL_ADC_Start_DMA  stm32g0xx_hal_adc.o
    0x08002b7c   0x08002b7c   0x000000e0   Code   RO          501    .text.HAL_DMA_IRQHandler  stm32g0xx_hal_dma.o
    0x08002c5c   0x08002c5c   0x00000100   Code   RO          487    .text.HAL_DMA_Init  stm32g0xx_hal_dma.o
    0x08002d5c   0x08002d5c   0x000000cc   Code   RO          493    .text.HAL_DMA_Start_IT  stm32g0xx_hal_dma.o
    0x08002e28   0x08002e28   0x00000024   Code   RO          685    .text.HAL_Delay     stm32g0xx_hal.o
    0x08002e4c   0x08002e4c   0x00000194   Code   RO          461    .text.HAL_GPIO_Init  stm32g0xx_hal_gpio.o
    0x08002fe0   0x08002fe0   0x00000008   Code   RO          677    .text.HAL_GetTick   stm32g0xx_hal.o
    0x08002fe8   0x08002fe8   0x00000042   Code   RO          912    .text.HAL_I2CEx_ConfigAnalogFilter  stm32g0xx_hal_i2c_ex.o
    0x0800302a   0x0800302a   0x00000042   Code   RO          914    .text.HAL_I2CEx_ConfigDigitalFilter  stm32g0xx_hal_i2c_ex.o
    0x0800306c   0x0800306c   0x000000b4   Code   RO          760    .text.HAL_I2C_Init  stm32g0xx_hal_i2c.o
    0x08003120   0x08003120   0x00000228   Code   RO          768    .text.HAL_I2C_Master_Transmit  stm32g0xx_hal_i2c.o
    0x08003348   0x08003348   0x00000068   Code   RO           97    .text.HAL_I2C_MspInit  i2c.o
    0x080033b0   0x080033b0   0x00000014   Code   RO          675    .text.HAL_IncTick   stm32g0xx_hal.o
    0x080033c4   0x080033c4   0x0000002c   Code   RO          665    .text.HAL_Init      stm32g0xx_hal.o
    0x080033f0   0x080033f0   0x00000048   Code   RO          667    .text.HAL_InitTick  stm32g0xx_hal.o
    0x08003438   0x08003438   0x0000002c   Code   RO          154    .text.HAL_MspInit   stm32g0xx_hal_msp.o
    0x08003464   0x08003464   0x00000018   Code   RO          625    .text.HAL_NVIC_EnableIRQ  stm32g0xx_hal_cortex.o
    0x0800347c   0x0800347c   0x00000038   Code   RO          623    .text.HAL_NVIC_SetPriority  stm32g0xx_hal_cortex.o
    0x080034b4   0x080034b4   0x00000030   Code   RO          631    .text.HAL_SYSTICK_Config  stm32g0xx_hal_cortex.o
    0x080034e4   0x080034e4   0x00000002   Code   RO          134    .text.HardFault_Handler  stm32g0xx_it.o
    0x080034e6   0x080034e6   0x00000002   PAD
    0x080034e8   0x080034e8   0x00000104   Code   RO          902    .text.I2C_IsErrorOccurred  stm32g0xx_hal_i2c.o
    0x080035ec   0x080035ec   0x000000c6   Code   RO          200    .text.LL_GPIO_Init  stm32g0xx_ll_gpio.o
    0x080036b2   0x080036b2   0x00000002   PAD
    0x080036b4   0x080036b4   0x00000074   Code   RO          934    .text.LL_SPI_Init   stm32g0xx_ll_spi.o
    0x08003728   0x08003728   0x0000000c   Code   RO          166    .text.LL_SetSystemCoreClock  stm32g0xx_ll_utils.o
    0x08003734   0x08003734   0x00000090   Code   RO          960    .text.LL_TIM_Init   stm32g0xx_ll_tim.o
    0x080037c4   0x080037c4   0x00000044   Code   RO          164    .text.LL_mDelay     stm32g0xx_ll_utils.o
    0x08003808   0x08003808   0x000000b0   Code   RO           71    .text.MX_ADC1_Init  adc.o
    0x080038b8   0x080038b8   0x00000030   Code   RO           87    .text.MX_DMA_Init   dma.o
    0x080038e8   0x080038e8   0x0000007c   Code   RO           62    .text.MX_GPIO_Init  gpio.o
    0x08003964   0x08003964   0x00000058   Code   RO           95    .text.MX_I2C1_Init  i2c.o
    0x080039bc   0x080039bc   0x000000ac   Code   RO          110    .text.MX_SPI1_Init  spi.o
    0x08003a68   0x08003a68   0x0000006c   Code   RO          120    .text.MX_TIM1_Init  tim.o
    0x08003ad4   0x08003ad4   0x00000140   Code   RO          122    .text.MX_TIM3_Init  tim.o
    0x08003c14   0x08003c14   0x00000002   Code   RO          132    .text.NMI_Handler   stm32g0xx_it.o
    0x08003c16   0x08003c16   0x00000002   Code   RO          138    .text.PendSV_Handler  stm32g0xx_it.o
    0x08003c18   0x08003c18   0x00000002   Code   RO          136    .text.SVC_Handler   stm32g0xx_it.o
    0x08003c1a   0x08003c1a   0x00000008   Code   RO          140    .text.SysTick_Handler  stm32g0xx_it.o
    0x08003c22   0x08003c22   0x00000002   PAD
    0x08003c24   0x08003c24   0x000000f8   Code   RO           29    .text.SystemClock_Config  main.o
    0x08003d1c   0x08003d1c   0x00000002   Code   RO          990    .text.SystemInit    system_stm32g0xx.o
    0x08003d1e   0x08003d1e   0x00000002   PAD
    0x08003d20   0x08003d20   0x00000090   Code   RO          144    .text.TIM3_IRQHandler  stm32g0xx_it.o
    0x08003db0   0x08003db0   0x00000260   Code   RO           27    .text.main          main.o
    0x08004010   0x08004010   0x000000e8   Code   RO         3437    .text.u8g2_DrawHVLine  u8g2_hvline.o
    0x080040f8   0x080040f8   0x00000010   Code   RO         1421    .text.u8g2_DrawStr  u8g2_font.o
    0x08004108   0x08004108   0x0000002a   Code   RO         1289    .text.u8g2_FirstPage  u8g2_buffer.o
    0x08004132   0x08004132   0x00000062   Code   RO         3466    .text.u8g2_IsIntersection  u8g2_intersection.o
    0x08004194   0x08004194   0x0000004a   Code   RO         1291    .text.u8g2_NextPage  u8g2_buffer.o
    0x080041de   0x080041de   0x0000001a   Code   RO         1287    .text.u8g2_SetBufferCurrTileRow  u8g2_buffer.o
    0x080041f8   0x080041f8   0x000000b6   Code   RO         1461    .text.u8g2_SetFont  u8g2_font.o
    0x080042ae   0x080042ae   0x00000006   Code   RO         1475    .text.u8g2_SetFontDirection  u8g2_font.o
    0x080042b4   0x080042b4   0x00000006   Code   RO         1415    .text.u8g2_SetFontMode  u8g2_font.o
    0x080042ba   0x080042ba   0x00000002   PAD
    0x080042bc   0x080042bc   0x0000000c   Code   RO         1447    .text.u8g2_SetFontPosBaseline  u8g2_font.o
    0x080042c8   0x080042c8   0x00000054   Code   RO         3571    .text.u8g2_SetupBuffer  u8g2_setup.o
    0x0800431c   0x0800431c   0x0000003c   Code   RO         1368    .text.u8g2_Setup_ssd1306_i2c_128x64_noname_f  u8g2_d_setup.o
    0x08004358   0x08004358   0x00000024   Code   RO         1399    .text.u8g2_add_vector_x  u8g2_font.o
    0x0800437c   0x0800437c   0x00000024   Code   RO         1397    .text.u8g2_add_vector_y  u8g2_font.o
    0x080043a0   0x080043a0   0x00000016   Code   RO         3435    .text.u8g2_draw_hv_line_2dir  u8g2_hvline.o
    0x080043b6   0x080043b6   0x00000010   Code   RO         3593    .text.u8g2_draw_l90_r0  u8g2_setup.o
    0x080043c6   0x080043c6   0x00000002   PAD
    0x080043c8   0x080043c8   0x000000fc   Code   RO         1423    .text.u8g2_draw_string  u8g2_font.o
    0x080044c4   0x080044c4   0x00000004   Code   RO         1445    .text.u8g2_font_calc_vref_font  u8g2_font.o
    0x080044c8   0x080044c8   0x000002cc   Code   RO         1405    .text.u8g2_font_decode_glyph  u8g2_font.o
    0x08004794   0x08004794   0x00000110   Code   RO         1401    .text.u8g2_font_decode_len  u8g2_font.o
    0x080048a4   0x080048a4   0x000000e4   Code   RO         1409    .text.u8g2_font_get_glyph_data  u8g2_font.o
    0x08004988   0x08004988   0x0000000e   Code   RO         1379    .text.u8g2_font_get_word  u8g2_font.o
    0x08004996   0x08004996   0x00000226   Code   RO         3497    .text.u8g2_ll_hvline_vertical_top_lsb  u8g2_ll_hvline.o
    0x08004bbc   0x08004bbc   0x0000000c   Code   RO         1358    .text.u8g2_m_16_8_f  u8g2_d_memory.o
    0x08004bc8   0x08004bc8   0x00000054   Code   RO         1285    .text.u8g2_send_buffer  u8g2_buffer.o
    0x08004c1c   0x08004c1c   0x00000034   Code   RO         3577    .text.u8g2_update_dimension_r0  u8g2_setup.o
    0x08004c50   0x08004c50   0x00000062   Code   RO         3579    .text.u8g2_update_page_win_r0  u8g2_setup.o
    0x08004cb2   0x08004cb2   0x0000001e   Code   RO         3903    .text.u8x8_DrawTile  u8x8_display.o
    0x08004cd0   0x08004cd0   0x0000000e   Code   RO         3909    .text.u8x8_InitDisplay  u8x8_display.o
    0x08004cde   0x08004cde   0x0000000e   Code   RO         3917    .text.u8x8_RefreshDisplay  u8x8_display.o
    0x08004cec   0x08004cec   0x0000000e   Code   RO         3911    .text.u8x8_SetPowerSave  u8x8_display.o
    0x08004cfa   0x08004cfa   0x00000026   Code   RO         4124    .text.u8x8_Setup    u8x8_setup.o
    0x08004d20   0x08004d20   0x0000000e   Code   RO         3905    .text.u8x8_SetupMemory  u8x8_display.o
    0x08004d2e   0x08004d2e   0x00000002   PAD
    0x08004d30   0x08004d30   0x00000014   Code   RO         3696    .text.u8x8_ascii_next  u8x8_8x8.o
    0x08004d44   0x08004d44   0x0000000e   Code   RO         3738    .text.u8x8_byte_EndTransfer  u8x8_byte.o
    0x08004d52   0x08004d52   0x00000012   Code   RO         3734    .text.u8x8_byte_SendByte  u8x8_byte.o
    0x08004d64   0x08004d64   0x0000000e   Code   RO         3732    .text.u8x8_byte_SendBytes  u8x8_byte.o
    0x08004d72   0x08004d72   0x0000000e   Code   RO         3736    .text.u8x8_byte_StartTransfer  u8x8_byte.o
    0x08004d80   0x08004d80   0x000000c8   Code   RO           13    .text.u8x8_byte_hw_i2c  oled_driver.o
    0x08004e48   0x08004e48   0x0000000e   Code   RO         3782    .text.u8x8_cad_EndTransfer  u8x8_cad.o
    0x08004e56   0x08004e56   0x0000000e   Code   RO         3774    .text.u8x8_cad_SendArg  u8x8_cad.o
    0x08004e64   0x08004e64   0x0000000e   Code   RO         3772    .text.u8x8_cad_SendCmd  u8x8_cad.o
    0x08004e72   0x08004e72   0x0000000e   Code   RO         3778    .text.u8x8_cad_SendData  u8x8_cad.o
    0x08004e80   0x08004e80   0x0000006c   Code   RO         3788    .text.u8x8_cad_SendSequence  u8x8_cad.o
    0x08004eec   0x08004eec   0x0000000e   Code   RO         3780    .text.u8x8_cad_StartTransfer  u8x8_cad.o
    0x08004efa   0x08004efa   0x00000002   PAD
    0x08004efc   0x08004efc   0x000001b8   Code   RO         3808    .text.u8x8_cad_ssd13xx_fast_i2c  u8x8_cad.o
    0x080050b4   0x080050b4   0x0000006a   Code   RO         3901    .text.u8x8_d_helper_display_init  u8x8_display.o
    0x0800511e   0x0800511e   0x0000000a   Code   RO         3899    .text.u8x8_d_helper_display_setup_memory  u8x8_display.o
    0x08005128   0x08005128   0x00000048   Code   RO         3853    .text.u8x8_d_ssd1306_128x64_noname  u8x8_d_ssd1306_128x64_noname.o
    0x08005170   0x08005170   0x000000e0   Code   RO         3855    .text.u8x8_d_ssd1306_sh1106_generic  u8x8_d_ssd1306_128x64_noname.o
    0x08005250   0x08005250   0x000000da   Code   RO           11    .text.u8x8_gpio_and_delay_hw  oled_driver.o
    0x0800532a   0x0800532a   0x0000000a   Code   RO         4069    .text.u8x8_gpio_call  u8x8_gpio.o
    0x08005334   0x08005334   0x0000002c   Code   RO         3806    .text.u8x8_i2c_data_transfer  u8x8_cad.o
    0x08005360   0x08005360   0x00000008   Code   RO         3694    .text.u8x8_utf8_init  u8x8_8x8.o
    0x08005368   0x08005368   0x000001f6   Code   RO         4220    .text_divfast       c_p.l(aeabi_sdivfast.o)
    0x0800555e   0x0800555e   0x00000030   Code   RO         4301    i.__ARM_common_ll_muluu  c_p.l(btod.o)
    0x0800558e   0x0800558e   0x00000002   PAD
    0x08005590   0x08005590   0x0000002c   Code   RO         4310    i.__ARM_fpclassify  m_ps.l(fpclassify.o)
    0x080055bc   0x080055bc   0x0000000e   Code   RO         4201    i._is_digit         c_p.l(__printf_wp.o)
    0x080055ca   0x080055ca   0x00000002   PAD
    0x080055cc   0x080055cc   0x0000002c   Code   RO         4306    locale$$code        c_p.l(lc_numeric_c.o)
    0x080055f8   0x080055f8   0x00000010   Code   RO         4247    x$fpl$printf1       fz_ps.l(printf1.o)
    0x08005608   0x08005608   0x00000000   Code   RO         4267    x$fpl$usenofp       fz_ps.l(usenofp.o)
    0x08005608   0x08005608   0x00000080   Data   RO         4232    .constdata          fz_ps.l(ddiv.o)
    0x08005688   0x08005688   0x00000040   Data   RO         4243    .constdata          fz_ps.l(fdiv.o)
    0x080056c8   0x080056c8   0x00000094   Data   RO         4297    .constdata          c_p.l(bigflt0.o)
    0x0800575c   0x0800575c   0x0000000c   Data   RO         3607    .rodata.u8g2_cb_r0  u8g2_setup.o
    0x08005768   0x08005768   0x000025da   Data   RO         1648    .rodata.u8g2_font_9x15_te  u8g2_fonts.o
    0x08007d42   0x08007d42   0x00000007   Data   RO         3880    .rodata.u8x8_d_ssd1306_128x64_noname_flip0_seq  u8x8_d_ssd1306_128x64_noname.o
    0x08007d49   0x08007d49   0x00000007   Data   RO         3881    .rodata.u8x8_d_ssd1306_128x64_noname_flip1_seq  u8x8_d_ssd1306_128x64_noname.o
    0x08007d50   0x08007d50   0x00000035   Data   RO         3869    .rodata.u8x8_d_ssd1306_128x64_noname_init_seq  u8x8_d_ssd1306_128x64_noname.o
    0x08007d85   0x08007d85   0x00000005   Data   RO         3878    .rodata.u8x8_d_ssd1306_128x64_noname_powersave0_seq  u8x8_d_ssd1306_128x64_noname.o
    0x08007d8a   0x08007d8a   0x00000005   Data   RO         3879    .rodata.u8x8_d_ssd1306_128x64_noname_powersave1_seq  u8x8_d_ssd1306_128x64_noname.o
    0x08007d8f   0x08007d8f   0x00000001   PAD
    0x08007d90   0x08007d90   0x00000018   Data   RO         3870    .rodata.u8x8_ssd1306_128x64_noname_display_info  u8x8_d_ssd1306_128x64_noname.o
    0x08007da8   0x08007da8   0x00000020   Data   RO         4470    Region$$Table       anon$$obj.o
    0x08007dc8   0x08007dc8   0x0000001c   Data   RO         4305    locale$$data        c_p.l(lc_numeric_c.o)


    Execution Region RW_IRAM1 (Exec base: 0x20000000, Load base: 0x08007de8, Size: 0x00000c70, Max: 0x00002000, ABSOLUTE)

    Exec Addr    Load Addr    Size         Type   Attr      Idx    E Section Name        Object

    0x20000000   0x08007de8   0x00000004   Data   RW           41    .data.AD9833_freq   main.o
    0x20000004   0x08007dec   0x00000004   Data   RW          994    .data.SystemCoreClock  system_stm32g0xx.o
    0x20000008   0x08007df0   0x00000001   Data   RW          724    .data.uwTickFreq    stm32g0xx_hal.o
    0x20000009   0x08007df1   0x00000003   PAD
    0x2000000c   0x08007df4   0x00000004   Data   RW          723    .data.uwTickPrio    stm32g0xx_hal.o
    0x20000010        -       0x00000060   Zero   RW         4313    .bss                c_p.l(libspace.o)
    0x20000070        -       0x00000004   Zero   RW           45    .bss.FlowRate       main.o
    0x20000074        -       0x00000002   Zero   RW           50    .bss.PWM1_D_Count   main.o
    0x20000076   0x08007df8   0x00000002   PAD
    0x20000078        -       0x00000004   Zero   RW           51    .bss.PWM1_Duty      main.o
    0x2000007c        -       0x00000004   Zero   RW           52    .bss.PWM1_Freq      main.o
    0x20000080        -       0x00000002   Zero   RW           49    .bss.PWM1_T_Count   main.o
    0x20000082        -       0x00000006   Zero   RW           42    .bss.adc_buf        main.o
    0x20000088        -       0x00000002   Zero   RW           47    .bss.chip_temp      main.o
    0x2000008a        -       0x00000002   Zero   RW           46    .bss.cur_adc        main.o
    0x2000008c        -       0x00000064   Zero   RW           77    .bss.hadc1          adc.o
    0x200000f0        -       0x0000005c   Zero   RW           78    .bss.hdma_adc1      adc.o
    0x2000014c        -       0x00000054   Zero   RW          101    .bss.hi2c1          i2c.o
    0x200001a0        -       0x00000002   Zero   RW           48    .bss.ra_adc         main.o
    0x200001a2        -       0x00000010   Zero   RW           44    .bss.sprintf_tmp    main.o
    0x200001b2   0x08007df8   0x00000002   PAD
    0x200001b4        -       0x00000094   Zero   RW           43    .bss.u8g2           main.o
    0x20000248        -       0x00000400   Zero   RW         1360    .bss.u8g2_m_16_8_f.buf  u8g2_d_memory.o
    0x20000648        -       0x00000001   Zero   RW           18    .bss.u8x8_byte_hw_i2c.buf_idx  oled_driver.o
    0x20000649        -       0x00000020   Zero   RW           17    .bss.u8x8_byte_hw_i2c.buffer  oled_driver.o
    0x20000669        -       0x00000001   Zero   RW         3819    .bss.u8x8_cad_ssd13xx_fast_i2c.in_transfer  u8x8_cad.o
    0x2000066a   0x08007df8   0x00000002   PAD
    0x2000066c        -       0x00000004   Zero   RW          725    .bss.uwTick         stm32g0xx_hal.o
    0x20000670        -       0x00000200   Zero   RW            2    HEAP                startup_stm32g030xx.o
    0x20000870        -       0x00000400   Zero   RW            1    STACK               startup_stm32g030xx.o


==============================================================================

Image component sizes


      Code (inc. data)   RO Data    RW Data    ZI Data      Debug   Object Name

       336         36          0          0        192       5870   adc.o
        48          4          0          0          0       1777   dma.o
       124          0          0          0          0       2688   gpio.o
       192         24          0          0         84       5692   i2c.o
      1364        192          0          4        192      15048   main.o
       418        190          0          0         33       6839   oled_driver.o
       172          4          0          0          0       3658   spi.o
        56         26        192          0       1536        588   startup_stm32g030xx.o
       180         20          0          5          4       6622   stm32g0xx_hal.o
      1910         96          0          0          0      20859   stm32g0xx_hal_adc.o
      1148         20          0          0          0      10528   stm32g0xx_hal_adc_ex.o
       128         20          0          0          0       6738   stm32g0xx_hal_cortex.o
       684         24          0          0          0       8909   stm32g0xx_hal_dma.o
       404         20          0          0          0       4680   stm32g0xx_hal_gpio.o
       992         28          0          0          0      64474   stm32g0xx_hal_i2c.o
       132          0          0          0          0       5933   stm32g0xx_hal_i2c_ex.o
        44          4          0          0          0       1225   stm32g0xx_hal_msp.o
       176         36          0          0          0       2990   stm32g0xx_it.o
       198          0          0          0          0       3924   stm32g0xx_ll_gpio.o
       116          8          0          0          0       5589   stm32g0xx_ll_spi.o
       144         24          0          0          0      13147   stm32g0xx_ll_tim.o
        80          8          0          0          0       8265   stm32g0xx_ll_utils.o
         2          0          0          4          0       1907   system_stm32g0xx.o
       428         44          0          0          0       7228   tim.o
       226          4          0          0          0       7946   u8g2_buffer.o
        12          4          0          0       1024        668   u8g2_d_memory.o
        60         12          0          0          0       4538   u8g2_d_setup.o
      1780         24          0          0          0      43404   u8g2_font.o
         0          0       9690          0          0     103508   u8g2_fonts.o
       254          0          0          0          0       8964   u8g2_hvline.o
        98          0          0          0          0       5097   u8g2_intersection.o
       550          0          0          0          0       8497   u8g2_ll_hvline.o
       250          4         12          0          0      13459   u8g2_setup.o
        28          4          0          0          0      14902   u8x8_8x8.o
        60          0          0          0          0      12060   u8x8_byte.o
       662         10          0          0          1      16706   u8x8_cad.o
       296         30        101          0          0       6825   u8x8_d_ssd1306_128x64_noname.o
       202          0          0          0          0       5062   u8x8_display.o
        10          0          0          0          0       2134   u8x8_gpio.o
        38          0          0          0          0       3252   u8x8_setup.o

    ----------------------------------------------------------------------
     14020        920      10028         16       3072     472200   Object Totals
         0          0         32          0          0          0   (incl. Generated)
        18          0          1          3          6          0   (incl. Padding)

    ----------------------------------------------------------------------

      Code (inc. data)   RO Data    RW Data    ZI Data      Debug   Library Member Name

         8          0          0          0          0         68   __main.o
       284          0          0          0          0        136   __printf_wp.o
         0          0          0          0          0          0   __rtentry.o
        12          0          0          0          0          0   __rtentry2.o
         6          0          0          0          0          0   __rtentry4.o
        86         10          0          0          0          0   __scatter.o
        26          0          0          0          0          0   __scatter_copy.o
        28          0          0          0          0          0   __scatter_zi.o
        48          6          0          0          0         88   _printf_char_common.o
        10          0          0          0          0          0   _printf_d.o
       108         18          0          0          0         76   _printf_dec.o
        10          0          0          0          0          0   _printf_f.o
      1044         12          0          0          0        116   _printf_fp_dec.o
       136         16          0          0          0         76   _printf_fp_infnan.o
       176          0          0          0          0         84   _printf_intcommon.o
         2          0          0          0          0          0   _printf_percent.o
         4          0          0          0          0          0   _printf_percent_end.o
        10          0          0          0          0          0   _printf_u.o
        10          0          0          0          0         60   _sputc.o
      1006          4          0          0          0        184   aeabi_sdivfast.o
       216          6        148          0          0         80   bigflt0.o
      1456         30          0          0          0        336   btod.o
        16          0          0          0          0         68   exit.o
         6          0          0          0          0        136   heapauxi.o
         0          0          0          0          0          0   indicate_semi.o
        44         10         28          0          0         76   lc_numeric_c.o
         2          0          0          0          0          0   libinit.o
        18          0          0          0          0          0   libinit2.o
         2          0          0          0          0          0   libshutdown.o
         2          0          0          0          0          0   libshutdown2.o
         8          4          0          0         96         68   libspace.o
       122          0          0          0          0         72   lludiv10.o
        40          4          0          0          0         84   noretval__2sprintf.o
         8          4          0          0          0         68   rt_locale_intlibspace.o
        64          0          0          0          0        108   rt_memclr.o
         2          0          0          0          0          0   rtexit.o
        10          0          0          0          0          0   rtexit2.o
        40          0          0          0          0         60   rtudiv10.o
       176          4          0          0          0         80   strcmpv6m.o
        12          4          0          0          0         60   sys_exit.o
        62          0          0          0          0         80   sys_stackheap_outer.o
         2          0          0          0          0         68   use_no_semi.o
      1096         26        128          0          0        112   ddiv.o
       108         10          0          0          0         72   dfixi.o
        88          0          0          0          0         92   dflti.o
       584         26          0          0          0         84   dmul.o
        84          4          0          0          0         60   f2d.o
       352         10         64          0          0         92   fdiv.o
        94          0          0          0          0         92   fflti.o
        16          4          0          0          0         76   printf1.o
         0          0          0          0          0          0   usenofp.o
        44          4          0          0          0         60   fpclassify.o

    ----------------------------------------------------------------------
      7812        216        368          0         96       3072   Library Totals
        24          0          0          0          0          0   (incl. Padding)

    ----------------------------------------------------------------------

      Code (inc. data)   RO Data    RW Data    ZI Data      Debug   Library Name

      5322        132        176          0         96       2332   c_p.l
      2422         80        192          0          0        680   fz_ps.l
        44          4          0          0          0         60   m_ps.l

    ----------------------------------------------------------------------
      7812        216        368          0         96       3072   Library Totals

    ----------------------------------------------------------------------

==============================================================================


      Code (inc. data)   RO Data    RW Data    ZI Data      Debug   

     21832       1136      10396         16       3168     473184   Grand Totals
     21832       1136      10396         16       3168     473184   ELF Image Totals
     21832       1136      10396         16          0          0   ROM Totals

==============================================================================

    Total RO  Size (Code + RO Data)                32228 (  31.47kB)
    Total RW  Size (RW Data + ZI Data)              3184 (   3.11kB)
    Total ROM Size (Code + RO Data + RW Data)      32244 (  31.49kB)

==============================================================================

